{
  "filters_used": [
    {
      "path": "detect_secrets.filters.allowlist.is_line_allowlisted"
    },
    {
      "filename": ".secrets.baseline",
      "path": "detect_secrets.filters.common.is_baseline_file"
    },
    {
      "min_level": 2,
      "path": "detect_secrets.filters.common.is_ignored_due_to_verification_policies"
    },
    {
      "path": "detect_secrets.filters.heuristic.is_indirect_reference"
    },
    {
      "path": "detect_secrets.filters.heuristic.is_likely_id_string"
    },
    {
      "path": "detect_secrets.filters.heuristic.is_lock_file"
    },
    {
      "path": "detect_secrets.filters.heuristic.is_not_alphanumeric_string"
    },
    {
      "path": "detect_secrets.filters.heuristic.is_potential_uuid"
    },
    {
      "path": "detect_secrets.filters.heuristic.is_prefixed_with_dollar_sign"
    },
    {
      "path": "detect_secrets.filters.heuristic.is_sequential_string"
    },
    {
      "path": "detect_secrets.filters.heuristic.is_swagger_file"
    },
    {
      "path": "detect_secrets.filters.heuristic.is_templated_secret"
    }
  ],
  "generated_at": "2026-07-28T19:55:27Z",
  "plugins_used": [
    {
      "name": "ArtifactoryDetector"
    },
    {
      "name": "AWSKeyDetector"
    },
    {
      "name": "AzureStorageKeyDetector"
    },
    {
      "limit": 4.5,
      "name": "Base64HighEntropyString"
    },
    {
      "name": "BasicAuthDetector"
    },
    {
      "name": "CloudantDetector"
    },
    {
      "name": "DiscordBotTokenDetector"
    },
    {
      "name": "GitHubTokenDetector"
    },
    {
      "name": "GitLabTokenDetector"
    },
    {
      "limit": 3.0,
      "name": "HexHighEntropyString"
    },
    {
      "name": "IbmCloudIamDetector"
    },
    {
      "name": "IbmCosHmacDetector"
    },
    {
      "name": "IPPublicDetector"
    },
    {
      "name": "JwtTokenDetector"
    },
    {
      "keyword_exclude": "",
      "name": "KeywordDetector"
    },
    {
      "name": "MailchimpDetector"
    },
    {
      "name": "NpmDetector"
    },
    {
      "name": "OpenAIDetector"
    },
    {
      "name": "PrivateKeyDetector"
    },
    {
      "name": "PypiTokenDetector"
    },
    {
      "name": "SendGridDetector"
    },
    {
      "name": "SlackDetector"
    },
    {
      "name": "SoftlayerDetector"
    },
    {
      "name": "SquareOAuthDetector"
    },
    {
      "name": "StripeDetector"
    },
    {
      "name": "TelegramBotTokenDetector"
    },
    {
      "name": "TwilioKeyDetector"
    }
  ],
  "results": {
    ".planning\\phases\\19.2-experiment-execution-and-provenance\\19.2-07-PLAN.md": [
      {
        "filename": ".planning\\phases\\19.2-experiment-execution-and-provenance\\19.2-07-PLAN.md",
        "hashed_secret": "e79c8e5b758101977df6db4240926c3041bbe2a7",
        "is_verified": false,
        "line_number": 401,
        "type": "Base64 High Entropy String"
      }
    ],
    ".planning\\phases\\19.2-experiment-execution-and-provenance\\19.2-08-PLAN.md": [
      {
        "filename": ".planning\\phases\\19.2-experiment-execution-and-provenance\\19.2-08-PLAN.md",
        "hashed_secret": "ee2008c82dc0ddad58ac15b9b972cf14185caaa7",
        "is_verified": false,
        "line_number": 367,
        "type": "Base64 High Entropy String"
      }
    ],
    ".planning\\phases\\19.2-experiment-execution-and-provenance\\19.2-10-PLAN.md": [
      {
        "filename": ".planning\\phases\\19.2-experiment-execution-and-provenance\\19.2-10-PLAN.md",
        "hashed_secret": "e79c8e5b758101977df6db4240926c3041bbe2a7",
        "is_verified": false,
        "line_number": 267,
        "type": "Base64 High Entropy String"
      }
    ],
    "docs\\tutorials\\02_synthetic_validation.ipynb": [
      {
        "filename": "docs\\tutorials\\02_synthetic_validation.ipynb",
        "hashed_secret": "fdbb84960fb0d1646802cf885461bc270040a406",
        "is_verified": false,
        "line_number": 325,
        "type": "Base64 High Entropy String"
      },
      {
        "filename": "docs\\tutorials\\02_synthetic_validation.ipynb",
        "hashed_secret": "062cefd46c7c0a265d5f323d51b0eab43cda0162",
        "is_verified": false,
        "line_number": 398,
        "type": "Base64 High Entropy String"
      },
      {
        "filename": "docs\\tutorials\\02_synthetic_validation.ipynb",
        "hashed_secret": "1b7a04a203637909ee34197962dfe0a05ce6b172",
        "is_verified": false,
        "line_number": 475,
        "type": "Base64 High Entropy String"
      },
      {
        "filename": "docs\\tutorials\\02_synthetic_validation.ipynb",
        "hashed_secret": "584b0fbb4631a24769708b3636165c37564a065d",
        "is_verified": false,
        "line_number": 708,
        "type": "Base64 High Entropy String"
      },
      {
        "filename": "docs\\tutorials\\02_synthetic_validation.ipynb",
        "hashed_secret": "30b9af345b9a44a29d3a6512cb309dc86b3107a6",
        "is_verified": false,
        "line_number": 747,
        "type": "Base64 High Entropy String"
      },
      {
        "filename": "docs\\tutorials\\02_synthetic_validation.ipynb",
        "hashed_secret": "5833e14441bb6f52759ccff023c6124ea9529e3e",
        "is_verified": false,
        "line_number": 811,
        "type": "Base64 High Entropy String"
      },
      {
        "filename": "docs\\tutorials\\02_synthetic_validation.ipynb",
        "hashed_secret": "5cae5b9c582adec92ddf1c2fbf49362c997d4dbf",
        "is_verified": false,
        "line_number": 862,
        "type": "Base64 High Entropy String"
      },
      {
        "filename": "docs\\tutorials\\02_synthetic_validation.ipynb",
        "hashed_secret": "61d33d0e38632e44da40db07a2adb9e94c69bba5",
        "is_verified": false,
        "line_number": 932,
        "type": "Base64 High Entropy String"
      },
      {
        "filename": "docs\\tutorials\\02_synthetic_validation.ipynb",
        "hashed_secret": "5ceb467d30f63683d593b7d5bdd31f6ddb7af440",
        "is_verified": false,
        "line_number": 1028,
        "type": "Base64 High Entropy String"
      },
      {
        "filename": "docs\\tutorials\\02_synthetic_validation.ipynb",
        "hashed_secret": "f14029ea61f52a71ac548b497a0abbd354640ac4",
        "is_verified": false,
        "line_number": 1086,
        "type": "Base64 High Entropy String"
      },
      {
        "filename": "docs\\tutorials\\02_synthetic_validation.ipynb",
        "hashed_secret": "03a3c7f4e3d76c3443b12e6c63e59bf1ecfe6a19",
        "is_verified": false,
        "line_number": 1150,
        "type": "Base64 High Entropy String"
      }
    ],
    "tests\\unit\\test_serialization.py": [
      {
        "filename": "tests\\unit\\test_serialization.py",
        "hashed_secret": "90bd1b48e958257948487b90bee080ba5ed00caa",
        "is_verified": false,
        "line_number": 108,
        "type": "Hex High Entropy String"
      }
    ]
  },
  "version": "1.5.0"
}
