Experiment output directory: /home/tlancaster/PycharmProjects/AquaCal/tmp/e2_rerun_mem
E2 real-rig run: using explicit config /home/tlancaster/PycharmProjects/AquaCal/aquacal_data/real-rig/real-rig/config_paper_benchmark_memory.yaml
Running full calibration pipeline from explicit config...
============================================================
AquaCal Calibration Pipeline
============================================================

[Stage 1] Intrinsic calibration (in-air)...
  Calibrating e3v8250 (1/13)...
  Calibrating e3v829d (2/13)...
  Calibrating e3v82e0 (3/13)...
  Calibrating e3v82f9 (4/13)...
  Calibrating e3v831e (5/13)...
  Calibrating e3v832e (6/13)...
  Calibrating e3v8334 (7/13)...
  Calibrating e3v83e9 (8/13)...
  Calibrating e3v83eb (9/13)...
  Calibrating e3v83ee (10/13)...
  Calibrating e3v83ef (11/13)...
  Calibrating e3v83f0 (12/13)...
  Calibrating e3v83f1 (13/13)...
  e3v8250: RMS 0.475 px
  e3v829d: RMS 0.410 px
  e3v82e0: RMS 0.480 px
  e3v82f9: RMS 0.276 px
  e3v831e: RMS 0.518 px
  e3v832e: RMS 0.500 px
  e3v8334: RMS 0.385 px
  e3v83e9: RMS 0.403 px
  e3v83eb: RMS 0.441 px
  e3v83ee: RMS 0.392 px
  e3v83ef: RMS 0.446 px
  e3v83f0: RMS 0.473 px
  e3v83f1: RMS 0.465 px
  Calibrated 13 cameras

[Detection] Detecting ChArUco in underwater videos...
  Frame 26/262 (9%)
  Frame 52/262 (19%)
  Frame 78/262 (29%)
  Frame 104/262 (39%)
  Frame 130/262 (49%)
  Frame 156/262 (59%)
  Frame 182/262 (69%)
  Frame 208/262 (79%)
  Frame 234/262 (89%)
  Frame 260/262 (99%)
  Frame 262/262 (100%)
  Found 262 usable frames

[Split] Holdout fraction: 0.2 (seed: 42)
  Calibration frames: 210
  Validation frames: 52

[Stage 2] Extrinsic initialization...
  Located e3v829d (1/12)
  Located e3v82e0 (2/12)
  Located e3v82f9 (3/12)
  Located e3v832e (4/12)
  Located e3v8334 (5/12)
  Located e3v83ef (6/12)
  Located e3v83ee (7/12)
  Located e3v83e9 (8/12)
  Located e3v831e (9/12)
  Located e3v83f0 (10/12)
  Located e3v83f1 (11/12)
  Located e3v83eb (12/12)
  Averaging poses...
  Initialized 12 camera poses
  Saved calibration_initial.json
  Saved camera_rig_initial.png

[Frame Selection] Subsampled 210 -> 200 frames for optimization

[Stage 3] Interface and pose optimization...
   Iteration     Total nfev        Cost      Cost reduction    Step norm     Optimality
       0              1         7.3660e+05                                    1.17e+07
       1              8         4.0839e+05      3.28e+05       1.01e-02       8.57e+06
       2              9         2.9721e+05      1.11e+05       2.02e-02       8.21e+06
       3             10         2.9513e+05      2.08e+03       2.03e-02       9.51e+06
       4             11         2.4816e+05      4.70e+04       5.06e-03       9.20e+06
       5             12         2.2645e+05      2.17e+04       5.06e-03       9.61e+06
       6             13         2.0046e+05      2.60e+04       5.06e-03       9.43e+06
       7             14         2.0035e+05      1.09e+02       5.06e-03       9.68e+06
       8             15         1.8278e+05      1.76e+04       1.27e-03       9.15e+06
       9             16         1.7423e+05      8.55e+03       2.53e-03       8.47e+06
      10             17         1.7269e+05      1.54e+03       2.53e-03       8.98e+06
      11             18         1.6517e+05      7.52e+03       6.33e-04       6.44e+06
      12             19         1.5956e+05      5.61e+03       1.27e-03       1.39e+06
      13             20         1.5298e+05      6.58e+03       2.53e-03       8.18e+05
      14             21         1.4208e+05      1.09e+04       5.06e-03       6.82e+05
      15             22         1.2746e+05      1.46e+04       1.01e-02       4.09e+05
      16             23         1.1074e+05      1.67e+04       2.03e-02       2.28e+05
      17             24         8.7057e+04      2.37e+04       4.05e-02       1.84e+05
      18             25         6.3360e+04      2.37e+04       8.10e-02       3.34e+05
      19             26         4.7967e+04      1.54e+04       1.62e-01       1.74e+05
      20             27         3.9164e+04      8.80e+03       3.24e-01       7.85e+05
      21             28         3.5772e+04      3.39e+03       6.46e-01       2.28e+06
      22             29         3.4351e+04      1.42e+03       6.46e-01       2.29e+06
      23             30         3.4322e+04      2.84e+01       1.52e-01       2.83e+05
      24             31         3.3661e+04      6.62e+02       3.80e-02       1.75e+05
      25             32         3.3519e+04      1.41e+02       3.80e-02       3.40e+05
      26             34         3.3164e+04      3.55e+02       2.38e-03       2.05e+05
      27             35         3.2972e+04      1.92e+02       2.38e-03       3.23e+04
      28             36         3.2837e+04      1.35e+02       4.75e-03       9.50e+03
      29             37         3.2737e+04      1.01e+02       9.51e-03       9.72e+03
      30             38         3.2582e+04      1.55e+02       1.90e-02       7.89e+03
      31             39         3.2545e+04      3.71e+01       2.42e-02       4.04e+04
      32             40         3.2532e+04      1.23e+01       5.92e-03       8.67e+02
      33             41         3.2532e+04      4.23e-02       3.86e-04       7.70e+00
      34             42         3.2532e+04      4.32e-06       5.37e-06       2.72e-02
`ftol` termination condition is satisfied.
Function evaluations 42, initial cost 7.3660e+05, final cost 3.2532e+04, first-order optimality 2.72e-02.
  Stage 3 RMS: 0.939 pixels (745.2s)
  Saved internals/calibration_stage3.json
  [Frame Rejection] No outlier frames (median=1.01 px, threshold=5.05 px). No frames dropped.
  Estimated reference camera tilt: 2.75 degrees
  Water surface Z: 0.9894 m
  Camera heights above water (h_c):
    e3v829d: cam_z=0.0000  h_c=0.9894
    e3v82e0: cam_z=-0.0001  h_c=0.9895
    e3v82f9: cam_z=0.0039  h_c=0.9856
    e3v831e: cam_z=0.0055  h_c=0.9839
    e3v832e: cam_z=0.0044  h_c=0.9850
    e3v8334: cam_z=-0.0036  h_c=0.9931
    e3v83e9: cam_z=0.0156  h_c=0.9739
    e3v83eb: cam_z=0.0136  h_c=0.9758
    e3v83ee: cam_z=-0.0256  h_c=1.0151
    e3v83ef: cam_z=0.0147  h_c=0.9747
    e3v83f0: cam_z=0.0057  h_c=0.9838
    e3v83f1: cam_z=-0.0547  h_c=1.0442
  Camera height spread: 0.0703 m

[Stage 3: intrinsic pass] Second pass, with intrinsics unlocked...
   Iteration     Total nfev        Cost      Cost reduction    Step norm     Optimality
       0              1         3.2532e+04                                    4.35e+05
       1              3         2.4051e+04      8.48e+03       4.16e+01       2.90e+06
       2              4         2.0591e+04      3.46e+03       9.23e+01       4.13e+05
       3              5         2.0127e+04      4.64e+02       3.86e+01       8.34e+05
       4              6         2.0043e+04      8.41e+01       4.06e+00       1.71e+04
       5              7         2.0041e+04      1.31e+00       2.44e+00       1.92e+03
       6              8         2.0041e+04      2.13e-01       1.29e+00       1.18e+03
       7              9         2.0041e+04      9.32e-02       8.47e-01       2.99e+02
       8             10         2.0041e+04      4.05e-02       5.49e-01       3.82e+02
       9             11         2.0041e+04      1.78e-02       3.53e-01       1.72e+02
      10             12         2.0041e+04      7.29e-03       2.42e-01       1.49e+02
      11             13         2.0041e+04      3.20e-03       1.62e-01       8.25e+01
      12             14         2.0041e+04      1.43e-03       1.08e-01       6.39e+01
      13             15         2.0041e+04      6.30e-04       7.18e-02       3.74e+01
      14             16         2.0041e+04      2.80e-04       4.78e-02       2.79e+01
      15             17         2.0041e+04      1.24e-04       3.18e-02       1.70e+01
`ftol` termination condition is satisfied.
Function evaluations 17, initial cost 3.2532e+04, final cost 2.0041e+04, first-order optimality 1.70e+01.
/home/tlancaster/PycharmProjects/AquaCal/src/aquacal/calibration/pipeline.py:1261: DegenerateObservationWarning: Stage 3's intrinsic pass finished with 194 observation(s) the refractive model could not project (corners at or above the water surface, or behind a camera). These were continued with a pinhole extension, which puts the residual on a C0-but-not-C1 kink at the refractive/pinhole boundary -- first-order optimality (16.96, termination status 2) is UNRELIABLE as a convergence measure here, and neither it nor the reprojection RMS can be trusted to judge convergence. Fix the scenario geometry so no corner sits at or above the interface; do not re-tune the solver.
  ) = joint_refinement(
  Stage 3 intrinsic pass RMS: 0.713 pixels (416.5s)
  Water surface Z (after refinement): 1.0729 m
  Camera heights above water (h_c):
    e3v829d: cam_z=0.0000  h_c=1.0729
    e3v82e0: cam_z=-0.0067  h_c=1.0796
    e3v82f9: cam_z=-0.0092  h_c=1.0821
    e3v831e: cam_z=-0.0017  h_c=1.0746
    e3v832e: cam_z=0.0019  h_c=1.0709
    e3v8334: cam_z=0.0008  h_c=1.0721
    e3v83e9: cam_z=0.0174  h_c=1.0554
    e3v83eb: cam_z=-0.0019  h_c=1.0748
    e3v83ee: cam_z=-0.0379  h_c=1.1108
    e3v83ef: cam_z=0.0061  h_c=1.0668
    e3v83f0: cam_z=0.0271  h_c=1.0457
    e3v83f1: cam_z=-0.0318  h_c=1.1047
  Camera height spread: 0.0650 m
  Saved internals/calibration_stage3_intrinsic_pass.json

[Auxiliary camera registration] Registering 1 auxiliary camera(s) via 10-DOF refinement (extrinsics plus focal length and principal point)...
  e3v8250: 189 frames, 14244 corners
   Iteration     Total nfev        Cost      Cost reduction    Step norm     Optimality
       0              1         1.3277e+05                                    3.62e+06
       1              5         7.5479e+04      5.73e+04       1.46e-01       7.68e+06
       2              7         5.4153e+04      2.13e+04       4.33e-02       5.50e+06
       3              8         3.5174e+04      1.90e+04       3.55e-02       6.39e+06
       4              9         2.1439e+04      1.37e+04       4.39e-02       5.24e+06
       5             10         1.5560e+04      5.88e+03       9.21e-02       4.15e+06
       6             11         1.2898e+04      2.66e+03       6.41e-01       4.06e+06
       7             12         1.0184e+04      2.71e+03       8.96e-01       5.54e+05
       8             13         9.9662e+03      2.18e+02       1.35e+00       8.65e+03
       9             14         9.9077e+03      5.85e+01       3.70e+00       6.91e+03
      10             15         9.8455e+03      6.22e+01       7.40e+00       2.19e+03
      11             16         9.8397e+03      5.74e+00       3.08e+00       2.02e+02
      12             17         9.8397e+03      1.07e-03       1.29e-02       4.81e-01
      13             18         9.8397e+03      1.65e-07       5.19e-04       2.18e-02
`ftol` termination condition is satisfied.
Function evaluations 18, initial cost 1.3277e+05, final cost 9.8397e+03, first-order optimality 2.18e-02.
  e3v8250: RMS 2.15 px, interface_d=1.0729m (intrinsics refined)

[Validation] Estimating board poses for held-out frames...
  Estimated 52 validation frame poses

[Validation] Computing errors on held-out data...
  Primary cameras:
    Reprojection RMS: 0.938 pixels
    3D distance error: MAE 0.26 mm, RMSE 0.68 mm (0.4% of square size)
  Auxiliary cameras:
    e3v8250: RMS 13.970 pixels

[Diagnostics] Generating report...
  Saved diagnostics to output_bench
  Discards: degenerate_observations_at_solution=194, pnp_attempts_refractive=3542, pnp_attempts_total=3542, pnp_guard_rejected=10, pose_discarded_by_consumer=10

[Save] Saving calibration result...
  Saved to output_bench/calibration.json
  Saved benchmark.json

============================================================
Calibration complete!
  Primary cameras:
    Reprojection RMS: 0.938 pixels
    3D error: MAE 0.26 mm, RMSE 0.68 mm (0.4%)
  Auxiliary cameras:
    e3v8250: RMS 13.970 pixels
============================================================
Wrote /home/tlancaster/PycharmProjects/AquaCal/tmp/e2_rerun_mem/real_rig_metrics.json
Copied /home/tlancaster/PycharmProjects/AquaCal/aquacal_data/real-rig/real-rig/output_bench/benchmark.json -> /home/tlancaster/PycharmProjects/AquaCal/tmp/e2_rerun_mem/benchmark.json
Copied /home/tlancaster/PycharmProjects/AquaCal/aquacal_data/real-rig/real-rig/output_bench/calibration.json -> /home/tlancaster/PycharmProjects/AquaCal/tmp/e2_rerun_mem/calibration.json
E2 real-rig run complete.
