Experiment output directory: C:\Users\tucke\PycharmProjects\AquaCal\.planning\probes\2026-08-18-e1-noise-axis
Stage 2: Extrinsic initialization...
Stage 3: Joint refractive optimization...
Both `ftol` and `xtol` termination conditions are satisfied.
Function evaluations 23, initial cost 4.3499e+04, final cost 9.3185e+02, first-order optimality 4.54e-04.
Stage 3's second pass: Intrinsic refinement...
`ftol` termination condition is satisfied.
Function evaluations 4, initial cost 9.3185e+02, final cost 9.3069e+02, first-order optimality 5.16e-04.
Stage 2: Extrinsic initialization...
Stage 3: Joint refractive optimization...
`ftol` termination condition is satisfied.
Function evaluations 21, initial cost 8.3585e+04, final cost 2.4435e+04, first-order optimality 3.85e+00.
Stage 3's second pass: Intrinsic refinement...
`ftol` termination condition is satisfied.
Function evaluations 14, initial cost 2.4435e+04, final cost 1.1395e+04, first-order optimality 3.40e+00.
Stage 2: Extrinsic initialization...
Stage 3: Joint refractive optimization...
`ftol` termination condition is satisfied.
Function evaluations 16, initial cost 4.0114e+04, final cost 3.6874e+03, first-order optimality 1.78e-03.
Stage 3's second pass: Intrinsic refinement...
`ftol` termination condition is satisfied.
Function evaluations 4, initial cost 3.6874e+03, final cost 3.6830e+03, first-order optimality 2.28e-03.
Stage 2: Extrinsic initialization...
Stage 3: Joint refractive optimization...
`ftol` termination condition is satisfied.
Function evaluations 23, initial cost 8.5050e+04, final cost 2.5941e+04, first-order optimality 1.39e+00.
Stage 3's second pass: Intrinsic refinement...
`ftol` termination condition is satisfied.
Function evaluations 13, initial cost 2.5941e+04, final cost 1.3501e+04, first-order optimality 5.84e+00.
Stage 2: Extrinsic initialization...
Stage 3: Joint refractive optimization...
`ftol` termination condition is satisfied.
Function evaluations 17, initial cost 4.0728e+04, final cost 9.1276e+03, first-order optimality 2.52e-03.
Stage 3's second pass: Intrinsic refinement...
`ftol` termination condition is satisfied.
Function evaluations 4, initial cost 9.1276e+03, final cost 9.1182e+03, first-order optimality 2.71e-03.
Stage 2: Extrinsic initialization...
Stage 3: Joint refractive optimization...
`ftol` termination condition is satisfied.
Function evaluations 23, initial cost 8.8053e+04, final cost 2.9052e+04, first-order optimality 5.79e+01.
Stage 3's second pass: Intrinsic refinement...
`ftol` termination condition is satisfied.
Function evaluations 12, initial cost 2.9052e+04, final cost 1.7683e+04, first-order optimality 2.16e+00.
Stage 2: Extrinsic initialization...
Stage 3: Joint refractive optimization...
`ftol` termination condition is satisfied.
Function evaluations 16, initial cost 7.0304e+04, final cost 1.6876e+04, first-order optimality 3.02e-03.
Stage 3's second pass: Intrinsic refinement...
`ftol` termination condition is satisfied.
Function evaluations 4, initial cost 1.6876e+04, final cost 1.6859e+04, first-order optimality 8.62e-02.
Stage 2: Extrinsic initialization...
Stage 3: Joint refractive optimization...
`ftol` termination condition is satisfied.
Function evaluations 17, initial cost 9.8047e+04, final cost 3.4056e+04, first-order optimality 5.48e+01.
Stage 3's second pass: Intrinsic refinement...
`ftol` termination condition is satisfied.
Function evaluations 11, initial cost 3.4056e+04, final cost 2.4040e+04, first-order optimality 2.85e+00.
Stage 2: Extrinsic initialization...
Stage 3: Joint refractive optimization...
Both `ftol` and `xtol` termination conditions are satisfied.
Function evaluations 11, initial cost 5.6181e+03, final cost 9.3157e+02, first-order optimality 5.02e-04.
Stage 3's second pass: Intrinsic refinement...
`ftol` termination condition is satisfied.
Function evaluations 4, initial cost 9.3157e+02, final cost 9.2957e+02, first-order optimality 5.04e-04.
Stage 2: Extrinsic initialization...
Stage 3: Joint refractive optimization...
`ftol` termination condition is satisfied.
Function evaluations 22, initial cost 1.0757e+05, final cost 2.9260e+04, first-order optimality 2.19e+00.
Stage 3's second pass: Intrinsic refinement...
`ftol` termination condition is satisfied.
Function evaluations 11, initial cost 2.9260e+04, final cost 1.5622e+04, first-order optimality 6.15e+01.
Stage 2: Extrinsic initialization...
Stage 3: Joint refractive optimization...
Both `ftol` and `xtol` termination conditions are satisfied.
Function evaluations 22, initial cost 3.6066e+04, final cost 3.6833e+03, first-order optimality 2.25e-03.
Stage 3's second pass: Intrinsic refinement...
`ftol` termination condition is satisfied.
Function evaluations 4, initial cost 3.6833e+03, final cost 3.6754e+03, first-order optimality 2.56e-03.
Stage 2: Extrinsic initialization...
Stage 3: Joint refractive optimization...
`ftol` termination condition is satisfied.
Function evaluations 21, initial cost 1.0922e+05, final cost 3.0625e+04, first-order optimality 4.57e+01.
Stage 3's second pass: Intrinsic refinement...
`ftol` termination condition is satisfied.
Function evaluations 11, initial cost 3.0625e+04, final cost 1.7524e+04, first-order optimality 4.37e+01.
Stage 2: Extrinsic initialization...
Stage 3: Joint refractive optimization...
`ftol` termination condition is satisfied.
Function evaluations 21, initial cost 5.1488e+04, final cost 9.1104e+03, first-order optimality 1.73e-03.
Stage 3's second pass: Intrinsic refinement...
`ftol` termination condition is satisfied.
Function evaluations 4, initial cost 9.1104e+03, final cost 9.0913e+03, first-order optimality 5.30e-03.
Stage 2: Extrinsic initialization...
Stage 3: Joint refractive optimization...
`ftol` termination condition is satisfied.
Function evaluations 25, initial cost 1.1107e+05, final cost 3.3492e+04, first-order optimality 9.61e+00.
Stage 3's second pass: Intrinsic refinement...
`ftol` termination condition is satisfied.
Function evaluations 11, initial cost 3.3492e+04, final cost 2.1329e+04, first-order optimality 1.64e+01.
Stage 2: Extrinsic initialization...
Stage 3: Joint refractive optimization...
`ftol` termination condition is satisfied.
Function evaluations 22, initial cost 7.0968e+04, final cost 1.6825e+04, first-order optimality 2.31e-03.
Stage 3's second pass: Intrinsic refinement...
`ftol` termination condition is satisfied.
Function evaluations 4, initial cost 1.6825e+04, final cost 1.6790e+04, first-order optimality 2.03e-02.
Stage 2: Extrinsic initialization...
Stage 3: Joint refractive optimization...
`ftol` termination condition is satisfied.
Function evaluations 23, initial cost 1.4221e+05, final cost 3.8161e+04, first-order optimality 3.84e+01.
Stage 3's second pass: Intrinsic refinement...
`ftol` termination condition is satisfied.
Function evaluations 11, initial cost 3.8161e+04, final cost 2.7209e+04, first-order optimality 6.44e+00.
Wrote C:\Users\tucke\PycharmProjects\AquaCal\.planning\probes\2026-08-18-e1-noise-axis\e1_seed_band_provenance.json
Wrote C:\Users\tucke\PycharmProjects\AquaCal\.planning\probes\2026-08-18-e1-noise-axis\e1_benchmark_refractive.json
Wrote C:\Users\tucke\PycharmProjects\AquaCal\.planning\probes\2026-08-18-e1-noise-axis\e1_benchmark_nonrefractive.json
