Experiment output directory: /home/tlancaster/aquacal-frozen-rerun-freeze-01/experiments/results_e4_repeat
Stage 2: Extrinsic initialization...
Stage 3: Joint refractive optimization...
`ftol` termination condition is satisfied.
Function evaluations 31, initial cost 1.8572e+05, final cost 8.5497e+03, first-order optimality 3.42e-03.
Stage 3's second pass: Intrinsic refinement...
`ftol` termination condition is satisfied.
Function evaluations 4, initial cost 8.5497e+03, final cost 8.5450e+03, first-order optimality 1.40e-03.
cell cameras_8_frames_100: status=ok
Experiment output directory: /home/tlancaster/aquacal-frozen-rerun-freeze-01/experiments/results_e4_repeat
Stage 2: Extrinsic initialization...
Stage 3: Joint refractive optimization...
`ftol` termination condition is satisfied.
Function evaluations 20, initial cost 8.7406e+04, final cost 9.2362e+03, first-order optimality 9.26e-03.
Stage 3's second pass: Intrinsic refinement...
`ftol` termination condition is satisfied.
Function evaluations 4, initial cost 9.2362e+03, final cost 9.2304e+03, first-order optimality 1.65e-03.
cell cameras_12_frames_100: status=ok
Experiment output directory: /home/tlancaster/aquacal-frozen-rerun-freeze-01/experiments/results_e4_repeat
Stage 2: Extrinsic initialization...
Stage 3: Joint refractive optimization...
`ftol` termination condition is satisfied.
Function evaluations 40, initial cost 1.6626e+05, final cost 9.8920e+03, first-order optimality 2.03e-03.
Stage 3's second pass: Intrinsic refinement...
`ftol` termination condition is satisfied.
Function evaluations 4, initial cost 9.8920e+03, final cost 9.8827e+03, first-order optimality 2.89e-03.
cell cameras_16_frames_100: status=ok
Experiment output directory: /home/tlancaster/aquacal-frozen-rerun-freeze-01/experiments/results_e4_repeat
Stage 2: Extrinsic initialization...
Stage 3: Joint refractive optimization...
`ftol` termination condition is satisfied.
Function evaluations 31, initial cost 1.8572e+05, final cost 8.5497e+03, first-order optimality 3.42e-03.
Stage 3's second pass: Intrinsic refinement...
`ftol` termination condition is satisfied.
Function evaluations 4, initial cost 8.5497e+03, final cost 8.5450e+03, first-order optimality 1.40e-03.
Overwriting existing internals artifact at /home/tlancaster/aquacal-frozen-rerun-freeze-01/experiments/results_e4_repeat/e4_cells/cameras_8_frames_100/benchmark.json (may be stale from a previous config).
cell cameras_8_frames_100: status=ok
Experiment output directory: /home/tlancaster/aquacal-frozen-rerun-freeze-01/experiments/results_e4_repeat
Stage 2: Extrinsic initialization...
Stage 3: Joint refractive optimization...
`ftol` termination condition is satisfied.
Function evaluations 20, initial cost 8.7406e+04, final cost 9.2362e+03, first-order optimality 9.26e-03.
Stage 3's second pass: Intrinsic refinement...
`ftol` termination condition is satisfied.
Function evaluations 4, initial cost 9.2362e+03, final cost 9.2304e+03, first-order optimality 1.65e-03.
Overwriting existing internals artifact at /home/tlancaster/aquacal-frozen-rerun-freeze-01/experiments/results_e4_repeat/e4_cells/cameras_12_frames_100/benchmark.json (may be stale from a previous config).
cell cameras_12_frames_100: status=ok
Experiment output directory: /home/tlancaster/aquacal-frozen-rerun-freeze-01/experiments/results_e4_repeat
Stage 2: Extrinsic initialization...
Stage 3: Joint refractive optimization...
`ftol` termination condition is satisfied.
Function evaluations 40, initial cost 1.6626e+05, final cost 9.8920e+03, first-order optimality 2.03e-03.
Stage 3's second pass: Intrinsic refinement...
`ftol` termination condition is satisfied.
Function evaluations 4, initial cost 9.8920e+03, final cost 9.8827e+03, first-order optimality 2.89e-03.
Overwriting existing internals artifact at /home/tlancaster/aquacal-frozen-rerun-freeze-01/experiments/results_e4_repeat/e4_cells/cameras_16_frames_100/benchmark.json (may be stale from a previous config).
cell cameras_16_frames_100: status=ok
