[2026-08-20T00:40:26Z] >>> STAGE 15/20: e2_band starting
[2026-08-20T00:40:26Z] e2_band: clearing experiments/results_e2_band before running (isolated dir, in-repo, outside the release tree)
Wrote /home/tlancaster/aquacal-frozen-rerun-freeze-01/experiments/results_e2_band/config_seed42.yaml
Wrote /home/tlancaster/aquacal-frozen-rerun-freeze-01/experiments/results_e2_band/config_seed43.yaml
Wrote /home/tlancaster/aquacal-frozen-rerun-freeze-01/experiments/results_e2_band/config_seed44.yaml
Wrote /home/tlancaster/aquacal-frozen-rerun-freeze-01/experiments/results_e2_band/e2_band_scope.json
[2026-08-20T00:40:26Z] e2_band: emit-band-configs exit=0
[2026-08-20T00:40:26Z] e2_band: seed 42 calibration starting (48-87 min)
Experiment output directory: /home/tlancaster/aquacal-frozen-rerun-freeze-01/experiments/results_e2_band/seed_42_e2_out
E2 real-rig run: using explicit config /home/tlancaster/aquacal-frozen-rerun-freeze-01/experiments/results_e2_band/config_seed42.yaml
Running full calibration pipeline from explicit config...
============================================================
AquaCal Calibration Pipeline
============================================================

[Stage 1] Intrinsic calibration (in-air)...
  Calibrating e3v8250 (1/13)...
  Calibrating e3v829d (2/13)...
  Calibrating e3v82e0 (3/13)...
  Calibrating e3v82f9 (4/13)...
  Calibrating e3v831e (5/13)...
  Calibrating e3v832e (6/13)...
  Calibrating e3v8334 (7/13)...
  Calibrating e3v83e9 (8/13)...
  Calibrating e3v83eb (9/13)...
  Calibrating e3v83ee (10/13)...
  Calibrating e3v83ef (11/13)...
  Calibrating e3v83f0 (12/13)...
  Calibrating e3v83f1 (13/13)...
  e3v8250: RMS 0.512 px
  e3v829d: RMS 0.414 px
  e3v82e0: RMS 0.488 px
  e3v82f9: RMS 0.287 px
  e3v831e: RMS 0.534 px
  e3v832e: RMS 0.502 px
  e3v8334: RMS 0.404 px
  e3v83e9: RMS 0.432 px
  e3v83eb: RMS 0.452 px
  e3v83ee: RMS 0.392 px
  e3v83ef: RMS 0.447 px
  e3v83f0: RMS 0.474 px
  e3v83f1: RMS 0.465 px
  Calibrated 13 cameras

[Detection] Detecting ChArUco in underwater videos...
  Frame 26/262 (9%)
  Frame 52/262 (19%)
  Frame 78/262 (29%)
  Frame 104/262 (39%)
  Frame 130/262 (49%)
  Frame 156/262 (59%)
  Frame 182/262 (69%)
  Frame 208/262 (79%)
  Frame 234/262 (89%)
  Frame 260/262 (99%)
  Frame 262/262 (100%)
  Found 262 usable frames

[Split] Holdout fraction: 0.2 (seed: 42)
  Calibration frames: 210
  Validation frames: 52

[Stage 2] Extrinsic initialization...
  Located e3v829d (1/12)
  Located e3v82e0 (2/12)
  Located e3v82f9 (3/12)
  Located e3v832e (4/12)
  Located e3v8334 (5/12)
  Located e3v83ee (6/12)
  Located e3v83ef (7/12)
  Located e3v83e9 (8/12)
  Located e3v831e (9/12)
  Located e3v83f0 (10/12)
  Located e3v83f1 (11/12)
  Located e3v83eb (12/12)
  Averaging poses...
  Initialized 12 camera poses
  Saved calibration_initial.json
  Saved camera_rig_initial.png

[Frame Selection] Subsampled 210 -> 200 frames for optimization

[Stage 3] Interface and pose optimization...
   Iteration     Total nfev        Cost      Cost reduction    Step norm     Optimality   
       0              1         7.2744e+05                                    1.17e+07    
       1              8         3.9675e+05      3.31e+05       1.01e-02       8.97e+06    
       2              9         2.9895e+05      9.78e+04       2.02e-02       9.24e+06    
       3             11         2.5154e+05      4.74e+04       5.06e-03       8.87e+06    
       4             12         2.3297e+05      1.86e+04       5.06e-03       9.34e+06    
       5             13         2.2956e+05      3.41e+03       5.06e-03       9.67e+06    
       6             14         2.1207e+05      1.75e+04       1.27e-03       8.73e+06    
       7             15         2.0341e+05      8.66e+03       2.53e-03       8.28e+06    
       8             16         1.9709e+05      6.32e+03       2.53e-03       8.42e+06    
       9             17         1.9453e+05      2.56e+03       2.53e-03       8.74e+06    
      10             18         1.8699e+05      7.54e+03       6.33e-04       6.61e+06    
      11             19         1.8027e+05      6.73e+03       1.27e-03       1.88e+06    
      12             20         1.7125e+05      9.02e+03       2.53e-03       9.93e+05    
      13             21         1.5573e+05      1.55e+04       5.06e-03       8.75e+05    
      14             22         1.3367e+05      2.21e+04       1.01e-02       6.20e+05    
      15             23         1.1271e+05      2.10e+04       2.03e-02       2.19e+05    
      16             24         8.7789e+04      2.49e+04       4.05e-02       2.01e+05    
      17             25         6.2961e+04      2.48e+04       8.10e-02       3.49e+05    
      18             26         4.7715e+04      1.52e+04       1.62e-01       2.02e+05    
      19             27         3.9556e+04      8.16e+03       3.24e-01       7.88e+05    
      20             28         3.8670e+04      8.86e+02       3.23e-01       5.72e+05    
      21             29         3.8002e+04      6.68e+02       8.10e-02       3.19e+05    
      22             31         3.6613e+04      1.39e+03       5.06e-03       2.04e+05    
      23             32         3.6271e+04      3.42e+02       5.06e-03       5.79e+04    
      24             33         3.5899e+04      3.72e+02       1.01e-02       3.12e+04    
      25             34         3.5616e+04      2.83e+02       2.02e-02       2.11e+04    
      26             35         3.5328e+04      2.87e+02       4.04e-02       8.91e+03    
      27             36         3.4826e+04      5.02e+02       8.07e-02       3.73e+04    
      28             37         3.3964e+04      8.62e+02       1.62e-01       1.50e+05    
      29             38         3.2892e+04      1.07e+03       3.23e-01       6.01e+05    
      30             39         3.2508e+04      3.84e+02       3.06e-01       5.37e+05    
      31             40         3.2429e+04      7.83e+01       1.29e-02       1.62e+03    
      32             41         3.2429e+04      3.46e-02       2.01e-03       2.41e+01    
      33             42         3.2429e+04      5.13e-05       8.52e-05       2.78e-01    
`ftol` termination condition is satisfied.
Function evaluations 42, initial cost 7.2744e+05, final cost 3.2429e+04, first-order optimality 2.78e-01.
  Stage 3 RMS: 0.928 pixels (870.6s)
  Saved internals/calibration_stage3.json
  [Frame Rejection] No outlier frames (median=0.98 px, threshold=5.00 px). No frames dropped.
  Estimated reference camera tilt: 2.77 degrees
  Water surface Z: 0.9896 m
  Camera heights above water (h_c):
    e3v829d: cam_z=0.0000  h_c=0.9896
    e3v82e0: cam_z=0.0015  h_c=0.9881
    e3v82f9: cam_z=0.0033  h_c=0.9863
    e3v831e: cam_z=0.0058  h_c=0.9839
    e3v832e: cam_z=0.0043  h_c=0.9854
    e3v8334: cam_z=0.0021  h_c=0.9876
    e3v83e9: cam_z=0.0208  h_c=0.9688
    e3v83eb: cam_z=0.0129  h_c=0.9767
    e3v83ee: cam_z=-0.0265  h_c=1.0161
    e3v83ef: cam_z=0.0140  h_c=0.9756
    e3v83f0: cam_z=0.0049  h_c=0.9847
    e3v83f1: cam_z=-0.0540  h_c=1.0437
  Camera height spread: 0.0748 m

[Stage 3: intrinsic pass] Second pass, with intrinsics unlocked...
   Iteration     Total nfev        Cost      Cost reduction    Step norm     Optimality   
       0              1         3.2429e+04                                    4.46e+05    
       1              3         2.4070e+04      8.36e+03       4.11e+01       2.66e+06    
       2              4         2.0753e+04      3.32e+03       8.91e+01       4.45e+05    
       3              5         2.0338e+04      4.15e+02       3.93e+01       1.07e+06    
       4              6         2.0233e+04      1.05e+02       3.77e+00       1.46e+04    
       5              7         2.0233e+04      7.49e-01       1.81e+00       1.09e+03    
       6              8         2.0233e+04      1.13e-01       9.03e-01       7.25e+02    
       7              9         2.0232e+04      4.39e-02       5.68e-01       1.88e+02    
       8             10         2.0232e+04      1.76e-02       3.59e-01       2.38e+02    
       9             11         2.0232e+04      6.91e-03       2.26e-01       1.01e+02    
      10             12         2.0232e+04      2.74e-03       1.43e-01       8.17e+01    
      11             13         2.0232e+04      1.10e-03       9.01e-02       4.45e+01    
      12             14         2.0232e+04      4.37e-04       5.69e-02       3.08e+01    
      13             15         2.0232e+04      1.75e-04       3.60e-02       1.84e+01    
`ftol` termination condition is satisfied.
Function evaluations 15, initial cost 3.2429e+04, final cost 2.0232e+04, first-order optimality 1.84e+01.
/home/tlancaster/aquacal-frozen-rerun-freeze-01/src/aquacal/calibration/pipeline.py:1288: DegenerateObservationWarning: Stage 3's intrinsic pass finished with 198 observation(s) the refractive model could not project -- 0.268% of the 73975 observation(s) this stage evaluated. Dominant cause: above_interface (the corner sits at or above the estimated water surface). By cause: 198 above_interface (the corner sits at or above the estimated water surface), 0 behind_camera (no pixel exists for it), 0 interface_below_camera (the estimated interface fell below an estimated camera center -- a solver-excursion convergence diagnostic, explicitly not a claim about submerged hardware). By fate: 198 were continued with the pinhole extension, which is C0 but not C1 at the refractive/pinhole boundary and carries ZERO water_z gradient -- every other parameter keeps full gradient, so those parameters still contribute to the reported optimality. (The two axes are independent decompositions of the same observations and are never additive.) At 0.268% this is a small tail below the 1% threshold, so it is reported for the record rather than as a verdict on the whole solve: the reported first-order optimality (18.39, termination status 2) is not declared unreliable on the strength of this count alone. Both readings are on the table and this library cannot tell them apart: if this is an authored scenario, the geometry is the fix -- move the board so no corner sits at or above the interface. If this is measured hardware, that fix is not available to you, and what the count does and does not invalidate is stated above, per fate.
  ) = joint_refinement(
  Stage 3 intrinsic pass RMS: 0.712 pixels (389.1s)
  Water surface Z (after refinement): 1.0738 m
  Camera heights above water (h_c):
    e3v829d: cam_z=0.0000  h_c=1.0738
    e3v82e0: cam_z=-0.0064  h_c=1.0802
    e3v82f9: cam_z=-0.0085  h_c=1.0824
    e3v831e: cam_z=0.0024  h_c=1.0714
    e3v832e: cam_z=0.0018  h_c=1.0720
    e3v8334: cam_z=0.0058  h_c=1.0681
    e3v83e9: cam_z=0.0166  h_c=1.0573
    e3v83eb: cam_z=-0.0025  h_c=1.0763
    e3v83ee: cam_z=-0.0387  h_c=1.1125
    e3v83ef: cam_z=0.0054  h_c=1.0684
    e3v83f0: cam_z=0.0267  h_c=1.0472
    e3v83f1: cam_z=-0.0307  h_c=1.1045
  Camera height spread: 0.0653 m
  Saved internals/calibration_stage3_intrinsic_pass.json

[Auxiliary camera registration] Registering 1 auxiliary camera(s) via 10-DOF refinement (extrinsics plus focal length and principal point)...
  e3v8250: 188 frames, 16006 corners
   Iteration     Total nfev        Cost      Cost reduction    Step norm     Optimality   
       0              1         1.8012e+05                                    9.34e+06    
       1              6         1.6278e+05      1.73e+04       8.33e-02       1.22e+07    
       2              8         1.0753e+05      5.52e+04       6.70e-03       7.55e+06    
       3              9         8.8344e+04      1.92e+04       1.27e-02       2.23e+06    
       4             10         8.1472e+04      6.87e+03       1.08e-02       8.39e+05    
       5             11         7.1444e+04      1.00e+04       2.24e-02       3.18e+05    
       6             12         5.2132e+04      1.93e+04       4.54e-02       4.50e+05    
       7             13         1.9612e+04      3.25e+04       1.00e-01       1.66e+06    
       8             14         1.7190e+04      2.42e+03       3.99e+00       5.60e+05    
       9             15         1.5843e+04      1.35e+03       3.78e+00       2.56e+06    
      10             16         1.3810e+04      2.03e+03       8.88e-01       5.16e+05    
      11             17         1.3516e+04      2.94e+02       2.07e+00       3.23e+04    
      12             18         1.3451e+04      6.47e+01       4.28e+00       5.29e+03    
      13             19         1.3417e+04      3.37e+01       6.75e+00       3.93e+02    
      14             20         1.3417e+04      5.26e-03       3.05e-02       1.56e+00    
      15             21         1.3417e+04      7.66e-07       9.98e-04       5.68e-02    
`ftol` termination condition is satisfied.
Function evaluations 21, initial cost 1.8012e+05, final cost 1.3417e+04, first-order optimality 5.68e-02.
  e3v8250: RMS 2.26 px, interface_d=1.0738m (intrinsics refined)

[Validation] Estimating board poses for held-out frames...
  Estimated 52 validation frame poses

[Validation] Computing errors on held-out data...
  Primary cameras:
    Reprojection RMS: 0.928 pixels
    3D distance error: MAE 0.26 mm, RMSE 0.63 mm (0.4% of square size)
  Auxiliary cameras:
    e3v8250: RMS 14.856 pixels

[Diagnostics] Generating report...
  Saved diagnostics to /home/tlancaster/aquacal-frozen-rerun-freeze-01/experiments/results_e2_band/seed_42
  Discards: degenerate_observations_at_solution=198, degenerate_observations_cause_above_interface__stage3_interface_optimization=0, degenerate_observations_cause_above_interface__stage3_intrinsic_pass=198, degenerate_observations_cause_behind_camera__stage3_interface_optimization=0, degenerate_observations_cause_behind_camera__stage3_intrinsic_pass=0, degenerate_observations_cause_interface_below_camera__stage3_interface_optimization=0, degenerate_observations_cause_interface_below_camera__stage3_intrinsic_pass=0, degenerate_observations_fate_extended__stage3_interface_optimization=0, degenerate_observations_fate_extended__stage3_intrinsic_pass=198, degenerate_observations_fate_penalized__stage3_interface_optimization=0, degenerate_observations_fate_penalized__stage3_intrinsic_pass=0, observations_evaluated__stage3_interface_optimization=73975, observations_evaluated__stage3_intrinsic_pass=73975, pnp_attempts_refractive=3548, pnp_attempts_total=3548, pnp_guard_rejected=10, pose_discarded_by_consumer=10

[Save] Saving calibration result...
  Saved to /home/tlancaster/aquacal-frozen-rerun-freeze-01/experiments/results_e2_band/seed_42/calibration.json
  Saved benchmark.json

============================================================
Calibration complete!
  Primary cameras:
    Reprojection RMS: 0.928 pixels
    3D error: MAE 0.26 mm, RMSE 0.63 mm (0.4%)
  Auxiliary cameras:
    e3v8250: RMS 14.856 pixels
============================================================
Wrote /home/tlancaster/aquacal-frozen-rerun-freeze-01/experiments/results_e2_band/seed_42_e2_out/real_rig_metrics.json
Copied /home/tlancaster/aquacal-frozen-rerun-freeze-01/experiments/results_e2_band/seed_42/benchmark.json -> /home/tlancaster/aquacal-frozen-rerun-freeze-01/experiments/results_e2_band/seed_42_e2_out/benchmark.json
Copied /home/tlancaster/aquacal-frozen-rerun-freeze-01/experiments/results_e2_band/seed_42/calibration.json -> /home/tlancaster/aquacal-frozen-rerun-freeze-01/experiments/results_e2_band/seed_42_e2_out/calibration.json
E2 real-rig run complete.
[2026-08-20T01:06:13Z] e2_band: seed 42 exit=0
[2026-08-20T01:06:13Z] e2_band: seed 43 calibration starting (48-87 min)
Experiment output directory: /home/tlancaster/aquacal-frozen-rerun-freeze-01/experiments/results_e2_band/seed_43_e2_out
E2 real-rig run: using explicit config /home/tlancaster/aquacal-frozen-rerun-freeze-01/experiments/results_e2_band/config_seed43.yaml
Running full calibration pipeline from explicit config...
============================================================
AquaCal Calibration Pipeline
============================================================

[Stage 1] Intrinsic calibration (in-air)...
  Calibrating e3v8250 (1/13)...
  Calibrating e3v829d (2/13)...
  Calibrating e3v82e0 (3/13)...
  Calibrating e3v82f9 (4/13)...
  Calibrating e3v831e (5/13)...
  Calibrating e3v832e (6/13)...
  Calibrating e3v8334 (7/13)...
  Calibrating e3v83e9 (8/13)...
  Calibrating e3v83eb (9/13)...
  Calibrating e3v83ee (10/13)...
  Calibrating e3v83ef (11/13)...
  Calibrating e3v83f0 (12/13)...
  Calibrating e3v83f1 (13/13)...
  e3v8250: RMS 0.512 px
  e3v829d: RMS 0.414 px
  e3v82e0: RMS 0.488 px
  e3v82f9: RMS 0.287 px
  e3v831e: RMS 0.534 px
  e3v832e: RMS 0.502 px
  e3v8334: RMS 0.404 px
  e3v83e9: RMS 0.432 px
  e3v83eb: RMS 0.452 px
  e3v83ee: RMS 0.392 px
  e3v83ef: RMS 0.447 px
  e3v83f0: RMS 0.474 px
  e3v83f1: RMS 0.465 px
  Calibrated 13 cameras

[Detection] Detecting ChArUco in underwater videos...
  Frame 26/262 (9%)
  Frame 52/262 (19%)
  Frame 78/262 (29%)
  Frame 104/262 (39%)
  Frame 130/262 (49%)
  Frame 156/262 (59%)
  Frame 182/262 (69%)
  Frame 208/262 (79%)
  Frame 234/262 (89%)
  Frame 260/262 (99%)
  Frame 262/262 (100%)
  Found 262 usable frames

[Split] Holdout fraction: 0.2 (seed: 43)
  Calibration frames: 210
  Validation frames: 52

[Stage 2] Extrinsic initialization...
  Located e3v829d (1/12)
  Located e3v82e0 (2/12)
  Located e3v82f9 (3/12)
  Located e3v832e (4/12)
  Located e3v8334 (5/12)
  Located e3v83ee (6/12)
  Located e3v83ef (7/12)
  Located e3v83e9 (8/12)
  Located e3v831e (9/12)
  Located e3v83f0 (10/12)
  Located e3v83f1 (11/12)
  Located e3v83eb (12/12)
  Averaging poses...
  Initialized 12 camera poses
  Saved calibration_initial.json
  Saved camera_rig_initial.png

[Frame Selection] Subsampled 210 -> 200 frames for optimization

[Stage 3] Interface and pose optimization...
   Iteration     Total nfev        Cost      Cost reduction    Step norm     Optimality   
       0              1         7.4440e+05                                    1.12e+07    
       1              8         4.1009e+05      3.34e+05       1.01e-02       8.82e+06    
       2              9         2.8680e+05      1.23e+05       2.02e-02       8.12e+06    
       3             11         2.3087e+05      5.59e+04       5.05e-03       7.86e+06    
       4             12         2.1537e+05      1.55e+04       5.05e-03       8.49e+06    
       5             14         2.0181e+05      1.36e+04       1.26e-03       3.32e+06    
       6             15         1.9143e+05      1.04e+04       2.52e-03       9.76e+05    
       7             16         1.7385e+05      1.76e+04       5.05e-03       8.69e+05    
       8             17         1.4709e+05      2.68e+04       1.01e-02       6.26e+05    
       9             18         1.2156e+05      2.55e+04       2.02e-02       9.55e+05    
      10             19         9.4847e+04      2.67e+04       4.04e-02       4.23e+05    
      11             20         6.7687e+04      2.72e+04       8.08e-02       3.41e+05    
      12             21         5.2143e+04      1.55e+04       1.62e-01       3.20e+05    
      13             24         5.0187e+04      1.96e+03       1.01e-02       3.46e+05    
      14             25         4.9491e+04      6.96e+02       1.01e-02       4.23e+05    
      15             27         4.8913e+04      5.78e+02       2.52e-03       2.08e+05    
      16             28         4.8671e+04      2.41e+02       2.52e-03       1.65e+04    
      17             29         4.8329e+04      3.42e+02       5.05e-03       1.06e+04    
      18             30         4.7704e+04      6.25e+02       1.01e-02       9.85e+03    
      19             31         4.6582e+04      1.12e+03       2.02e-02       9.33e+03    
      20             32         4.4711e+04      1.87e+03       4.04e-02       1.02e+04    
      21             33         4.2115e+04      2.60e+03       8.08e-02       4.28e+04    
      22             34         3.9501e+04      2.61e+03       1.62e-01       1.84e+05    
      23             35         3.6874e+04      2.63e+03       3.22e-01       6.03e+05    
      24             36         3.5336e+04      1.54e+03       6.44e-01       2.41e+06    
      25             37         3.3485e+04      1.85e+03       2.52e-01       2.14e+05    
      26             38         3.3440e+04      4.46e+01       5.59e-02       1.60e+04    
      27             39         3.3440e+04      2.11e-01       2.86e-03       3.77e+01    
      28             40         3.3440e+04      1.87e-04       8.32e-05       6.78e-01    
`ftol` termination condition is satisfied.
Function evaluations 40, initial cost 7.4440e+05, final cost 3.3440e+04, first-order optimality 6.78e-01.
  Stage 3 RMS: 0.942 pixels (738.6s)
  Saved internals/calibration_stage3.json
  [Frame Rejection] No outlier frames (median=0.99 px, threshold=5.00 px). No frames dropped.
  Estimated reference camera tilt: 2.77 degrees
  Water surface Z: 0.9903 m
  Camera heights above water (h_c):
    e3v829d: cam_z=0.0000  h_c=0.9903
    e3v82e0: cam_z=0.0016  h_c=0.9887
    e3v82f9: cam_z=0.0034  h_c=0.9868
    e3v831e: cam_z=0.0059  h_c=0.9844
    e3v832e: cam_z=0.0043  h_c=0.9860
    e3v8334: cam_z=0.0022  h_c=0.9880
    e3v83e9: cam_z=0.0211  h_c=0.9691
    e3v83eb: cam_z=0.0134  h_c=0.9768
    e3v83ee: cam_z=-0.0261  h_c=1.0164
    e3v83ef: cam_z=0.0145  h_c=0.9758
    e3v83f0: cam_z=0.0054  h_c=0.9849
    e3v83f1: cam_z=-0.0539  h_c=1.0442
  Camera height spread: 0.0751 m

[Stage 3: intrinsic pass] Second pass, with intrinsics unlocked...
   Iteration     Total nfev        Cost      Cost reduction    Step norm     Optimality   
       0              1         3.3440e+04                                    4.85e+05    
       1              3         2.4819e+04      8.62e+03       4.08e+01       2.55e+06    
       2              4         2.1476e+04      3.34e+03       8.75e+01       4.53e+05    
       3              5         2.0943e+04      5.34e+02       4.23e+01       1.14e+06    
       4              6         2.0825e+04      1.18e+02       4.32e+00       1.23e+04    
       5              7         2.0824e+04      9.87e-01       2.19e+00       1.12e+03    
       6              8         2.0823e+04      5.30e-02       6.10e-01       4.00e+02    
       7              9         2.0823e+04      2.02e-02       3.78e-01       1.33e+02    
       8             10         2.0823e+04      7.38e-03       2.24e-01       1.34e+02    
       9             11         2.0823e+04      2.71e-03       1.35e-01       6.53e+01    
      10             12         2.0823e+04      9.98e-04       8.19e-02       4.62e+01    
      11             13         2.0823e+04      3.66e-04       4.97e-02       2.57e+01    
      12             14         2.0823e+04      1.35e-04       3.01e-02       1.61e+01    
`ftol` termination condition is satisfied.
Function evaluations 14, initial cost 3.3440e+04, final cost 2.0823e+04, first-order optimality 1.61e+01.
/home/tlancaster/aquacal-frozen-rerun-freeze-01/src/aquacal/calibration/pipeline.py:1288: DegenerateObservationWarning: Stage 3's intrinsic pass finished with 210 observation(s) the refractive model could not project -- 0.284% of the 73887 observation(s) this stage evaluated. Dominant cause: above_interface (the corner sits at or above the estimated water surface). By cause: 210 above_interface (the corner sits at or above the estimated water surface), 0 behind_camera (no pixel exists for it), 0 interface_below_camera (the estimated interface fell below an estimated camera center -- a solver-excursion convergence diagnostic, explicitly not a claim about submerged hardware). By fate: 210 were continued with the pinhole extension, which is C0 but not C1 at the refractive/pinhole boundary and carries ZERO water_z gradient -- every other parameter keeps full gradient, so those parameters still contribute to the reported optimality. (The two axes are independent decompositions of the same observations and are never additive.) At 0.284% this is a small tail below the 1% threshold, so it is reported for the record rather than as a verdict on the whole solve: the reported first-order optimality (16.06, termination status 2) is not declared unreliable on the strength of this count alone. Both readings are on the table and this library cannot tell them apart: if this is an authored scenario, the geometry is the fix -- move the board so no corner sits at or above the interface. If this is measured hardware, that fix is not available to you, and what the count does and does not invalidate is stated above, per fate.
  ) = joint_refinement(
  Stage 3 intrinsic pass RMS: 0.728 pixels (351.2s)
  Water surface Z (after refinement): 1.0711 m
  Camera heights above water (h_c):
    e3v829d: cam_z=0.0000  h_c=1.0711
    e3v82e0: cam_z=-0.0042  h_c=1.0753
    e3v82f9: cam_z=-0.0074  h_c=1.0785
    e3v831e: cam_z=0.0066  h_c=1.0645
    e3v832e: cam_z=0.0013  h_c=1.0698
    e3v8334: cam_z=0.0095  h_c=1.0616
    e3v83e9: cam_z=0.0166  h_c=1.0545
    e3v83eb: cam_z=-0.0008  h_c=1.0719
    e3v83ee: cam_z=-0.0377  h_c=1.1088
    e3v83ef: cam_z=0.0049  h_c=1.0662
    e3v83f0: cam_z=0.0288  h_c=1.0423
    e3v83f1: cam_z=-0.0290  h_c=1.1001
  Camera height spread: 0.0664 m
  Saved internals/calibration_stage3_intrinsic_pass.json

[Auxiliary camera registration] Registering 1 auxiliary camera(s) via 10-DOF refinement (extrinsics plus focal length and principal point)...
  e3v8250: 182 frames, 15493 corners
   Iteration     Total nfev        Cost      Cost reduction    Step norm     Optimality   
       0              1         1.6208e+05                                    9.62e+06    
       1              7         1.0849e+05      5.36e+04       1.55e-02       4.93e+06    
       2              8         9.3598e+04      1.49e+04       1.34e-02       6.62e+05    
       3              9         8.1792e+04      1.18e+04       2.60e-02       3.70e+05    
       4             10         5.9422e+04      2.24e+04       5.35e-02       5.01e+05    
       5             11         2.0590e+04      3.88e+04       1.16e-01       2.53e+06    
       6             13         1.2129e+04      8.46e+03       1.89e-01       9.86e+05    
       7             14         1.1310e+04      8.19e+02       1.16e+00       1.44e+05    
       8             15         1.1189e+04      1.21e+02       2.37e+00       1.49e+04    
       9             16         1.1111e+04      7.81e+01       5.00e+00       5.21e+03    
      10             17         1.1074e+04      3.73e+01       7.15e+00       6.91e+02    
      11             18         1.1074e+04      7.92e-03       5.15e-02       1.58e+00    
      12             19         1.1074e+04      9.04e-07       1.03e-03       5.22e-02    
`ftol` termination condition is satisfied.
Function evaluations 19, initial cost 1.6208e+05, final cost 1.1074e+04, first-order optimality 5.22e-02.
  e3v8250: RMS 1.11 px, interface_d=1.0711m (intrinsics refined)

[Validation] Estimating board poses for held-out frames...
  Estimated 52 validation frame poses

[Validation] Computing errors on held-out data...
  Primary cameras:
    Reprojection RMS: 0.850 pixels
    3D distance error: MAE 0.21 mm, RMSE 0.46 mm (0.4% of square size)
  Auxiliary cameras:
    e3v8250: RMS 16.539 pixels

[Diagnostics] Generating report...
  Saved diagnostics to /home/tlancaster/aquacal-frozen-rerun-freeze-01/experiments/results_e2_band/seed_43
  Discards: degenerate_observations_at_solution=210, degenerate_observations_cause_above_interface__stage3_interface_optimization=0, degenerate_observations_cause_above_interface__stage3_intrinsic_pass=210, degenerate_observations_cause_behind_camera__stage3_interface_optimization=0, degenerate_observations_cause_behind_camera__stage3_intrinsic_pass=0, degenerate_observations_cause_interface_below_camera__stage3_interface_optimization=0, degenerate_observations_cause_interface_below_camera__stage3_intrinsic_pass=0, degenerate_observations_fate_extended__stage3_interface_optimization=0, degenerate_observations_fate_extended__stage3_intrinsic_pass=210, degenerate_observations_fate_penalized__stage3_interface_optimization=0, degenerate_observations_fate_penalized__stage3_intrinsic_pass=0, observations_evaluated__stage3_interface_optimization=73887, observations_evaluated__stage3_intrinsic_pass=73887, pnp_attempts_refractive=3572, pnp_attempts_total=3572, pnp_guard_rejected=5, pose_discarded_by_consumer=5

[Save] Saving calibration result...
  Saved to /home/tlancaster/aquacal-frozen-rerun-freeze-01/experiments/results_e2_band/seed_43/calibration.json
  Saved benchmark.json

============================================================
Calibration complete!
  Primary cameras:
    Reprojection RMS: 0.850 pixels
    3D error: MAE 0.21 mm, RMSE 0.46 mm (0.4%)
  Auxiliary cameras:
    e3v8250: RMS 16.539 pixels
============================================================
Wrote /home/tlancaster/aquacal-frozen-rerun-freeze-01/experiments/results_e2_band/seed_43_e2_out/real_rig_metrics.json
Copied /home/tlancaster/aquacal-frozen-rerun-freeze-01/experiments/results_e2_band/seed_43/benchmark.json -> /home/tlancaster/aquacal-frozen-rerun-freeze-01/experiments/results_e2_band/seed_43_e2_out/benchmark.json
Copied /home/tlancaster/aquacal-frozen-rerun-freeze-01/experiments/results_e2_band/seed_43/calibration.json -> /home/tlancaster/aquacal-frozen-rerun-freeze-01/experiments/results_e2_band/seed_43_e2_out/calibration.json
E2 real-rig run complete.
[2026-08-20T01:29:02Z] e2_band: seed 43 exit=0
[2026-08-20T01:29:02Z] e2_band: seed 44 calibration starting (48-87 min)
Experiment output directory: /home/tlancaster/aquacal-frozen-rerun-freeze-01/experiments/results_e2_band/seed_44_e2_out
E2 real-rig run: using explicit config /home/tlancaster/aquacal-frozen-rerun-freeze-01/experiments/results_e2_band/config_seed44.yaml
Running full calibration pipeline from explicit config...
============================================================
AquaCal Calibration Pipeline
============================================================

[Stage 1] Intrinsic calibration (in-air)...
  Calibrating e3v8250 (1/13)...
  Calibrating e3v829d (2/13)...
  Calibrating e3v82e0 (3/13)...
  Calibrating e3v82f9 (4/13)...
  Calibrating e3v831e (5/13)...
  Calibrating e3v832e (6/13)...
  Calibrating e3v8334 (7/13)...
  Calibrating e3v83e9 (8/13)...
  Calibrating e3v83eb (9/13)...
  Calibrating e3v83ee (10/13)...
  Calibrating e3v83ef (11/13)...
  Calibrating e3v83f0 (12/13)...
  Calibrating e3v83f1 (13/13)...
  e3v8250: RMS 0.512 px
  e3v829d: RMS 0.414 px
  e3v82e0: RMS 0.488 px
  e3v82f9: RMS 0.287 px
  e3v831e: RMS 0.534 px
  e3v832e: RMS 0.502 px
  e3v8334: RMS 0.404 px
  e3v83e9: RMS 0.432 px
  e3v83eb: RMS 0.452 px
  e3v83ee: RMS 0.392 px
  e3v83ef: RMS 0.447 px
  e3v83f0: RMS 0.474 px
  e3v83f1: RMS 0.465 px
  Calibrated 13 cameras

[Detection] Detecting ChArUco in underwater videos...
  Frame 26/262 (9%)
  Frame 52/262 (19%)
  Frame 78/262 (29%)
  Frame 104/262 (39%)
  Frame 130/262 (49%)
  Frame 156/262 (59%)
  Frame 182/262 (69%)
  Frame 208/262 (79%)
  Frame 234/262 (89%)
  Frame 260/262 (99%)
  Frame 262/262 (100%)
  Found 262 usable frames

[Split] Holdout fraction: 0.2 (seed: 44)
  Calibration frames: 210
  Validation frames: 52

[Stage 2] Extrinsic initialization...
  Located e3v829d (1/12)
  Located e3v82e0 (2/12)
  Located e3v82f9 (3/12)
  Located e3v832e (4/12)
  Located e3v8334 (5/12)
  Located e3v83ee (6/12)
  Located e3v83ef (7/12)
  Located e3v83e9 (8/12)
  Located e3v831e (9/12)
  Located e3v83f1 (10/12)
  Located e3v83f0 (11/12)
  Located e3v83eb (12/12)
  Averaging poses...
  Initialized 12 camera poses
  Saved calibration_initial.json
  Saved camera_rig_initial.png

[Frame Selection] Subsampled 210 -> 200 frames for optimization

[Stage 3] Interface and pose optimization...
   Iteration     Total nfev        Cost      Cost reduction    Step norm     Optimality   
       0              1         7.0705e+05                                    1.22e+07    
       1              8         3.8774e+05      3.19e+05       1.01e-02       9.63e+06    
       2              9         3.1381e+05      7.39e+04       2.02e-02       1.01e+07    
       3             11         2.2549e+05      8.83e+04       5.06e-03       5.93e+06    
       4             12         1.8044e+05      4.50e+04       1.01e-02       3.50e+06    
       5             13         1.3842e+05      4.20e+04       2.02e-02       4.44e+06    
       6             16         1.3033e+05      8.09e+03       1.26e-03       2.36e+06    
       7             17         1.2599e+05      4.34e+03       2.53e-03       4.72e+05    
       8             18         1.2069e+05      5.31e+03       5.06e-03       3.01e+05    
       9             19         1.1235e+05      8.33e+03       1.01e-02       2.05e+05    
      10             20         9.8583e+04      1.38e+04       2.02e-02       1.82e+05    
      11             21         7.8146e+04      2.04e+04       4.05e-02       2.13e+05    
      12             22         5.8838e+04      1.93e+04       8.09e-02       4.28e+05    
      13             23         4.5060e+04      1.38e+04       1.62e-01       1.55e+05    
      14             24         3.7718e+04      7.34e+03       3.24e-01       7.01e+05    
      15             25         3.5511e+04      2.21e+03       6.46e-01       2.38e+06    
      16             27         3.4136e+04      1.37e+03       1.62e-01       3.43e+05    
      17             30         3.4013e+04      1.24e+02       1.01e-02       3.54e+05    
      18             31         3.3351e+04      6.61e+02       2.53e-03       1.15e+05    
      19             32         3.3288e+04      6.31e+01       5.06e-03       8.94e+03    
      20             33         3.3182e+04      1.06e+02       1.01e-02       8.93e+03    
      21             34         3.2982e+04      1.99e+02       2.02e-02       1.31e+04    
      22             35         3.2742e+04      2.41e+02       4.04e-02       3.33e+04    
      23             36         3.2476e+04      2.66e+02       8.07e-02       3.70e+04    
      24             37         3.2115e+04      3.60e+02       1.61e-01       1.47e+05    
      25             38         3.1954e+04      1.62e+02       2.19e-01       2.70e+05    
      26             39         3.1933e+04      2.07e+01       8.35e-03       8.23e+02    
      27             40         3.1933e+04      3.30e-03       7.14e-04       5.35e+00    
      28             41         3.1933e+04      3.79e-06       1.77e-05       4.01e-02    
`ftol` termination condition is satisfied.
Function evaluations 41, initial cost 7.0705e+05, final cost 3.1933e+04, first-order optimality 4.01e-02.
  Stage 3 RMS: 0.899 pixels (735.7s)
  Saved internals/calibration_stage3.json
  [Frame Rejection] No outlier frames (median=1.00 px, threshold=5.00 px). No frames dropped.
  Estimated reference camera tilt: 2.76 degrees
  Water surface Z: 0.9904 m
  Camera heights above water (h_c):
    e3v829d: cam_z=0.0000  h_c=0.9904
    e3v82e0: cam_z=0.0015  h_c=0.9889
    e3v82f9: cam_z=0.0032  h_c=0.9872
    e3v831e: cam_z=0.0058  h_c=0.9846
    e3v832e: cam_z=0.0041  h_c=0.9862
    e3v8334: cam_z=0.0021  h_c=0.9882
    e3v83e9: cam_z=0.0206  h_c=0.9698
    e3v83eb: cam_z=0.0126  h_c=0.9778
    e3v83ee: cam_z=-0.0266  h_c=1.0170
    e3v83ef: cam_z=0.0138  h_c=0.9766
    e3v83f0: cam_z=0.0048  h_c=0.9856
    e3v83f1: cam_z=-0.0545  h_c=1.0448
  Camera height spread: 0.0750 m

[Stage 3: intrinsic pass] Second pass, with intrinsics unlocked...
   Iteration     Total nfev        Cost      Cost reduction    Step norm     Optimality   
       0              1         3.1933e+04                                    4.88e+05    
       1              3         2.3615e+04      8.32e+03       4.31e+01       3.08e+06    
       2              4         2.0394e+04      3.22e+03       4.58e+01       2.07e+05    
       3              5         1.9653e+04      7.41e+02       6.35e+01       7.59e+05    
       4              6         1.9457e+04      1.95e+02       9.10e+00       1.75e+04    
       5              7         1.9456e+04      1.23e+00       2.41e+00       4.80e+03    
       6              8         1.9456e+04      1.56e-01       1.19e+00       3.88e+02    
       7              9         1.9456e+04      5.82e-02       7.29e-01       5.63e+02    
       8             10         1.9456e+04      2.53e-02       4.76e-01       1.73e+02    
       9             11         1.9456e+04      1.13e-02       3.16e-01       2.03e+02    
      10             12         1.9456e+04      4.98e-03       2.10e-01       9.35e+01    
      11             13         1.9456e+04      2.21e-03       1.40e-01       7.77e+01    
      12             14         1.9456e+04      9.84e-04       9.37e-02       4.52e+01    
      13             15         1.9456e+04      4.38e-04       6.25e-02       3.34e+01    
      14             16         1.9456e+04      1.95e-04       4.17e-02       2.08e+01    
      15             17         1.9456e+04      8.66e-05       2.78e-02       1.45e+01    
`ftol` termination condition is satisfied.
Function evaluations 17, initial cost 3.1933e+04, final cost 1.9456e+04, first-order optimality 1.45e+01.
/home/tlancaster/aquacal-frozen-rerun-freeze-01/src/aquacal/calibration/pipeline.py:1288: DegenerateObservationWarning: Stage 3's intrinsic pass finished with 183 observation(s) the refractive model could not project -- 0.247% of the 74141 observation(s) this stage evaluated. Dominant cause: above_interface (the corner sits at or above the estimated water surface). By cause: 183 above_interface (the corner sits at or above the estimated water surface), 0 behind_camera (no pixel exists for it), 0 interface_below_camera (the estimated interface fell below an estimated camera center -- a solver-excursion convergence diagnostic, explicitly not a claim about submerged hardware). By fate: 183 were continued with the pinhole extension, which is C0 but not C1 at the refractive/pinhole boundary and carries ZERO water_z gradient -- every other parameter keeps full gradient, so those parameters still contribute to the reported optimality. (The two axes are independent decompositions of the same observations and are never additive.) At 0.247% this is a small tail below the 1% threshold, so it is reported for the record rather than as a verdict on the whole solve: the reported first-order optimality (14.54, termination status 2) is not declared unreliable on the strength of this count alone. Both readings are on the table and this library cannot tell them apart: if this is an authored scenario, the geometry is the fix -- move the board so no corner sits at or above the interface. If this is measured hardware, that fix is not available to you, and what the count does and does not invalidate is stated above, per fate.
  ) = joint_refinement(
  Stage 3 intrinsic pass RMS: 0.680 pixels (436.2s)
  Water surface Z (after refinement): 1.0744 m
  Camera heights above water (h_c):
    e3v829d: cam_z=0.0000  h_c=1.0744
    e3v82e0: cam_z=-0.0057  h_c=1.0802
    e3v82f9: cam_z=-0.0069  h_c=1.0813
    e3v831e: cam_z=0.0080  h_c=1.0664
    e3v832e: cam_z=0.0021  h_c=1.0724
    e3v8334: cam_z=0.0099  h_c=1.0645
    e3v83e9: cam_z=0.0169  h_c=1.0575
    e3v83eb: cam_z=-0.0028  h_c=1.0773
    e3v83ee: cam_z=-0.0378  h_c=1.1122
    e3v83ef: cam_z=0.0057  h_c=1.0688
    e3v83f0: cam_z=0.0298  h_c=1.0446
    e3v83f1: cam_z=-0.0326  h_c=1.1070
  Camera height spread: 0.0676 m
  Saved internals/calibration_stage3_intrinsic_pass.json

[Auxiliary camera registration] Registering 1 auxiliary camera(s) via 10-DOF refinement (extrinsics plus focal length and principal point)...
  e3v8250: 185 frames, 15754 corners
   Iteration     Total nfev        Cost      Cost reduction    Step norm     Optimality   
       0              1         2.2531e+05                                    9.82e+06    
       1              7         1.8883e+05      3.65e+04       3.73e-02       1.06e+07    
       2              8         1.4385e+05      4.50e+04       4.27e-02       5.93e+06    
       3              9         1.1739e+05      2.65e+04       3.45e-02       6.29e+06    
       4             10         9.1440e+04      2.60e+04       3.87e-02       1.60e+06    
       5             11         6.0046e+04      3.14e+04       7.31e-02       1.83e+06    
       6             12         1.5733e+04      4.43e+04       1.58e-01       3.55e+06    
       7             13         1.3360e+04      2.37e+03       6.60e+00       3.95e+05    
       8             14         1.3238e+04      1.22e+02       8.36e+00       3.35e+03    
       9             15         1.3236e+04      1.71e+00       1.58e+00       1.45e+02    
      10             16         1.3236e+04      4.03e-04       8.85e-03       3.81e-01    
      11             17         1.3236e+04      8.97e-08       3.58e-04       2.08e-02    
`ftol` termination condition is satisfied.
Function evaluations 17, initial cost 2.2531e+05, final cost 1.3236e+04, first-order optimality 2.08e-02.
  e3v8250: RMS 2.28 px, interface_d=1.0744m (intrinsics refined)

[Validation] Estimating board poses for held-out frames...
  Estimated 52 validation frame poses

[Validation] Computing errors on held-out data...
  Primary cameras:
    Reprojection RMS: 1.034 pixels
    3D distance error: MAE 0.30 mm, RMSE 0.87 mm (0.5% of square size)
  Auxiliary cameras:
    e3v8250: RMS 16.238 pixels

[Diagnostics] Generating report...
  Saved diagnostics to /home/tlancaster/aquacal-frozen-rerun-freeze-01/experiments/results_e2_band/seed_44
  Discards: degenerate_observations_at_solution=183, degenerate_observations_cause_above_interface__stage3_interface_optimization=0, degenerate_observations_cause_above_interface__stage3_intrinsic_pass=183, degenerate_observations_cause_behind_camera__stage3_interface_optimization=0, degenerate_observations_cause_behind_camera__stage3_intrinsic_pass=0, degenerate_observations_cause_interface_below_camera__stage3_interface_optimization=0, degenerate_observations_cause_interface_below_camera__stage3_intrinsic_pass=0, degenerate_observations_fate_extended__stage3_interface_optimization=0, degenerate_observations_fate_extended__stage3_intrinsic_pass=183, degenerate_observations_fate_penalized__stage3_interface_optimization=0, degenerate_observations_fate_penalized__stage3_intrinsic_pass=0, observations_evaluated__stage3_interface_optimization=74141, observations_evaluated__stage3_intrinsic_pass=74141, pnp_attempts_refractive=3598, pnp_attempts_total=3598, pnp_guard_rejected=8, pose_discarded_by_consumer=8

[Save] Saving calibration result...
  Saved to /home/tlancaster/aquacal-frozen-rerun-freeze-01/experiments/results_e2_band/seed_44/calibration.json
  Saved benchmark.json

============================================================
Calibration complete!
  Primary cameras:
    Reprojection RMS: 1.034 pixels
    3D error: MAE 0.30 mm, RMSE 0.87 mm (0.5%)
  Auxiliary cameras:
    e3v8250: RMS 16.238 pixels
============================================================
Wrote /home/tlancaster/aquacal-frozen-rerun-freeze-01/experiments/results_e2_band/seed_44_e2_out/real_rig_metrics.json
Copied /home/tlancaster/aquacal-frozen-rerun-freeze-01/experiments/results_e2_band/seed_44/benchmark.json -> /home/tlancaster/aquacal-frozen-rerun-freeze-01/experiments/results_e2_band/seed_44_e2_out/benchmark.json
Copied /home/tlancaster/aquacal-frozen-rerun-freeze-01/experiments/results_e2_band/seed_44/calibration.json -> /home/tlancaster/aquacal-frozen-rerun-freeze-01/experiments/results_e2_band/seed_44_e2_out/calibration.json
E2 real-rig run complete.
[2026-08-20T01:53:06Z] e2_band: seed 44 exit=0
[2026-08-20T01:53:06Z] <<< STAGE 15/20: e2_band finished exit=0
----- GATE VERDICT: stage=e2_band out_dir=experiments/results_e2_band -----
[FAIL] E1  gate1_guard_count:e1_benchmark_refractive.json e1_benchmark_refractive.json not found
[FAIL] E1  gate3_provenance:e1_benchmark_refractive.json e1_benchmark_refractive.json not found
[FAIL] E1  gate4_optimality:e1_benchmark_refractive.json e1_benchmark_refractive.json not found
[FAIL] E1  gate1_guard_count:e1_benchmark_nonrefractive.json e1_benchmark_nonrefractive.json not found
[FAIL] E1  gate3_provenance:e1_benchmark_nonrefractive.json e1_benchmark_nonrefractive.json not found
[FAIL] E1  gate4_optimality:e1_benchmark_nonrefractive.json e1_benchmark_nonrefractive.json not found
[N/A ] E1  gate2_status                                  E1's exp1/exp2/exp3 CSVs are fixed byte-identical-header contracts with no status column (record-only per plan 19.3-07)
[FAIL] E3  gate3_provenance:e3_provenance.json           e3_provenance.json not found
[N/A ] E3  gate1_guard_count                             no guard count: E3 runs no calibration (N/A per this gate script's design, see plan 19.3-08)
[N/A ] E3  gate2_status                                  no per-cell status: E3 runs no calibration (N/A per this gate script's design, see plan 19.3-08)
[N/A ] E3  gate4_optimality                              no optimality: E3 runs no calibration (N/A per this gate script's design, see plan 19.3-08)
[FAIL] E4  gate1_guard_count                             no per-cell benchmark.json under /home/tlancaster/aquacal-frozen-rerun-freeze-01/experiments/results_e2_band/e4_cells
[FAIL] E4  gate3_provenance                              no per-cell benchmark.json under /home/tlancaster/aquacal-frozen-rerun-freeze-01/experiments/results_e2_band/e4_cells
[FAIL] E4  gate4_optimality                              no per-cell benchmark.json under /home/tlancaster/aquacal-frozen-rerun-freeze-01/experiments/results_e2_band/e4_cells
[FAIL] E4  gate1_guard_count:benchmark_grid.csv          benchmark_grid.csv not found
[FAIL] E4  gate2_status:benchmark_grid.csv               benchmark_grid.csv not found
[FAIL] E5  gate1_guard_count:e5_provenance.json          e5_provenance.json not found
[FAIL] E5  gate3_provenance:e5_provenance.json           e5_provenance.json not found
[N/A ] E5  gate4_optimality                              E5's committed artifacts record no per-stage optimality (record-only experiment; see plan 19.3-07)
[N/A ] E5  gate2_status                                  index_sensitivity.csv carries no status column (record-only per plan 19.3-07)
[FAIL] E6  gate1_guard_count                             no per-configuration checkpoint under /home/tlancaster/aquacal-frozen-rerun-freeze-01/experiments/results_e2_band/e6_configs
[FAIL] E6  gate3_provenance                              no per-configuration checkpoint under /home/tlancaster/aquacal-frozen-rerun-freeze-01/experiments/results_e2_band/e6_configs
[FAIL] E6  gate4_optimality                              no per-configuration checkpoint under /home/tlancaster/aquacal-frozen-rerun-freeze-01/experiments/results_e2_band/e6_configs
[FAIL] E6  gate1_guard_count:generalization_sweep.csv    generalization_sweep.csv not found
[FAIL] E6  gate2_status:generalization_sweep.csv         generalization_sweep.csv not found
[FAIL] E7  gate1_guard_count:e7_benchmark_shared_fixed.json e7_benchmark_shared_fixed.json not found
[FAIL] E7  gate3_provenance:e7_benchmark_shared_fixed.json e7_benchmark_shared_fixed.json not found
[FAIL] E7  gate4_optimality:e7_benchmark_shared_fixed.json e7_benchmark_shared_fixed.json not found
[FAIL] E7  gate1_guard_count:e7_benchmark_shared_refined.json e7_benchmark_shared_refined.json not found
[FAIL] E7  gate3_provenance:e7_benchmark_shared_refined.json e7_benchmark_shared_refined.json not found
[FAIL] E7  gate4_optimality:e7_benchmark_shared_refined.json e7_benchmark_shared_refined.json not found
[FAIL] E7  gate1_guard_count:e7_benchmark_percamera_fixed.json e7_benchmark_percamera_fixed.json not found
[FAIL] E7  gate3_provenance:e7_benchmark_percamera_fixed.json e7_benchmark_percamera_fixed.json not found
[FAIL] E7  gate4_optimality:e7_benchmark_percamera_fixed.json e7_benchmark_percamera_fixed.json not found
[FAIL] E7  gate1_guard_count:e7_benchmark_percamera_refined.json e7_benchmark_percamera_refined.json not found
[FAIL] E7  gate3_provenance:e7_benchmark_percamera_refined.json e7_benchmark_percamera_refined.json not found
[FAIL] E7  gate4_optimality:e7_benchmark_percamera_refined.json e7_benchmark_percamera_refined.json not found
[N/A ] E7  gate2_status                                  interface_ablation.csv carries no status column (record-only per plan 19.3-07)
[N/A ] E7  gate4_band:interface_ablation_band.csv        interface_ablation_band.csv not present (its stage has not run yet)
[N/A ] E1  gate4_band:exp1_band.csv                      exp1_band.csv not present (its stage has not run yet)
[N/A ] E1  gate4_band:exp1_parameter_band.csv            exp1_parameter_band.csv not present (its stage has not run yet)
[N/A ] E6  gate_e6_seed_band                             generalization_sweep_band.csv not present (its stage has not run yet)
[N/A ] E5  gate_e5_seed_band                             index_sensitivity_seed_band.csv not present (its stage has not run yet)
[N/A ] E4  gate_e4_repeat                                benchmark_grid_repeat.csv not present (its stage has not run yet)
[PASS] E2  gate_e2_band:record_count                     3 per-seed metric records found: seeds [42, 43, 44]
[PASS] E2  gate_e2_band:not_identical                    3 distinct metric record(s) across 3 seeds
[FAIL] E2  gate_e2_band:seed42_reproduction              committed /home/tlancaster/aquacal-frozen-rerun-freeze-01/experiments/results_e2_band/real_rig_metrics.json missing or unreadable
[PASS] E2  gate_e2_band:scope                            e2_band_scope.json scope states both required phrases
[PASS] ALL gate3_git_sha_consistency                     no git_sha values found across any artifact to compare
[FAIL] ALL gate3_run_manifest_present                    no run_manifest.json under /home/tlancaster/aquacal-frozen-rerun-freeze-01/experiments/results_e2_band -- this run cannot be attributed to a commit or a machine (DRIVER-02, D-19)
[PASS] e2_band completeness:e2_band_scope.json               e2_band_scope.json: present at /home/tlancaster/aquacal-frozen-rerun-freeze-01/experiments/results_e2_band/e2_band_scope.json; no row count is pinned for it (band scope sidecar. Lives in the SIBLING results_e2_band/ tree, which check_e2_band resolves as out_dir.parent / 'results_e2_band'. The completeness gate resolves any non-out_dir artifact the same way.)

TOTAL: 5 PASS, 13 N/A, 33 FAIL
----- END GATE VERDICT: stage=e2_band exit=1 -----
