[2026-08-20T05:08:01Z] >>> STAGE 17/20: e4 starting
Experiment output directory: /home/tlancaster/aquacal-frozen-rerun-freeze-01/experiments/results
cell cameras_8_frames_50: status=ok exit_code=0 elapsed=76.9s
cell cameras_8_frames_100: status=ok exit_code=0 elapsed=189.4s
cell cameras_8_frames_200: status=ok exit_code=0 elapsed=628.4s
cell cameras_12_frames_50: status=ok exit_code=0 elapsed=68.8s
cell cameras_12_frames_100: status=ok exit_code=0 elapsed=172.1s
cell cameras_12_frames_200: status=ok exit_code=0 elapsed=445.3s
cell cameras_16_frames_50: status=ok exit_code=0 elapsed=111.1s
cell cameras_16_frames_100: status=ok exit_code=0 elapsed=316.0s
cell cameras_16_frames_200: status=ok exit_code=0 elapsed=569.2s
E2 real-rig record: /home/tlancaster/aquacal-frozen-rerun-freeze-01/experiments/results/benchmark.json (native: resolved relative to --out)
[2026-08-20T05:50:59Z] <<< STAGE 17/20: e4 finished exit=0
----- GATE VERDICT: stage=e4 out_dir=experiments/results -----
[PASS] E1  gate1_guard_count:e1_benchmark_refractive.json e1_benchmark_refractive.json: count=0
[PASS] E1  gate3_provenance:e1_benchmark_refractive.json e1_benchmark_refractive.json: git_sha/seed/water-index present (timestamp = file mtime)
[PASS] E1  gate4_optimality:e1_benchmark_refractive.json e1_benchmark_refractive.json: optimality present per stage
[PASS] E1  gate1_guard_count:e1_benchmark_nonrefractive.json e1_benchmark_nonrefractive.json: count=0
[PASS] E1  gate3_provenance:e1_benchmark_nonrefractive.json e1_benchmark_nonrefractive.json: git_sha/seed/water-index present (timestamp = file mtime)
[PASS] E1  gate4_optimality:e1_benchmark_nonrefractive.json e1_benchmark_nonrefractive.json: optimality present per stage
[N/A ] E1  gate2_status                                  E1's exp1/exp2/exp3 CSVs are fixed byte-identical-header contracts with no status column (record-only per plan 19.3-07)
[PASS] E3  gate3_provenance:e3_provenance.json           e3_provenance.json: git_sha/seed/water-index present (timestamp = file mtime)
[N/A ] E3  gate1_guard_count                             no guard count: E3 runs no calibration (N/A per this gate script's design, see plan 19.3-08)
[N/A ] E3  gate2_status                                  no per-cell status: E3 runs no calibration (N/A per this gate script's design, see plan 19.3-08)
[N/A ] E3  gate4_optimality                              no optimality: E3 runs no calibration (N/A per this gate script's design, see plan 19.3-08)
[PASS] E4  gate1_guard_count:e4_cells/cameras_12_frames_100/benchmark.json e4_cells/cameras_12_frames_100/benchmark.json: count=0
[PASS] E4  gate3_provenance:e4_cells/cameras_12_frames_100/benchmark.json e4_cells/cameras_12_frames_100/benchmark.json: git_sha/seed/water-index present (timestamp = file mtime)
[PASS] E4  gate4_optimality:e4_cells/cameras_12_frames_100/benchmark.json e4_cells/cameras_12_frames_100/benchmark.json: optimality present per stage
[PASS] E4  gate1_guard_count:e4_cells/cameras_12_frames_200/benchmark.json e4_cells/cameras_12_frames_200/benchmark.json: count=0
[PASS] E4  gate3_provenance:e4_cells/cameras_12_frames_200/benchmark.json e4_cells/cameras_12_frames_200/benchmark.json: git_sha/seed/water-index present (timestamp = file mtime)
[PASS] E4  gate4_optimality:e4_cells/cameras_12_frames_200/benchmark.json e4_cells/cameras_12_frames_200/benchmark.json: optimality present per stage
[PASS] E4  gate1_guard_count:e4_cells/cameras_12_frames_50/benchmark.json e4_cells/cameras_12_frames_50/benchmark.json: count=0
[PASS] E4  gate3_provenance:e4_cells/cameras_12_frames_50/benchmark.json e4_cells/cameras_12_frames_50/benchmark.json: git_sha/seed/water-index present (timestamp = file mtime)
[PASS] E4  gate4_optimality:e4_cells/cameras_12_frames_50/benchmark.json e4_cells/cameras_12_frames_50/benchmark.json: optimality present per stage
[PASS] E4  gate1_guard_count:e4_cells/cameras_16_frames_100/benchmark.json e4_cells/cameras_16_frames_100/benchmark.json: count=0
[PASS] E4  gate3_provenance:e4_cells/cameras_16_frames_100/benchmark.json e4_cells/cameras_16_frames_100/benchmark.json: git_sha/seed/water-index present (timestamp = file mtime)
[PASS] E4  gate4_optimality:e4_cells/cameras_16_frames_100/benchmark.json e4_cells/cameras_16_frames_100/benchmark.json: optimality present per stage
[PASS] E4  gate1_guard_count:e4_cells/cameras_16_frames_200/benchmark.json e4_cells/cameras_16_frames_200/benchmark.json: count=0
[PASS] E4  gate3_provenance:e4_cells/cameras_16_frames_200/benchmark.json e4_cells/cameras_16_frames_200/benchmark.json: git_sha/seed/water-index present (timestamp = file mtime)
[PASS] E4  gate4_optimality:e4_cells/cameras_16_frames_200/benchmark.json e4_cells/cameras_16_frames_200/benchmark.json: optimality present per stage
[PASS] E4  gate1_guard_count:e4_cells/cameras_16_frames_50/benchmark.json e4_cells/cameras_16_frames_50/benchmark.json: count=0
[PASS] E4  gate3_provenance:e4_cells/cameras_16_frames_50/benchmark.json e4_cells/cameras_16_frames_50/benchmark.json: git_sha/seed/water-index present (timestamp = file mtime)
[PASS] E4  gate4_optimality:e4_cells/cameras_16_frames_50/benchmark.json e4_cells/cameras_16_frames_50/benchmark.json: optimality present per stage
[PASS] E4  gate1_guard_count:e4_cells/cameras_8_frames_100/benchmark.json e4_cells/cameras_8_frames_100/benchmark.json: count=0
[PASS] E4  gate3_provenance:e4_cells/cameras_8_frames_100/benchmark.json e4_cells/cameras_8_frames_100/benchmark.json: git_sha/seed/water-index present (timestamp = file mtime)
[PASS] E4  gate4_optimality:e4_cells/cameras_8_frames_100/benchmark.json e4_cells/cameras_8_frames_100/benchmark.json: optimality present per stage
[PASS] E4  gate1_guard_count:e4_cells/cameras_8_frames_200/benchmark.json e4_cells/cameras_8_frames_200/benchmark.json: count=0
[PASS] E4  gate3_provenance:e4_cells/cameras_8_frames_200/benchmark.json e4_cells/cameras_8_frames_200/benchmark.json: git_sha/seed/water-index present (timestamp = file mtime)
[PASS] E4  gate4_optimality:e4_cells/cameras_8_frames_200/benchmark.json e4_cells/cameras_8_frames_200/benchmark.json: optimality present per stage
[PASS] E4  gate1_guard_count:e4_cells/cameras_8_frames_50/benchmark.json e4_cells/cameras_8_frames_50/benchmark.json: count=0
[PASS] E4  gate3_provenance:e4_cells/cameras_8_frames_50/benchmark.json e4_cells/cameras_8_frames_50/benchmark.json: git_sha/seed/water-index present (timestamp = file mtime)
[PASS] E4  gate4_optimality:e4_cells/cameras_8_frames_50/benchmark.json e4_cells/cameras_8_frames_50/benchmark.json: optimality present per stage
[FAIL] E4  gate1_guard_count:benchmark_grid.csv          benchmark_grid.csv: 1 of 10 row(s) have a non-zero or missing guard count
[PASS] E4  gate2_status:benchmark_grid.csv               benchmark_grid.csv: no row published with status=='degenerate'
[PASS] E5  gate1_guard_count:e5_provenance.json          e5_provenance.json: count=0 [dominant cause=above_interface (0), 0.000% of the 164439 observation(s) evaluated; by fate: 0 extended, 0 penalized (cause and fate are separate axes over the same observations; never add them together)]
[PASS] E5  gate3_provenance:e5_provenance.json           e5_provenance.json: git_sha/seed/water-index present (timestamp = file mtime)
[N/A ] E5  gate4_optimality                              E5's committed artifacts record no per-stage optimality (record-only experiment; see plan 19.3-07)
[N/A ] E5  gate2_status                                  index_sensitivity.csv carries no status column (record-only per plan 19.3-07)
[PASS] E6  gate1_guard_count:e6_configs/baseline.json    e6_configs/baseline.json: count=0
[PASS] E6  gate3_provenance:e6_configs/baseline.json     e6_configs/baseline.json: git_sha/seed/water-index present (timestamp = file mtime)
[PASS] E6  gate4_optimality:e6_configs/baseline.json     e6_configs/baseline.json: optimality present per stage
[PASS] E6  gate1_guard_count:e6_configs/index_1.36.json  e6_configs/index_1.36.json: count=0
[PASS] E6  gate3_provenance:e6_configs/index_1.36.json   e6_configs/index_1.36.json: git_sha/seed/water-index present (timestamp = file mtime)
[PASS] E6  gate4_optimality:e6_configs/index_1.36.json   e6_configs/index_1.36.json: optimality present per stage
[PASS] E6  gate1_guard_count:e6_configs/index_1.39.json  e6_configs/index_1.39.json: count=0
[PASS] E6  gate3_provenance:e6_configs/index_1.39.json   e6_configs/index_1.39.json: git_sha/seed/water-index present (timestamp = file mtime)
[PASS] E6  gate4_optimality:e6_configs/index_1.39.json   e6_configs/index_1.39.json: optimality present per stage
[PASS] E6  gate1_guard_count:e6_configs/index_1.42.json  e6_configs/index_1.42.json: count=0
[PASS] E6  gate3_provenance:e6_configs/index_1.42.json   e6_configs/index_1.42.json: git_sha/seed/water-index present (timestamp = file mtime)
[PASS] E6  gate4_optimality:e6_configs/index_1.42.json   e6_configs/index_1.42.json: optimality present per stage
[PASS] E6  gate1_guard_count:e6_configs/index_1.45.json  e6_configs/index_1.45.json: count=0
[PASS] E6  gate3_provenance:e6_configs/index_1.45.json   e6_configs/index_1.45.json: git_sha/seed/water-index present (timestamp = file mtime)
[PASS] E6  gate4_optimality:e6_configs/index_1.45.json   e6_configs/index_1.45.json: optimality present per stage
[PASS] E6  gate1_guard_count:e6_configs/index_1.48.json  e6_configs/index_1.48.json: count=0
[PASS] E6  gate3_provenance:e6_configs/index_1.48.json   e6_configs/index_1.48.json: git_sha/seed/water-index present (timestamp = file mtime)
[PASS] E6  gate4_optimality:e6_configs/index_1.48.json   e6_configs/index_1.48.json: optimality present per stage
[PASS] E6  gate1_guard_count:e6_configs/index_1.51.json  e6_configs/index_1.51.json: count=0
[PASS] E6  gate3_provenance:e6_configs/index_1.51.json   e6_configs/index_1.51.json: git_sha/seed/water-index present (timestamp = file mtime)
[PASS] E6  gate4_optimality:e6_configs/index_1.51.json   e6_configs/index_1.51.json: optimality present per stage
[PASS] E6  gate1_guard_count:e6_configs/index_1.55.json  e6_configs/index_1.55.json: count=0
[PASS] E6  gate3_provenance:e6_configs/index_1.55.json   e6_configs/index_1.55.json: git_sha/seed/water-index present (timestamp = file mtime)
[PASS] E6  gate4_optimality:e6_configs/index_1.55.json   e6_configs/index_1.55.json: optimality present per stage
[PASS] E6  gate1_guard_count:e6_configs/layout_line.json e6_configs/layout_line.json: count=0
[PASS] E6  gate3_provenance:e6_configs/layout_line.json  e6_configs/layout_line.json: git_sha/seed/water-index present (timestamp = file mtime)
[PASS] E6  gate4_optimality:e6_configs/layout_line.json  e6_configs/layout_line.json: optimality present per stage
[PASS] E6  gate1_guard_count:e6_configs/layout_ring.json e6_configs/layout_ring.json: count=0
[PASS] E6  gate3_provenance:e6_configs/layout_ring.json  e6_configs/layout_ring.json: git_sha/seed/water-index present (timestamp = file mtime)
[PASS] E6  gate4_optimality:e6_configs/layout_ring.json  e6_configs/layout_ring.json: optimality present per stage
[PASS] E6  gate1_guard_count:e6_configs/scale_double_scale.json e6_configs/scale_double_scale.json: count=0
[PASS] E6  gate3_provenance:e6_configs/scale_double_scale.json e6_configs/scale_double_scale.json: git_sha/seed/water-index present (timestamp = file mtime)
[PASS] E6  gate4_optimality:e6_configs/scale_double_scale.json e6_configs/scale_double_scale.json: optimality present per stage
[PASS] E6  gate1_guard_count:e6_configs/scale_half_scale.json e6_configs/scale_half_scale.json: count=0
[PASS] E6  gate3_provenance:e6_configs/scale_half_scale.json e6_configs/scale_half_scale.json: git_sha/seed/water-index present (timestamp = file mtime)
[PASS] E6  gate4_optimality:e6_configs/scale_half_scale.json e6_configs/scale_half_scale.json: optimality present per stage
[PASS] E6  gate1_guard_count:generalization_sweep.csv    generalization_sweep.csv: 14 row(s), guard count zero everywhere
[PASS] E6  gate2_status:generalization_sweep.csv         generalization_sweep.csv: no row published with status=='degenerate'
[PASS] E7  gate1_guard_count:e7_benchmark_shared_fixed.json e7_benchmark_shared_fixed.json: count=0
[PASS] E7  gate3_provenance:e7_benchmark_shared_fixed.json e7_benchmark_shared_fixed.json: git_sha/seed/water-index present (timestamp = file mtime)
[PASS] E7  gate4_optimality:e7_benchmark_shared_fixed.json e7_benchmark_shared_fixed.json: optimality present per stage
[PASS] E7  gate1_guard_count:e7_benchmark_shared_refined.json e7_benchmark_shared_refined.json: count=0
[PASS] E7  gate3_provenance:e7_benchmark_shared_refined.json e7_benchmark_shared_refined.json: git_sha/seed/water-index present (timestamp = file mtime)
[PASS] E7  gate4_optimality:e7_benchmark_shared_refined.json e7_benchmark_shared_refined.json: optimality present per stage
[PASS] E7  gate1_guard_count:e7_benchmark_percamera_fixed.json e7_benchmark_percamera_fixed.json: count=0
[PASS] E7  gate3_provenance:e7_benchmark_percamera_fixed.json e7_benchmark_percamera_fixed.json: git_sha/seed/water-index present (timestamp = file mtime)
[PASS] E7  gate4_optimality:e7_benchmark_percamera_fixed.json e7_benchmark_percamera_fixed.json: optimality present per stage
[PASS] E7  gate1_guard_count:e7_benchmark_percamera_refined.json e7_benchmark_percamera_refined.json: count=0
[PASS] E7  gate3_provenance:e7_benchmark_percamera_refined.json e7_benchmark_percamera_refined.json: git_sha/seed/water-index present (timestamp = file mtime)
[PASS] E7  gate4_optimality:e7_benchmark_percamera_refined.json e7_benchmark_percamera_refined.json: optimality present per stage
[N/A ] E7  gate2_status                                  interface_ablation.csv carries no status column (record-only per plan 19.3-07)
[PASS] E7  gate4_band:interface_ablation_band.csv        interface_ablation_band.csv: 10 distinct seed(s) [42, 43, 44, 45, 46, 47, 48, 49, 50, 51] match e7_seed_band_provenance.json's recorded seed list
[PASS] E1  gate4_band:exp1_band.csv                      exp1_band.csv: 4 distinct seed(s) [42, 43, 44, 45] match e1_seed_band_provenance.json's recorded seed list
[PASS] E1  gate4_band:exp1_parameter_band.csv            exp1_parameter_band.csv: 4 distinct seed(s) [42, 43, 44, 45] match e1_seed_band_provenance.json's recorded seed list
[PASS] E6  gate_e6_seed_band:seed_count                  generalization_sweep_band.csv: 6 distinct seeds [42, 43, 44, 45, 46, 47]
[PASS] E6  gate_e6_seed_band:row_count                   row count = 84, uniform across seeds (14 rows/seed)
[PASS] E6  gate_e6_seed_band:cameras_axis                cameras axis present at [8, 12, 16]
[PASS] E6  gate_e6_seed_band:status_counts               every row status=='ok' across all 6 seeds
[PASS] E6  gate_e6_seed_band:sidecar_seeds               sidecar solver_config['seeds'] matches the CSV's distinct seeds
[PASS] E6  gate_e6_seed_band:sidecar_git_sha             e6_seed_band_provenance.json git_sha=3ab9c13723202a58bb50e351b0b6bc0c0ffcd59c
[PASS] E5  gate_e5_seed_band:seed_count                  index_sensitivity_seed_band.csv: 6 distinct seeds [42, 43, 44, 45, 46, 47]
[PASS] E5  gate_e5_seed_band:sidecar_seeds               e5_seed_band_provenance.json carries solver_config['seeds']
[PASS] E5  gate_e5_seed_band:n_assumed_band              e5_seed_band_provenance.json carries n_assumed_band alongside seeds
[PASS] E5  gate_e5_seed_band:scope                       e5_seed_band_provenance.json scope: "This band varies the SEED across the fixed N_ASSUMED_BAND sweep of the assumed refractive index, and bounds seed-to-seed noise in E5's scale-bias measurement. It is DISTINCT from n_assumed_band (also present in this sidecar), which varies the assumed index at ONE seed and bounds nothing about seed noise -- conflating the two is exactly what demoted E5's accuracy claim under D-19.3-17 (D-19.5-05)."
[N/A ] E4  gate_e4_repeat                                benchmark_grid_repeat.csv not present (its stage has not run yet)
[PASS] E2  gate_e2_band:record_count                     3 per-seed metric records found: seeds [42, 43, 44]
[PASS] E2  gate_e2_band:not_identical                    3 distinct metric record(s) across 3 seeds
[PASS] E2  gate_e2_band:seed42_reproduction              seed-42 band record matches /home/tlancaster/aquacal-frozen-rerun-freeze-01/experiments/results/real_rig_metrics.json within rtol=1e-06
[PASS] E2  gate_e2_band:scope                            e2_band_scope.json scope states both required phrases
[PASS] ALL gate3_git_sha_consistency                     every artifact carries the same git_sha (3ab9c13723202a58bb50e351b0b6bc0c0ffcd59c)
[PASS] ALL gate3_run_manifest_present                    run_manifest.json found and parsed
[PASS] ALL gate3_run_manifest_fields                     all 17 required environment fields are present and non-null
[PASS] ALL gate3_run_manifest_git_sha                    manifest git_sha matches every artifact (3ab9c13723202a58bb50e351b0b6bc0c0ffcd59c)
[PASS] ALL gate3_run_manifest_clean_tree                 the working tree was clean when this run started
[PASS] e4  completeness:benchmark_grid.csv               benchmark_grid.csv: 10 data row(s) at /home/tlancaster/aquacal-frozen-rerun-freeze-01/experiments/results/benchmark_grid.csv, as expected.
[PASS] e4  completeness:benchmark_grid.tex               benchmark_grid.tex: present at /home/tlancaster/aquacal-frozen-rerun-freeze-01/experiments/results/benchmark_grid.tex; no row count is pinned for it (generated LaTeX fragment; Phase 25 added the D-17 optimality caveat as a %% comment block. The CSV schema did not move.)

TOTAL: 111 PASS, 8 N/A, 1 FAIL
----- END GATE VERDICT: stage=e4 exit=1 -----
