[2026-08-20T00:52:47Z] >>> STAGE 18/20: e6_band starting
Experiment output directory: /home/tlancaster/aquacal-frozen-rerun-freeze-01/experiments/results
Stage 2: Extrinsic initialization...
Stage 3: Joint refractive optimization...
`ftol` termination condition is satisfied.
Function evaluations 20, initial cost 8.7406e+04, final cost 9.2362e+03, first-order optimality 9.44e-03.
Stage 3's second pass: Intrinsic refinement...
`ftol` termination condition is satisfied.
Function evaluations 4, initial cost 9.2362e+03, final cost 9.2304e+03, first-order optimality 2.14e-03.
axis=index axis_value=1.333 status=ok reprojection_rms_px=0.706462043079634
Stage 2: Extrinsic initialization...
Stage 3: Joint refractive optimization...
`ftol` termination condition is satisfied.
Function evaluations 38, initial cost 2.5816e+05, final cost 9.1355e+03, first-order optimality 4.16e-03.
Stage 3's second pass: Intrinsic refinement...
`ftol` termination condition is satisfied.
Function evaluations 4, initial cost 9.1355e+03, final cost 9.1314e+03, first-order optimality 1.85e-03.
axis=index axis_value=1.36 status=ok reprojection_rms_px=0.7061280526684334
Stage 2: Extrinsic initialization...
Stage 3: Joint refractive optimization...
`ftol` termination condition is satisfied.
Function evaluations 25, initial cost 1.2611e+05, final cost 9.0531e+03, first-order optimality 3.94e-03.
Stage 3's second pass: Intrinsic refinement...
`ftol` termination condition is satisfied.
Function evaluations 4, initial cost 9.0531e+03, final cost 9.0473e+03, first-order optimality 5.27e-03.
axis=index axis_value=1.39 status=ok reprojection_rms_px=0.7054774531243344
Stage 2: Extrinsic initialization...
Stage 3: Joint refractive optimization...
`ftol` termination condition is satisfied.
Function evaluations 21, initial cost 9.0027e+04, final cost 8.9605e+03, first-order optimality 1.58e-03.
Stage 3's second pass: Intrinsic refinement...
`ftol` termination condition is satisfied.
Function evaluations 4, initial cost 8.9605e+03, final cost 8.9535e+03, first-order optimality 1.39e-03.
axis=index axis_value=1.42 status=ok reprojection_rms_px=0.7057738764272649
Stage 2: Extrinsic initialization...
Stage 3: Joint refractive optimization...
`ftol` termination condition is satisfied.
Function evaluations 18, initial cost 9.1026e+04, final cost 8.8636e+03, first-order optimality 1.59e-03.
Stage 3's second pass: Intrinsic refinement...
`ftol` termination condition is satisfied.
Function evaluations 4, initial cost 8.8636e+03, final cost 8.8579e+03, first-order optimality 3.10e-03.
axis=index axis_value=1.45 status=ok reprojection_rms_px=0.7055812550679771
Stage 2: Extrinsic initialization...
Stage 3: Joint refractive optimization...
`ftol` termination condition is satisfied.
Function evaluations 19, initial cost 8.4471e+04, final cost 8.7631e+03, first-order optimality 2.92e-02.
Stage 3's second pass: Intrinsic refinement...
`ftol` termination condition is satisfied.
Function evaluations 4, initial cost 8.7631e+03, final cost 8.7567e+03, first-order optimality 2.02e-03.
axis=index axis_value=1.48 status=ok reprojection_rms_px=0.7057542723959271
Stage 2: Extrinsic initialization...
Stage 3: Joint refractive optimization...
`ftol` termination condition is satisfied.
Function evaluations 19, initial cost 6.4117e+04, final cost 8.7001e+03, first-order optimality 1.92e-03.
Stage 3's second pass: Intrinsic refinement...
`ftol` termination condition is satisfied.
Function evaluations 4, initial cost 8.7001e+03, final cost 8.6937e+03, first-order optimality 2.64e-03.
axis=index axis_value=1.51 status=ok reprojection_rms_px=0.7052880614630641
Stage 2: Extrinsic initialization...
Stage 3: Joint refractive optimization...
`ftol` termination condition is satisfied.
Function evaluations 21, initial cost 6.6774e+04, final cost 8.5927e+03, first-order optimality 2.36e-03.
Stage 3's second pass: Intrinsic refinement...
`ftol` termination condition is satisfied.
Function evaluations 4, initial cost 8.5927e+03, final cost 8.5873e+03, first-order optimality 1.19e-03.
axis=index axis_value=1.55 status=ok reprojection_rms_px=0.7055874731907077
axis=layout axis_value=grid status=ok reprojection_rms_px=0.706462043079634
Stage 2: Extrinsic initialization...
Stage 3: Joint refractive optimization...
`ftol` termination condition is satisfied.
Function evaluations 13, initial cost 2.2215e+04, final cost 5.2008e+03, first-order optimality 4.17e-03.
Stage 3's second pass: Intrinsic refinement...
`ftol` termination condition is satisfied.
Function evaluations 4, initial cost 5.2008e+03, final cost 5.1953e+03, first-order optimality 3.75e-03.
axis=layout axis_value=ring status=ok reprojection_rms_px=0.7047698167656985
Stage 2: Extrinsic initialization...
Stage 3: Joint refractive optimization...
`ftol` termination condition is satisfied.
Function evaluations 21, initial cost 4.9099e+03, final cost 1.0414e+03, first-order optimality 2.15e-03.
Stage 3's second pass: Intrinsic refinement...
`ftol` termination condition is satisfied.
Function evaluations 5, initial cost 1.0414e+03, final cost 1.0369e+03, first-order optimality 1.46e-02.
axis=layout axis_value=line status=ok reprojection_rms_px=0.7566243809754257
Stage 2: Extrinsic initialization...
Stage 3: Joint refractive optimization...
`ftol` termination condition is satisfied.
Function evaluations 31, initial cost 1.8572e+05, final cost 8.5497e+03, first-order optimality 3.37e-03.
Stage 3's second pass: Intrinsic refinement...
`ftol` termination condition is satisfied.
Function evaluations 4, initial cost 8.5497e+03, final cost 8.5450e+03, first-order optimality 1.30e-03.
axis=cameras axis_value=8 status=ok reprojection_rms_px=0.705320321469801
axis=cameras axis_value=12 status=ok reprojection_rms_px=0.706462043079634
Stage 2: Extrinsic initialization...
Stage 3: Joint refractive optimization...
`ftol` termination condition is satisfied.
Function evaluations 40, initial cost 1.6626e+05, final cost 9.8920e+03, first-order optimality 3.53e-03.
Stage 3's second pass: Intrinsic refinement...
`ftol` termination condition is satisfied.
Function evaluations 4, initial cost 9.8920e+03, final cost 9.8827e+03, first-order optimality 2.99e-03.
axis=cameras axis_value=16 status=ok reprojection_rms_px=0.7069562391810623
Stage 2: Extrinsic initialization...
Stage 3: Joint refractive optimization...
Both `ftol` and `xtol` termination conditions are satisfied.
Function evaluations 15, initial cost 3.8799e+04, final cost 9.3023e+03, first-order optimality 1.73e-03.
Stage 3's second pass: Intrinsic refinement...
`ftol` termination condition is satisfied.
Function evaluations 4, initial cost 9.3023e+03, final cost 9.2971e+03, first-order optimality 1.08e-03.
axis=index axis_value=1.333 status=ok reprojection_rms_px=0.7048908059209062
Stage 2: Extrinsic initialization...
Stage 3: Joint refractive optimization...
`ftol` termination condition is satisfied.
Function evaluations 16, initial cost 5.2319e+04, final cost 9.2177e+03, first-order optimality 1.91e-03.
Stage 3's second pass: Intrinsic refinement...
`ftol` termination condition is satisfied.
Function evaluations 4, initial cost 9.2177e+03, final cost 9.2079e+03, first-order optimality 6.39e-02.
axis=index axis_value=1.36 status=ok reprojection_rms_px=0.7056514934169694
Stage 2: Extrinsic initialization...
Stage 3: Joint refractive optimization...
`ftol` termination condition is satisfied.
Function evaluations 16, initial cost 4.2574e+04, final cost 9.1238e+03, first-order optimality 3.39e-03.
Stage 3's second pass: Intrinsic refinement...
`ftol` termination condition is satisfied.
Function evaluations 4, initial cost 9.1238e+03, final cost 9.1181e+03, first-order optimality 5.58e-03.
axis=index axis_value=1.39 status=ok reprojection_rms_px=0.7053778931865282
Stage 2: Extrinsic initialization...
Stage 3: Joint refractive optimization...
`ftol` termination condition is satisfied.
Function evaluations 15, initial cost 2.3045e+04, final cost 9.0274e+03, first-order optimality 1.52e-03.
Stage 3's second pass: Intrinsic refinement...
`ftol` termination condition is satisfied.
Function evaluations 4, initial cost 9.0274e+03, final cost 9.0229e+03, first-order optimality 1.84e-03.
axis=index axis_value=1.42 status=ok reprojection_rms_px=0.7045415611026177
Stage 2: Extrinsic initialization...
Stage 3: Joint refractive optimization...
`ftol` termination condition is satisfied.
Function evaluations 16, initial cost 3.6394e+04, final cost 8.9453e+03, first-order optimality 1.34e-01.
Stage 3's second pass: Intrinsic refinement...
`ftol` termination condition is satisfied.
Function evaluations 4, initial cost 8.9453e+03, final cost 8.9370e+03, first-order optimality 1.48e-03.
axis=index axis_value=1.45 status=ok reprojection_rms_px=0.7046744053551551
Stage 2: Extrinsic initialization...
Stage 3: Joint refractive optimization...
`ftol` termination condition is satisfied.
Function evaluations 13, initial cost 2.4399e+04, final cost 8.8779e+03, first-order optimality 1.72e-03.
Stage 3's second pass: Intrinsic refinement...
`ftol` termination condition is satisfied.
Function evaluations 4, initial cost 8.8779e+03, final cost 8.8744e+03, first-order optimality 2.32e-03.
axis=index axis_value=1.48 status=ok reprojection_rms_px=0.7049953522220423
Stage 2: Extrinsic initialization...
Stage 3: Joint refractive optimization...
Both `ftol` and `xtol` termination conditions are satisfied.
Function evaluations 26, initial cost 7.1571e+04, final cost 8.7979e+03, first-order optimality 1.56e-03.
Stage 3's second pass: Intrinsic refinement...
`ftol` termination condition is satisfied.
Function evaluations 4, initial cost 8.7979e+03, final cost 8.7901e+03, first-order optimality 1.78e-03.
axis=index axis_value=1.51 status=ok reprojection_rms_px=0.7045049845115885
Stage 2: Extrinsic initialization...
Stage 3: Joint refractive optimization...
Both `ftol` and `xtol` termination conditions are satisfied.
Function evaluations 19, initial cost 5.9995e+04, final cost 8.7053e+03, first-order optimality 1.61e-03.
Stage 3's second pass: Intrinsic refinement...
`ftol` termination condition is satisfied.
Function evaluations 4, initial cost 8.7053e+03, final cost 8.7007e+03, first-order optimality 2.01e-03.
axis=index axis_value=1.55 status=ok reprojection_rms_px=0.7036458228842846
axis=layout axis_value=grid status=ok reprojection_rms_px=0.7048908059209062
Stage 2: Extrinsic initialization...
Stage 3: Joint refractive optimization...
`ftol` termination condition is satisfied.
Function evaluations 14, initial cost 2.6096e+04, final cost 5.1943e+03, first-order optimality 1.72e-02.
Stage 3's second pass: Intrinsic refinement...
`ftol` termination condition is satisfied.
Function evaluations 4, initial cost 5.1943e+03, final cost 5.1897e+03, first-order optimality 1.55e-03.
axis=layout axis_value=ring status=ok reprojection_rms_px=0.7011962233936673
Stage 2: Extrinsic initialization...
Stage 3: Joint refractive optimization...
`ftol` termination condition is satisfied.
Function evaluations 24, initial cost 1.1454e+04, final cost 1.3484e+03, first-order optimality 2.33e-03.
Stage 3's second pass: Intrinsic refinement...
`ftol` termination condition is satisfied.
Function evaluations 7, initial cost 1.3484e+03, final cost 1.3421e+03, first-order optimality 1.20e-02.
axis=layout axis_value=line status=ok reprojection_rms_px=0.8151104298469316
Stage 2: Extrinsic initialization...
Stage 3: Joint refractive optimization...
`ftol` termination condition is satisfied.
Function evaluations 16, initial cost 2.3253e+04, final cost 8.4763e+03, first-order optimality 1.61e-03.
Stage 3's second pass: Intrinsic refinement...
`ftol` termination condition is satisfied.
Function evaluations 4, initial cost 8.4763e+03, final cost 8.4727e+03, first-order optimality 2.50e-03.
axis=cameras axis_value=8 status=ok reprojection_rms_px=0.7032343614027738
axis=cameras axis_value=12 status=ok reprojection_rms_px=0.7048908059209062
Stage 2: Extrinsic initialization...
Stage 3: Joint refractive optimization...
`ftol` termination condition is satisfied.
Function evaluations 12, initial cost 2.4982e+04, final cost 9.8462e+03, first-order optimality 1.58e-03.
Stage 3's second pass: Intrinsic refinement...
`ftol` termination condition is satisfied.
Function evaluations 4, initial cost 9.8462e+03, final cost 9.8403e+03, first-order optimality 1.67e-03.
axis=cameras axis_value=16 status=ok reprojection_rms_px=0.7057900810673564
Stage 2: Extrinsic initialization...
Stage 3: Joint refractive optimization...
`ftol` termination condition is satisfied.
Function evaluations 17, initial cost 4.6783e+04, final cost 9.5189e+03, first-order optimality 4.29e-03.
Stage 3's second pass: Intrinsic refinement...
`ftol` termination condition is satisfied.
Function evaluations 4, initial cost 9.5189e+03, final cost 9.5134e+03, first-order optimality 2.75e-03.
axis=index axis_value=1.333 status=ok reprojection_rms_px=0.7068952688263643
Stage 2: Extrinsic initialization...
Stage 3: Joint refractive optimization...
`ftol` termination condition is satisfied.
Function evaluations 16, initial cost 5.3149e+04, final cost 9.4246e+03, first-order optimality 1.31e-02.
Stage 3's second pass: Intrinsic refinement...
`ftol` termination condition is satisfied.
Function evaluations 4, initial cost 9.4246e+03, final cost 9.4197e+03, first-order optimality 1.81e-03.
axis=index axis_value=1.36 status=ok reprojection_rms_px=0.7072324381635043
Stage 2: Extrinsic initialization...
Stage 3: Joint refractive optimization...
`ftol` termination condition is satisfied.
Function evaluations 16, initial cost 6.5864e+04, final cost 9.3451e+03, first-order optimality 5.74e-03.
Stage 3's second pass: Intrinsic refinement...
`ftol` termination condition is satisfied.
Function evaluations 4, initial cost 9.3451e+03, final cost 9.3397e+03, first-order optimality 1.77e-03.
axis=index axis_value=1.39 status=ok reprojection_rms_px=0.7068845637278867
Stage 2: Extrinsic initialization...
Stage 3: Joint refractive optimization...
`ftol` termination condition is satisfied.
Function evaluations 72, initial cost 9.1080e+05, final cost 9.2592e+03, first-order optimality 1.60e-03.
Stage 3's second pass: Intrinsic refinement...
`ftol` termination condition is satisfied.
Function evaluations 4, initial cost 9.2592e+03, final cost 9.2534e+03, first-order optimality 2.95e-03.
axis=index axis_value=1.42 status=ok reprojection_rms_px=0.7066782181669684
Stage 2: Extrinsic initialization...
Stage 3: Joint refractive optimization...
`ftol` termination condition is satisfied.
Function evaluations 67, initial cost 9.1861e+05, final cost 9.1529e+03, first-order optimality 1.82e-03.
Stage 3's second pass: Intrinsic refinement...
`ftol` termination condition is satisfied.
Function evaluations 4, initial cost 9.1529e+03, final cost 9.1467e+03, first-order optimality 1.77e-03.
axis=index axis_value=1.45 status=ok reprojection_rms_px=0.7064574116265304
Stage 2: Extrinsic initialization...
Stage 3: Joint refractive optimization...
`ftol` termination condition is satisfied.
Function evaluations 65, initial cost 9.2891e+05, final cost 9.0667e+03, first-order optimality 5.39e-03.
Stage 3's second pass: Intrinsic refinement...
`ftol` termination condition is satisfied.
Function evaluations 4, initial cost 9.0667e+03, final cost 9.0621e+03, first-order optimality 1.30e-03.
axis=index axis_value=1.48 status=ok reprojection_rms_px=0.7066847053022484
Stage 2: Extrinsic initialization...
Stage 3: Joint refractive optimization...
`ftol` termination condition is satisfied.
Function evaluations 54, initial cost 8.2495e+05, final cost 8.9859e+03, first-order optimality 5.07e-03.
Stage 3's second pass: Intrinsic refinement...
`ftol` termination condition is satisfied.
Function evaluations 4, initial cost 8.9859e+03, final cost 8.9781e+03, first-order optimality 2.73e-03.
axis=index axis_value=1.51 status=ok reprojection_rms_px=0.7065124837160013
Stage 2: Extrinsic initialization...
Stage 3: Joint refractive optimization...
`ftol` termination condition is satisfied.
Function evaluations 20, initial cost 7.9012e+04, final cost 8.8896e+03, first-order optimality 5.98e-03.
Stage 3's second pass: Intrinsic refinement...
`ftol` termination condition is satisfied.
Function evaluations 4, initial cost 8.8896e+03, final cost 8.8846e+03, first-order optimality 1.35e-03.
axis=index axis_value=1.55 status=ok reprojection_rms_px=0.7063117376424719
axis=layout axis_value=grid status=ok reprojection_rms_px=0.7068952688263643
Stage 2: Extrinsic initialization...
Stage 3: Joint refractive optimization...
`ftol` termination condition is satisfied.
Function evaluations 29, initial cost 8.0953e+04, final cost 5.4022e+03, first-order optimality 2.46e-03.
Stage 3's second pass: Intrinsic refinement...
`ftol` termination condition is satisfied.
Function evaluations 4, initial cost 5.4022e+03, final cost 5.3969e+03, first-order optimality 1.90e-03.
axis=layout axis_value=ring status=ok reprojection_rms_px=0.7074364817801744
Stage 2: Extrinsic initialization...
Stage 3: Joint refractive optimization...
`ftol` termination condition is satisfied.
Function evaluations 18, initial cost 4.6909e+03, final cost 1.3098e+03, first-order optimality 2.51e-02.
Stage 3's second pass: Intrinsic refinement...
`ftol` termination condition is satisfied.
Function evaluations 5, initial cost 1.3098e+03, final cost 1.3024e+03, first-order optimality 9.78e-03.
axis=layout axis_value=line status=ok reprojection_rms_px=0.7442869946423174
Stage 2: Extrinsic initialization...
Stage 3: Joint refractive optimization...
`ftol` termination condition is satisfied.
Function evaluations 11, initial cost 1.8159e+04, final cost 8.6330e+03, first-order optimality 2.39e-03.
Stage 3's second pass: Intrinsic refinement...
`ftol` termination condition is satisfied.
Function evaluations 4, initial cost 8.6330e+03, final cost 8.6293e+03, first-order optimality 2.22e-03.
axis=cameras axis_value=8 status=ok reprojection_rms_px=0.706458165517744
axis=cameras axis_value=12 status=ok reprojection_rms_px=0.7068952688263643
Stage 2: Extrinsic initialization...
Stage 3: Joint refractive optimization...
`ftol` termination condition is satisfied.
Function evaluations 9, initial cost 2.5590e+04, final cost 1.0097e+04, first-order optimality 2.63e-03.
Stage 3's second pass: Intrinsic refinement...
`ftol` termination condition is satisfied.
Function evaluations 4, initial cost 1.0097e+04, final cost 1.0091e+04, first-order optimality 1.96e-03.
axis=cameras axis_value=16 status=ok reprojection_rms_px=0.7078912250932818
Stage 2: Extrinsic initialization...
Stage 3: Joint refractive optimization...
`ftol` termination condition is satisfied.
Function evaluations 15, initial cost 4.1530e+04, final cost 1.0121e+04, first-order optimality 1.44e-03.
Stage 3's second pass: Intrinsic refinement...
`ftol` termination condition is satisfied.
Function evaluations 4, initial cost 1.0121e+04, final cost 1.0114e+04, first-order optimality 4.81e-03.
axis=index axis_value=1.333 status=ok reprojection_rms_px=0.7061242991642889
Stage 2: Extrinsic initialization...
Stage 3: Joint refractive optimization...
`ftol` termination condition is satisfied.
Function evaluations 14, initial cost 3.3904e+04, final cost 1.0023e+04, first-order optimality 2.08e-03.
Stage 3's second pass: Intrinsic refinement...
`ftol` termination condition is satisfied.
Function evaluations 4, initial cost 1.0023e+04, final cost 1.0018e+04, first-order optimality 1.78e-03.
axis=index axis_value=1.36 status=ok reprojection_rms_px=0.7062447070522652
Stage 2: Extrinsic initialization...
Stage 3: Joint refractive optimization...
`ftol` termination condition is satisfied.
Function evaluations 14, initial cost 4.2669e+04, final cost 9.9301e+03, first-order optimality 2.44e-03.
Stage 3's second pass: Intrinsic refinement...
`ftol` termination condition is satisfied.
Function evaluations 4, initial cost 9.9301e+03, final cost 9.9249e+03, first-order optimality 2.26e-03.
axis=index axis_value=1.39 status=ok reprojection_rms_px=0.7060647553541429
Stage 2: Extrinsic initialization...
Stage 3: Joint refractive optimization...
`ftol` termination condition is satisfied.
Function evaluations 17, initial cost 6.5618e+04, final cost 9.8100e+03, first-order optimality 3.82e-03.
Stage 3's second pass: Intrinsic refinement...
`ftol` termination condition is satisfied.
Function evaluations 4, initial cost 9.8100e+03, final cost 9.8055e+03, first-order optimality 1.70e-03.
axis=index axis_value=1.42 status=ok reprojection_rms_px=0.7064038373985961
Stage 2: Extrinsic initialization...
Stage 3: Joint refractive optimization...
`ftol` termination condition is satisfied.
Function evaluations 19, initial cost 9.4623e+04, final cost 9.7057e+03, first-order optimality 5.06e-03.
Stage 3's second pass: Intrinsic refinement...
Both `ftol` and `xtol` termination conditions are satisfied.
Function evaluations 4, initial cost 9.7057e+03, final cost 9.7006e+03, first-order optimality 1.71e-03.
axis=index axis_value=1.45 status=ok reprojection_rms_px=0.705959102240282
Stage 2: Extrinsic initialization...
Stage 3: Joint refractive optimization...
`ftol` termination condition is satisfied.
Function evaluations 21, initial cost 1.0669e+05, final cost 9.6337e+03, first-order optimality 8.62e-03.
Stage 3's second pass: Intrinsic refinement...
`ftol` termination condition is satisfied.
Function evaluations 4, initial cost 9.6337e+03, final cost 9.6280e+03, first-order optimality 1.42e-03.
axis=index axis_value=1.48 status=ok reprojection_rms_px=0.7060659580052274
Stage 2: Extrinsic initialization...
Stage 3: Joint refractive optimization...
`ftol` termination condition is satisfied.
Function evaluations 22, initial cost 1.3768e+05, final cost 9.5451e+03, first-order optimality 5.12e-03.
Stage 3's second pass: Intrinsic refinement...
`ftol` termination condition is satisfied.
Function evaluations 4, initial cost 9.5451e+03, final cost 9.5405e+03, first-order optimality 1.43e-03.
axis=index axis_value=1.51 status=ok reprojection_rms_px=0.7064529770897291
Stage 2: Extrinsic initialization...
Stage 3: Joint refractive optimization...
`ftol` termination condition is satisfied.
Function evaluations 19, initial cost 6.6254e+04, final cost 9.4328e+03, first-order optimality 2.98e-03.
Stage 3's second pass: Intrinsic refinement...
`ftol` termination condition is satisfied.
Function evaluations 4, initial cost 9.4328e+03, final cost 9.4269e+03, first-order optimality 1.61e-03.
axis=index axis_value=1.55 status=ok reprojection_rms_px=0.7067572349318516
axis=layout axis_value=grid status=ok reprojection_rms_px=0.7061242991642889
Stage 2: Extrinsic initialization...
Stage 3: Joint refractive optimization...
`ftol` termination condition is satisfied.
Function evaluations 24, initial cost 5.5502e+04, final cost 5.4029e+03, first-order optimality 3.18e-02.
Stage 3's second pass: Intrinsic refinement...
`ftol` termination condition is satisfied.
Function evaluations 4, initial cost 5.4029e+03, final cost 5.3978e+03, first-order optimality 3.33e-03.
axis=layout axis_value=ring status=ok reprojection_rms_px=0.7062407231009293
Stage 2: Extrinsic initialization...
Stage 3: Joint refractive optimization...
`ftol` termination condition is satisfied.
Function evaluations 18, initial cost 7.6661e+03, final cost 1.6637e+03, first-order optimality 1.39e-03.
Stage 3's second pass: Intrinsic refinement...
`ftol` termination condition is satisfied.
Function evaluations 4, initial cost 1.6637e+03, final cost 1.6578e+03, first-order optimality 2.35e-03.
axis=layout axis_value=line status=ok reprojection_rms_px=0.7076326844473998
Stage 2: Extrinsic initialization...
Stage 3: Joint refractive optimization...
`ftol` termination condition is satisfied.
Function evaluations 13, initial cost 2.9198e+04, final cost 8.9902e+03, first-order optimality 1.81e-03.
Stage 3's second pass: Intrinsic refinement...
`ftol` termination condition is satisfied.
Function evaluations 4, initial cost 8.9902e+03, final cost 8.9868e+03, first-order optimality 2.74e-03.
axis=cameras axis_value=8 status=ok reprojection_rms_px=0.7064703000194874
axis=cameras axis_value=12 status=ok reprojection_rms_px=0.7061242991642889
Stage 2: Extrinsic initialization...
Stage 3: Joint refractive optimization...
`ftol` termination condition is satisfied.
Function evaluations 19, initial cost 8.1670e+04, final cost 1.0627e+04, first-order optimality 1.79e-03.
Stage 3's second pass: Intrinsic refinement...
`ftol` termination condition is satisfied.
Function evaluations 4, initial cost 1.0627e+04, final cost 1.0620e+04, first-order optimality 1.72e-03.
axis=cameras axis_value=16 status=ok reprojection_rms_px=0.7069628723873495
Stage 2: Extrinsic initialization...
Stage 3: Joint refractive optimization...
`ftol` termination condition is satisfied.
Function evaluations 15, initial cost 2.3557e+04, final cost 9.6696e+03, first-order optimality 1.85e-03.
Stage 3's second pass: Intrinsic refinement...
`ftol` termination condition is satisfied.
Function evaluations 4, initial cost 9.6696e+03, final cost 9.6625e+03, first-order optimality 3.56e-03.
axis=index axis_value=1.333 status=ok reprojection_rms_px=0.7064991555602405
Stage 2: Extrinsic initialization...
Stage 3: Joint refractive optimization...
`ftol` termination condition is satisfied.
Function evaluations 19, initial cost 3.9704e+04, final cost 9.5775e+03, first-order optimality 4.07e-03.
Stage 3's second pass: Intrinsic refinement...
`ftol` termination condition is satisfied.
Function evaluations 4, initial cost 9.5775e+03, final cost 9.5702e+03, first-order optimality 4.18e-03.
axis=index axis_value=1.36 status=ok reprojection_rms_px=0.7059632059569828
Stage 2: Extrinsic initialization...
Stage 3: Joint refractive optimization...
`ftol` termination condition is satisfied.
Function evaluations 15, initial cost 3.7181e+04, final cost 9.4783e+03, first-order optimality 2.23e-03.
Stage 3's second pass: Intrinsic refinement...
`ftol` termination condition is satisfied.
Function evaluations 4, initial cost 9.4783e+03, final cost 9.4725e+03, first-order optimality 1.50e-03.
axis=index axis_value=1.39 status=ok reprojection_rms_px=0.706218058708638
Stage 2: Extrinsic initialization...
Stage 3: Joint refractive optimization...
`ftol` termination condition is satisfied.
Function evaluations 15, initial cost 3.9785e+04, final cost 9.3858e+03, first-order optimality 2.59e-03.
Stage 3's second pass: Intrinsic refinement...
Both `ftol` and `xtol` termination conditions are satisfied.
Function evaluations 4, initial cost 9.3858e+03, final cost 9.3786e+03, first-order optimality 2.96e-03.
axis=index axis_value=1.42 status=ok reprojection_rms_px=0.7062078122550535
Stage 2: Extrinsic initialization...
Stage 3: Joint refractive optimization...
`ftol` termination condition is satisfied.
Function evaluations 15, initial cost 3.6647e+04, final cost 9.2995e+03, first-order optimality 2.77e-03.
Stage 3's second pass: Intrinsic refinement...
`ftol` termination condition is satisfied.
Function evaluations 4, initial cost 9.2995e+03, final cost 9.2916e+03, first-order optimality 1.96e-03.
axis=index axis_value=1.45 status=ok reprojection_rms_px=0.7058293493874414
Stage 2: Extrinsic initialization...
Stage 3: Joint refractive optimization...
`ftol` termination condition is satisfied.
Function evaluations 17, initial cost 5.2403e+04, final cost 9.2176e+03, first-order optimality 2.56e-03.
Stage 3's second pass: Intrinsic refinement...
`ftol` termination condition is satisfied.
Function evaluations 4, initial cost 9.2176e+03, final cost 9.2125e+03, first-order optimality 1.40e-03.
axis=index axis_value=1.48 status=ok reprojection_rms_px=0.7059955067868523
Stage 2: Extrinsic initialization...
Stage 3: Joint refractive optimization...
Both `ftol` and `xtol` termination conditions are satisfied.
Function evaluations 11, initial cost 3.8456e+04, final cost 9.1345e+03, first-order optimality 1.54e-03.
Stage 3's second pass: Intrinsic refinement...
`ftol` termination condition is satisfied.
Function evaluations 4, initial cost 9.1345e+03, final cost 9.1271e+03, first-order optimality 2.32e-03.
axis=index axis_value=1.51 status=ok reprojection_rms_px=0.7056076426730723
Stage 2: Extrinsic initialization...
Stage 3: Joint refractive optimization...
`ftol` termination condition is satisfied.
Function evaluations 16, initial cost 4.5486e+04, final cost 9.0165e+03, first-order optimality 1.06e-03.
Stage 3's second pass: Intrinsic refinement...
`ftol` termination condition is satisfied.
Function evaluations 4, initial cost 9.0165e+03, final cost 9.0112e+03, first-order optimality 1.85e-03.
axis=index axis_value=1.55 status=ok reprojection_rms_px=0.7050421494270352
axis=layout axis_value=grid status=ok reprojection_rms_px=0.7064991555602405
Stage 2: Extrinsic initialization...
Stage 3: Joint refractive optimization...
`ftol` termination condition is satisfied.
Function evaluations 46, initial cost 2.1323e+05, final cost 5.2742e+03, first-order optimality 9.08e-04.
Stage 3's second pass: Intrinsic refinement...
`ftol` termination condition is satisfied.
Function evaluations 4, initial cost 5.2742e+03, final cost 5.2684e+03, first-order optimality 4.98e-03.
axis=layout axis_value=ring status=ok reprojection_rms_px=0.7024432246019868
Stage 2: Extrinsic initialization...
Stage 3: Joint refractive optimization...
`ftol` termination condition is satisfied.
Function evaluations 17, initial cost 6.4528e+03, final cost 1.5251e+03, first-order optimality 1.56e-03.
Stage 3's second pass: Intrinsic refinement...
`ftol` termination condition is satisfied.
Function evaluations 5, initial cost 1.5251e+03, final cost 1.5192e+03, first-order optimality 1.90e-03.
axis=layout axis_value=line status=ok reprojection_rms_px=0.7083714035630804
Stage 2: Extrinsic initialization...
Stage 3: Joint refractive optimization...
`ftol` termination condition is satisfied.
Function evaluations 16, initial cost 5.7893e+04, final cost 8.6419e+03, first-order optimality 4.13e-03.
Stage 3's second pass: Intrinsic refinement...
`ftol` termination condition is satisfied.
Function evaluations 4, initial cost 8.6419e+03, final cost 8.6380e+03, first-order optimality 1.41e-03.
axis=cameras axis_value=8 status=ok reprojection_rms_px=0.7050558255869128
axis=cameras axis_value=12 status=ok reprojection_rms_px=0.7064991555602405
Stage 2: Extrinsic initialization...
Stage 3: Joint refractive optimization...
Both `ftol` and `xtol` termination conditions are satisfied.
Function evaluations 25, initial cost 1.1481e+05, final cost 1.0222e+04, first-order optimality 2.09e-03.
Stage 3's second pass: Intrinsic refinement...
`ftol` termination condition is satisfied.
Function evaluations 4, initial cost 1.0222e+04, final cost 1.0217e+04, first-order optimality 3.25e-03.
axis=cameras axis_value=16 status=ok reprojection_rms_px=0.7066003230432452
Stage 2: Extrinsic initialization...
Stage 3: Joint refractive optimization...
`ftol` termination condition is satisfied.
Function evaluations 16, initial cost 2.2155e+04, final cost 9.6842e+03, first-order optimality 2.20e-03.
Stage 3's second pass: Intrinsic refinement...
`ftol` termination condition is satisfied.
Function evaluations 4, initial cost 9.6842e+03, final cost 9.6786e+03, first-order optimality 2.44e-03.
axis=index axis_value=1.333 status=ok reprojection_rms_px=0.7062094996585064
Stage 2: Extrinsic initialization...
Stage 3: Joint refractive optimization...
`ftol` termination condition is satisfied.
Function evaluations 14, initial cost 2.6613e+04, final cost 9.5948e+03, first-order optimality 2.05e-03.
Stage 3's second pass: Intrinsic refinement...
`ftol` termination condition is satisfied.
Function evaluations 4, initial cost 9.5948e+03, final cost 9.5893e+03, first-order optimality 2.19e-03.
axis=index axis_value=1.36 status=ok reprojection_rms_px=0.706002551377218
Stage 2: Extrinsic initialization...
Stage 3: Joint refractive optimization...
`ftol` termination condition is satisfied.
Function evaluations 14, initial cost 4.3885e+04, final cost 9.4972e+03, first-order optimality 2.47e-03.
Stage 3's second pass: Intrinsic refinement...
`ftol` termination condition is satisfied.
Function evaluations 4, initial cost 9.4972e+03, final cost 9.4879e+03, first-order optimality 1.42e-03.
axis=index axis_value=1.39 status=ok reprojection_rms_px=0.7062746394344912
Stage 2: Extrinsic initialization...
Stage 3: Joint refractive optimization...
`ftol` termination condition is satisfied.
Function evaluations 19, initial cost 7.9941e+04, final cost 9.4030e+03, first-order optimality 1.01e-01.
Stage 3's second pass: Intrinsic refinement...
`ftol` termination condition is satisfied.
Function evaluations 4, initial cost 9.4030e+03, final cost 9.3972e+03, first-order optimality 1.48e-03.
axis=index axis_value=1.42 status=ok reprojection_rms_px=0.7055600320311535
Stage 2: Extrinsic initialization...
Stage 3: Joint refractive optimization...
`ftol` termination condition is satisfied.
Function evaluations 18, initial cost 5.7991e+04, final cost 9.3039e+03, first-order optimality 1.79e-03.
Stage 3's second pass: Intrinsic refinement...
`ftol` termination condition is satisfied.
Function evaluations 4, initial cost 9.3039e+03, final cost 9.2957e+03, first-order optimality 3.76e-03.
axis=index axis_value=1.45 status=ok reprojection_rms_px=0.7058940989344462
Stage 2: Extrinsic initialization...
Stage 3: Joint refractive optimization...
`ftol` termination condition is satisfied.
Function evaluations 18, initial cost 5.0900e+04, final cost 9.2260e+03, first-order optimality 5.59e-03.
Stage 3's second pass: Intrinsic refinement...
Both `ftol` and `xtol` termination conditions are satisfied.
Function evaluations 4, initial cost 9.2260e+03, final cost 9.2209e+03, first-order optimality 2.28e-03.
axis=index axis_value=1.48 status=ok reprojection_rms_px=0.705683303172197
Stage 2: Extrinsic initialization...
Stage 3: Joint refractive optimization...
`ftol` termination condition is satisfied.
Function evaluations 17, initial cost 5.1747e+04, final cost 9.1361e+03, first-order optimality 3.59e-03.
Stage 3's second pass: Intrinsic refinement...
`ftol` termination condition is satisfied.
Function evaluations 4, initial cost 9.1361e+03, final cost 9.1296e+03, first-order optimality 2.19e-03.
axis=index axis_value=1.51 status=ok reprojection_rms_px=0.7053048833087976
Stage 2: Extrinsic initialization...
Stage 3: Joint refractive optimization...
`ftol` termination condition is satisfied.
Function evaluations 11, initial cost 3.1954e+04, final cost 9.0292e+03, first-order optimality 1.80e-03.
Stage 3's second pass: Intrinsic refinement...
Both `ftol` and `xtol` termination conditions are satisfied.
Function evaluations 4, initial cost 9.0292e+03, final cost 9.0246e+03, first-order optimality 2.26e-03.
axis=index axis_value=1.55 status=ok reprojection_rms_px=0.7063359791356073
axis=layout axis_value=grid status=ok reprojection_rms_px=0.7062094996585064
Stage 2: Extrinsic initialization...
Stage 3: Joint refractive optimization...
`ftol` termination condition is satisfied.
Function evaluations 20, initial cost 3.3533e+04, final cost 5.0449e+03, first-order optimality 6.78e-03.
Stage 3's second pass: Intrinsic refinement...
`ftol` termination condition is satisfied.
Function evaluations 4, initial cost 5.0449e+03, final cost 5.0379e+03, first-order optimality 1.86e-03.
axis=layout axis_value=ring status=ok reprojection_rms_px=0.702925809625812
Stage 2: Extrinsic initialization...
Stage 3: Joint refractive optimization...
`ftol` termination condition is satisfied.
Function evaluations 16, initial cost 1.0468e+04, final cost 1.9730e+03, first-order optimality 5.36e-02.
Stage 3's second pass: Intrinsic refinement...
`ftol` termination condition is satisfied.
Function evaluations 4, initial cost 1.9730e+03, final cost 1.9672e+03, first-order optimality 2.12e-01.
axis=layout axis_value=line status=ok reprojection_rms_px=0.708808283303928
Stage 2: Extrinsic initialization...
Stage 3: Joint refractive optimization...
`ftol` termination condition is satisfied.
Function evaluations 13, initial cost 2.0650e+04, final cost 8.7538e+03, first-order optimality 2.33e-03.
Stage 3's second pass: Intrinsic refinement...
`ftol` termination condition is satisfied.
Function evaluations 4, initial cost 8.7538e+03, final cost 8.7498e+03, first-order optimality 1.59e-03.
axis=cameras axis_value=8 status=ok reprojection_rms_px=0.705374527432339
axis=cameras axis_value=12 status=ok reprojection_rms_px=0.7062094996585064
Stage 2: Extrinsic initialization...
Stage 3: Joint refractive optimization...
`ftol` termination condition is satisfied.
Function evaluations 15, initial cost 4.5824e+04, final cost 1.0120e+04, first-order optimality 4.11e-03.
Stage 3's second pass: Intrinsic refinement...
`ftol` termination condition is satisfied.
Function evaluations 4, initial cost 1.0120e+04, final cost 1.0115e+04, first-order optimality 2.89e-03.
axis=cameras axis_value=16 status=ok reprojection_rms_px=0.7061804846640782
[2026-08-20T04:28:11Z] <<< STAGE 18/20: e6_band finished exit=0
----- GATE VERDICT: stage=e6_band out_dir=experiments/results -----
[PASS] E1  gate1_guard_count:e1_benchmark_refractive.json e1_benchmark_refractive.json: count=0
[PASS] E1  gate3_provenance:e1_benchmark_refractive.json e1_benchmark_refractive.json: git_sha/seed/water-index present (timestamp = file mtime)
[PASS] E1  gate4_optimality:e1_benchmark_refractive.json e1_benchmark_refractive.json: optimality present per stage
[PASS] E1  gate1_guard_count:e1_benchmark_nonrefractive.json e1_benchmark_nonrefractive.json: count=0
[PASS] E1  gate3_provenance:e1_benchmark_nonrefractive.json e1_benchmark_nonrefractive.json: git_sha/seed/water-index present (timestamp = file mtime)
[PASS] E1  gate4_optimality:e1_benchmark_nonrefractive.json e1_benchmark_nonrefractive.json: optimality present per stage
[N/A ] E1  gate2_status                                  E1's exp1/exp2/exp3 CSVs are fixed byte-identical-header contracts with no status column (record-only per plan 19.3-07)
[PASS] E3  gate3_provenance:e3_provenance.json           e3_provenance.json: git_sha/seed/water-index present (timestamp = file mtime)
[N/A ] E3  gate1_guard_count                             no guard count: E3 runs no calibration (N/A per this gate script's design, see plan 19.3-08)
[N/A ] E3  gate2_status                                  no per-cell status: E3 runs no calibration (N/A per this gate script's design, see plan 19.3-08)
[N/A ] E3  gate4_optimality                              no optimality: E3 runs no calibration (N/A per this gate script's design, see plan 19.3-08)
[FAIL] E4  gate1_guard_count                             no per-cell benchmark.json under /home/tlancaster/aquacal-frozen-rerun-freeze-01/experiments/results/e4_cells
[FAIL] E4  gate3_provenance                              no per-cell benchmark.json under /home/tlancaster/aquacal-frozen-rerun-freeze-01/experiments/results/e4_cells
[FAIL] E4  gate4_optimality                              no per-cell benchmark.json under /home/tlancaster/aquacal-frozen-rerun-freeze-01/experiments/results/e4_cells
[FAIL] E4  gate1_guard_count:benchmark_grid.csv          benchmark_grid.csv not found
[FAIL] E4  gate2_status:benchmark_grid.csv               benchmark_grid.csv not found
[PASS] E5  gate1_guard_count:e5_provenance.json          e5_provenance.json: count=0 [dominant cause=above_interface (0), 0.000% of the 164439 observation(s) evaluated; by fate: 0 extended, 0 penalized (cause and fate are separate axes over the same observations; never add them together)]
[PASS] E5  gate3_provenance:e5_provenance.json           e5_provenance.json: git_sha/seed/water-index present (timestamp = file mtime)
[N/A ] E5  gate4_optimality                              E5's committed artifacts record no per-stage optimality (record-only experiment; see plan 19.3-07)
[N/A ] E5  gate2_status                                  index_sensitivity.csv carries no status column (record-only per plan 19.3-07)
[PASS] E6  gate1_guard_count:e6_configs/baseline.json    e6_configs/baseline.json: count=0
[PASS] E6  gate3_provenance:e6_configs/baseline.json     e6_configs/baseline.json: git_sha/seed/water-index present (timestamp = file mtime)
[PASS] E6  gate4_optimality:e6_configs/baseline.json     e6_configs/baseline.json: optimality present per stage
[PASS] E6  gate1_guard_count:e6_configs/index_1.36.json  e6_configs/index_1.36.json: count=0
[PASS] E6  gate3_provenance:e6_configs/index_1.36.json   e6_configs/index_1.36.json: git_sha/seed/water-index present (timestamp = file mtime)
[PASS] E6  gate4_optimality:e6_configs/index_1.36.json   e6_configs/index_1.36.json: optimality present per stage
[PASS] E6  gate1_guard_count:e6_configs/index_1.39.json  e6_configs/index_1.39.json: count=0
[PASS] E6  gate3_provenance:e6_configs/index_1.39.json   e6_configs/index_1.39.json: git_sha/seed/water-index present (timestamp = file mtime)
[PASS] E6  gate4_optimality:e6_configs/index_1.39.json   e6_configs/index_1.39.json: optimality present per stage
[PASS] E6  gate1_guard_count:e6_configs/index_1.42.json  e6_configs/index_1.42.json: count=0
[PASS] E6  gate3_provenance:e6_configs/index_1.42.json   e6_configs/index_1.42.json: git_sha/seed/water-index present (timestamp = file mtime)
[PASS] E6  gate4_optimality:e6_configs/index_1.42.json   e6_configs/index_1.42.json: optimality present per stage
[PASS] E6  gate1_guard_count:e6_configs/index_1.45.json  e6_configs/index_1.45.json: count=0
[PASS] E6  gate3_provenance:e6_configs/index_1.45.json   e6_configs/index_1.45.json: git_sha/seed/water-index present (timestamp = file mtime)
[PASS] E6  gate4_optimality:e6_configs/index_1.45.json   e6_configs/index_1.45.json: optimality present per stage
[PASS] E6  gate1_guard_count:e6_configs/index_1.48.json  e6_configs/index_1.48.json: count=0
[PASS] E6  gate3_provenance:e6_configs/index_1.48.json   e6_configs/index_1.48.json: git_sha/seed/water-index present (timestamp = file mtime)
[PASS] E6  gate4_optimality:e6_configs/index_1.48.json   e6_configs/index_1.48.json: optimality present per stage
[PASS] E6  gate1_guard_count:e6_configs/index_1.51.json  e6_configs/index_1.51.json: count=0
[PASS] E6  gate3_provenance:e6_configs/index_1.51.json   e6_configs/index_1.51.json: git_sha/seed/water-index present (timestamp = file mtime)
[PASS] E6  gate4_optimality:e6_configs/index_1.51.json   e6_configs/index_1.51.json: optimality present per stage
[PASS] E6  gate1_guard_count:e6_configs/index_1.55.json  e6_configs/index_1.55.json: count=0
[PASS] E6  gate3_provenance:e6_configs/index_1.55.json   e6_configs/index_1.55.json: git_sha/seed/water-index present (timestamp = file mtime)
[PASS] E6  gate4_optimality:e6_configs/index_1.55.json   e6_configs/index_1.55.json: optimality present per stage
[PASS] E6  gate1_guard_count:e6_configs/layout_line.json e6_configs/layout_line.json: count=0
[PASS] E6  gate3_provenance:e6_configs/layout_line.json  e6_configs/layout_line.json: git_sha/seed/water-index present (timestamp = file mtime)
[PASS] E6  gate4_optimality:e6_configs/layout_line.json  e6_configs/layout_line.json: optimality present per stage
[PASS] E6  gate1_guard_count:e6_configs/layout_ring.json e6_configs/layout_ring.json: count=0
[PASS] E6  gate3_provenance:e6_configs/layout_ring.json  e6_configs/layout_ring.json: git_sha/seed/water-index present (timestamp = file mtime)
[PASS] E6  gate4_optimality:e6_configs/layout_ring.json  e6_configs/layout_ring.json: optimality present per stage
[PASS] E6  gate1_guard_count:e6_configs/scale_double_scale.json e6_configs/scale_double_scale.json: count=0
[PASS] E6  gate3_provenance:e6_configs/scale_double_scale.json e6_configs/scale_double_scale.json: git_sha/seed/water-index present (timestamp = file mtime)
[PASS] E6  gate4_optimality:e6_configs/scale_double_scale.json e6_configs/scale_double_scale.json: optimality present per stage
[PASS] E6  gate1_guard_count:e6_configs/scale_half_scale.json e6_configs/scale_half_scale.json: count=0
[PASS] E6  gate3_provenance:e6_configs/scale_half_scale.json e6_configs/scale_half_scale.json: git_sha/seed/water-index present (timestamp = file mtime)
[PASS] E6  gate4_optimality:e6_configs/scale_half_scale.json e6_configs/scale_half_scale.json: optimality present per stage
[PASS] E6  gate1_guard_count:generalization_sweep.csv    generalization_sweep.csv: 14 row(s), guard count zero everywhere
[PASS] E6  gate2_status:generalization_sweep.csv         generalization_sweep.csv: no row published with status=='degenerate'
[PASS] E7  gate1_guard_count:e7_benchmark_shared_fixed.json e7_benchmark_shared_fixed.json: count=0
[PASS] E7  gate3_provenance:e7_benchmark_shared_fixed.json e7_benchmark_shared_fixed.json: git_sha/seed/water-index present (timestamp = file mtime)
[PASS] E7  gate4_optimality:e7_benchmark_shared_fixed.json e7_benchmark_shared_fixed.json: optimality present per stage
[PASS] E7  gate1_guard_count:e7_benchmark_shared_refined.json e7_benchmark_shared_refined.json: count=0
[PASS] E7  gate3_provenance:e7_benchmark_shared_refined.json e7_benchmark_shared_refined.json: git_sha/seed/water-index present (timestamp = file mtime)
[PASS] E7  gate4_optimality:e7_benchmark_shared_refined.json e7_benchmark_shared_refined.json: optimality present per stage
[PASS] E7  gate1_guard_count:e7_benchmark_percamera_fixed.json e7_benchmark_percamera_fixed.json: count=0
[PASS] E7  gate3_provenance:e7_benchmark_percamera_fixed.json e7_benchmark_percamera_fixed.json: git_sha/seed/water-index present (timestamp = file mtime)
[PASS] E7  gate4_optimality:e7_benchmark_percamera_fixed.json e7_benchmark_percamera_fixed.json: optimality present per stage
[PASS] E7  gate1_guard_count:e7_benchmark_percamera_refined.json e7_benchmark_percamera_refined.json: count=0
[PASS] E7  gate3_provenance:e7_benchmark_percamera_refined.json e7_benchmark_percamera_refined.json: git_sha/seed/water-index present (timestamp = file mtime)
[PASS] E7  gate4_optimality:e7_benchmark_percamera_refined.json e7_benchmark_percamera_refined.json: optimality present per stage
[N/A ] E7  gate2_status                                  interface_ablation.csv carries no status column (record-only per plan 19.3-07)
[PASS] E7  gate4_band:interface_ablation_band.csv        interface_ablation_band.csv: 10 distinct seed(s) [42, 43, 44, 45, 46, 47, 48, 49, 50, 51] match e7_seed_band_provenance.json's recorded seed list
[PASS] E1  gate4_band:exp1_band.csv                      exp1_band.csv: 4 distinct seed(s) [42, 43, 44, 45] match e1_seed_band_provenance.json's recorded seed list
[PASS] E1  gate4_band:exp1_parameter_band.csv            exp1_parameter_band.csv: 4 distinct seed(s) [42, 43, 44, 45] match e1_seed_band_provenance.json's recorded seed list
[PASS] E6  gate_e6_seed_band:seed_count                  generalization_sweep_band.csv: 6 distinct seeds [42, 43, 44, 45, 46, 47]
[PASS] E6  gate_e6_seed_band:row_count                   row count = 84, uniform across seeds (14 rows/seed)
[PASS] E6  gate_e6_seed_band:cameras_axis                cameras axis present at [8, 12, 16]
[PASS] E6  gate_e6_seed_band:status_counts               every row status=='ok' across all 6 seeds
[PASS] E6  gate_e6_seed_band:sidecar_seeds               sidecar solver_config['seeds'] matches the CSV's distinct seeds
[PASS] E6  gate_e6_seed_band:sidecar_git_sha             e6_seed_band_provenance.json git_sha=3ab9c13723202a58bb50e351b0b6bc0c0ffcd59c
[PASS] E5  gate_e5_seed_band:seed_count                  index_sensitivity_seed_band.csv: 6 distinct seeds [42, 43, 44, 45, 46, 47]
[PASS] E5  gate_e5_seed_band:sidecar_seeds               e5_seed_band_provenance.json carries solver_config['seeds']
[PASS] E5  gate_e5_seed_band:n_assumed_band              e5_seed_band_provenance.json carries n_assumed_band alongside seeds
[PASS] E5  gate_e5_seed_band:scope                       e5_seed_band_provenance.json scope: "This band varies the SEED across the fixed N_ASSUMED_BAND sweep of the assumed refractive index, and bounds seed-to-seed noise in E5's scale-bias measurement. It is DISTINCT from n_assumed_band (also present in this sidecar), which varies the assumed index at ONE seed and bounds nothing about seed noise -- conflating the two is exactly what demoted E5's accuracy claim under D-19.3-17 (D-19.5-05)."
[N/A ] E4  gate_e4_repeat                                benchmark_grid_repeat.csv not present (its stage has not run yet)
[PASS] E2  gate_e2_band:record_count                     3 per-seed metric records found: seeds [42, 43, 44]
[PASS] E2  gate_e2_band:not_identical                    3 distinct metric record(s) across 3 seeds
[PASS] E2  gate_e2_band:seed42_reproduction              seed-42 band record matches /home/tlancaster/aquacal-frozen-rerun-freeze-01/experiments/results/real_rig_metrics.json within rtol=1e-06
[PASS] E2  gate_e2_band:scope                            e2_band_scope.json scope states both required phrases
[PASS] ALL gate3_git_sha_consistency                     every artifact carries the same git_sha (3ab9c13723202a58bb50e351b0b6bc0c0ffcd59c)
[PASS] ALL gate3_run_manifest_present                    run_manifest.json found and parsed
[PASS] ALL gate3_run_manifest_fields                     all 17 required environment fields are present and non-null
[PASS] ALL gate3_run_manifest_git_sha                    manifest git_sha matches every artifact (3ab9c13723202a58bb50e351b0b6bc0c0ffcd59c)
[PASS] ALL gate3_run_manifest_clean_tree                 the working tree was clean when this run started
[PASS] e6_band completeness:generalization_sweep_band.csv    generalization_sweep_band.csv: 84 data row(s) at /home/tlancaster/aquacal-frozen-rerun-freeze-01/experiments/results/generalization_sweep_band.csv, as expected.
[PASS] e6_band completeness:generalization_sweep_per_camera_band.csv generalization_sweep_per_camera_band.csv: present at /home/tlancaster/aquacal-frozen-rerun-freeze-01/experiments/results/generalization_sweep_per_camera_band.csv; no row count is pinned for it (new in Phase 23-03 and absent from the committed tree; existence only. Its length is a per-camera expansion of the band, which varies with the cameras axis, so no design arithmetic pins it before Phase 28.)
[PASS] e6_band completeness:e6_seed_band_provenance.json     e6_seed_band_provenance.json: present at /home/tlancaster/aquacal-frozen-rerun-freeze-01/experiments/results/e6_seed_band_provenance.json; no row count is pinned for it (band provenance sidecar. Plan 26-05 added an `axes` field and a scope string derived from the resolved axes, so a band cannot claim coverage it did not have.)

TOTAL: 84 PASS, 8 N/A, 5 FAIL
----- END GATE VERDICT: stage=e6_band exit=1 -----
