[2026-08-20T00:16:22Z] >>> STAGE 13/20: e7_band starting
Experiment output directory: /home/tlancaster/aquacal-frozen-rerun-freeze-01/experiments/results
Running arm shared_fixed...
Running arm shared_refined...
Running arm percamera_fixed...
Running arm percamera_refined...
Running arm shared_fixed...
Running arm shared_refined...
Running arm percamera_fixed...
Running arm percamera_refined...
Running arm shared_fixed...
Running arm shared_refined...
Running arm percamera_fixed...
Running arm percamera_refined...
Running arm shared_fixed...
Running arm shared_refined...
Running arm percamera_fixed...
Running arm percamera_refined...
Running arm shared_fixed...
Running arm shared_refined...
Running arm percamera_fixed...
Running arm percamera_refined...
Running arm shared_fixed...
Running arm shared_refined...
Running arm percamera_fixed...
Running arm percamera_refined...
Running arm shared_fixed...
Running arm shared_refined...
Running arm percamera_fixed...
Running arm percamera_refined...
Running arm shared_fixed...
Running arm shared_refined...
Running arm percamera_fixed...
Running arm percamera_refined...
Running arm shared_fixed...
Running arm shared_refined...
Running arm percamera_fixed...
Running arm percamera_refined...
Running arm shared_fixed...
Running arm shared_refined...
Running arm percamera_fixed...
Running arm percamera_refined...
Wrote /home/tlancaster/aquacal-frozen-rerun-freeze-01/experiments/results/e7_seed_band_provenance.json
Wrote degeneracy breakdown sidecar to /home/tlancaster/aquacal-frozen-rerun-freeze-01/experiments/results/e7_seed_band_degeneracy_breakdown.json
Skipping write to /home/tlancaster/aquacal-frozen-rerun-freeze-01/experiments/results/e7_benchmark_shared_fixed.json: file already exists and --force was not given (resumability).
Skipping write to /home/tlancaster/aquacal-frozen-rerun-freeze-01/experiments/results/e7_benchmark_shared_refined.json: file already exists and --force was not given (resumability).
Skipping write to /home/tlancaster/aquacal-frozen-rerun-freeze-01/experiments/results/e7_benchmark_percamera_fixed.json: file already exists and --force was not given (resumability).
Skipping write to /home/tlancaster/aquacal-frozen-rerun-freeze-01/experiments/results/e7_benchmark_percamera_refined.json: file already exists and --force was not given (resumability).
[2026-08-20T00:38:08Z] <<< STAGE 13/20: e7_band finished exit=0
----- GATE VERDICT: stage=e7_band out_dir=experiments/results -----
[PASS] E1  gate1_guard_count:e1_benchmark_refractive.json e1_benchmark_refractive.json: count=0
[PASS] E1  gate3_provenance:e1_benchmark_refractive.json e1_benchmark_refractive.json: git_sha/seed/water-index present (timestamp = file mtime)
[PASS] E1  gate4_optimality:e1_benchmark_refractive.json e1_benchmark_refractive.json: optimality present per stage
[PASS] E1  gate1_guard_count:e1_benchmark_nonrefractive.json e1_benchmark_nonrefractive.json: count=0
[PASS] E1  gate3_provenance:e1_benchmark_nonrefractive.json e1_benchmark_nonrefractive.json: git_sha/seed/water-index present (timestamp = file mtime)
[PASS] E1  gate4_optimality:e1_benchmark_nonrefractive.json e1_benchmark_nonrefractive.json: optimality present per stage
[N/A ] E1  gate2_status                                  E1's exp1/exp2/exp3 CSVs are fixed byte-identical-header contracts with no status column (record-only per plan 19.3-07)
[FAIL] E3  gate3_provenance:e3_provenance.json           e3_provenance.json not found
[N/A ] E3  gate1_guard_count                             no guard count: E3 runs no calibration (N/A per this gate script's design, see plan 19.3-08)
[N/A ] E3  gate2_status                                  no per-cell status: E3 runs no calibration (N/A per this gate script's design, see plan 19.3-08)
[N/A ] E3  gate4_optimality                              no optimality: E3 runs no calibration (N/A per this gate script's design, see plan 19.3-08)
[FAIL] E4  gate1_guard_count                             no per-cell benchmark.json under /home/tlancaster/aquacal-frozen-rerun-freeze-01/experiments/results/e4_cells
[FAIL] E4  gate3_provenance                              no per-cell benchmark.json under /home/tlancaster/aquacal-frozen-rerun-freeze-01/experiments/results/e4_cells
[FAIL] E4  gate4_optimality                              no per-cell benchmark.json under /home/tlancaster/aquacal-frozen-rerun-freeze-01/experiments/results/e4_cells
[FAIL] E4  gate1_guard_count:benchmark_grid.csv          benchmark_grid.csv not found
[FAIL] E4  gate2_status:benchmark_grid.csv               benchmark_grid.csv not found
[PASS] E5  gate1_guard_count:e5_provenance.json          e5_provenance.json: count=0 [dominant cause=above_interface (0), 0.000% of the 164439 observation(s) evaluated; by fate: 0 extended, 0 penalized (cause and fate are separate axes over the same observations; never add them together)]
[PASS] E5  gate3_provenance:e5_provenance.json           e5_provenance.json: git_sha/seed/water-index present (timestamp = file mtime)
[N/A ] E5  gate4_optimality                              E5's committed artifacts record no per-stage optimality (record-only experiment; see plan 19.3-07)
[N/A ] E5  gate2_status                                  index_sensitivity.csv carries no status column (record-only per plan 19.3-07)
[PASS] E6  gate1_guard_count:e6_configs/baseline.json    e6_configs/baseline.json: count=0
[PASS] E6  gate3_provenance:e6_configs/baseline.json     e6_configs/baseline.json: git_sha/seed/water-index present (timestamp = file mtime)
[PASS] E6  gate4_optimality:e6_configs/baseline.json     e6_configs/baseline.json: optimality present per stage
[PASS] E6  gate1_guard_count:e6_configs/index_1.36.json  e6_configs/index_1.36.json: count=0
[PASS] E6  gate3_provenance:e6_configs/index_1.36.json   e6_configs/index_1.36.json: git_sha/seed/water-index present (timestamp = file mtime)
[PASS] E6  gate4_optimality:e6_configs/index_1.36.json   e6_configs/index_1.36.json: optimality present per stage
[PASS] E6  gate1_guard_count:e6_configs/index_1.39.json  e6_configs/index_1.39.json: count=0
[PASS] E6  gate3_provenance:e6_configs/index_1.39.json   e6_configs/index_1.39.json: git_sha/seed/water-index present (timestamp = file mtime)
[PASS] E6  gate4_optimality:e6_configs/index_1.39.json   e6_configs/index_1.39.json: optimality present per stage
[PASS] E6  gate1_guard_count:e6_configs/index_1.42.json  e6_configs/index_1.42.json: count=0
[PASS] E6  gate3_provenance:e6_configs/index_1.42.json   e6_configs/index_1.42.json: git_sha/seed/water-index present (timestamp = file mtime)
[PASS] E6  gate4_optimality:e6_configs/index_1.42.json   e6_configs/index_1.42.json: optimality present per stage
[PASS] E6  gate1_guard_count:e6_configs/index_1.45.json  e6_configs/index_1.45.json: count=0
[PASS] E6  gate3_provenance:e6_configs/index_1.45.json   e6_configs/index_1.45.json: git_sha/seed/water-index present (timestamp = file mtime)
[PASS] E6  gate4_optimality:e6_configs/index_1.45.json   e6_configs/index_1.45.json: optimality present per stage
[PASS] E6  gate1_guard_count:e6_configs/index_1.48.json  e6_configs/index_1.48.json: count=0
[PASS] E6  gate3_provenance:e6_configs/index_1.48.json   e6_configs/index_1.48.json: git_sha/seed/water-index present (timestamp = file mtime)
[PASS] E6  gate4_optimality:e6_configs/index_1.48.json   e6_configs/index_1.48.json: optimality present per stage
[FAIL] E6  gate1_guard_count:generalization_sweep.csv    generalization_sweep.csv not found
[FAIL] E6  gate2_status:generalization_sweep.csv         generalization_sweep.csv not found
[PASS] E7  gate1_guard_count:e7_benchmark_shared_fixed.json e7_benchmark_shared_fixed.json: count=0
[PASS] E7  gate3_provenance:e7_benchmark_shared_fixed.json e7_benchmark_shared_fixed.json: git_sha/seed/water-index present (timestamp = file mtime)
[PASS] E7  gate4_optimality:e7_benchmark_shared_fixed.json e7_benchmark_shared_fixed.json: optimality present per stage
[PASS] E7  gate1_guard_count:e7_benchmark_shared_refined.json e7_benchmark_shared_refined.json: count=0
[PASS] E7  gate3_provenance:e7_benchmark_shared_refined.json e7_benchmark_shared_refined.json: git_sha/seed/water-index present (timestamp = file mtime)
[PASS] E7  gate4_optimality:e7_benchmark_shared_refined.json e7_benchmark_shared_refined.json: optimality present per stage
[PASS] E7  gate1_guard_count:e7_benchmark_percamera_fixed.json e7_benchmark_percamera_fixed.json: count=0
[PASS] E7  gate3_provenance:e7_benchmark_percamera_fixed.json e7_benchmark_percamera_fixed.json: git_sha/seed/water-index present (timestamp = file mtime)
[PASS] E7  gate4_optimality:e7_benchmark_percamera_fixed.json e7_benchmark_percamera_fixed.json: optimality present per stage
[PASS] E7  gate1_guard_count:e7_benchmark_percamera_refined.json e7_benchmark_percamera_refined.json: count=0
[PASS] E7  gate3_provenance:e7_benchmark_percamera_refined.json e7_benchmark_percamera_refined.json: git_sha/seed/water-index present (timestamp = file mtime)
[PASS] E7  gate4_optimality:e7_benchmark_percamera_refined.json e7_benchmark_percamera_refined.json: optimality present per stage
[N/A ] E7  gate2_status                                  interface_ablation.csv carries no status column (record-only per plan 19.3-07)
[PASS] E7  gate4_band:interface_ablation_band.csv        interface_ablation_band.csv: 10 distinct seed(s) [42, 43, 44, 45, 46, 47, 48, 49, 50, 51] match e7_seed_band_provenance.json's recorded seed list
[N/A ] E1  gate4_band:exp1_band.csv                      exp1_band.csv not present (its stage has not run yet)
[N/A ] E1  gate4_band:exp1_parameter_band.csv            exp1_parameter_band.csv not present (its stage has not run yet)
[N/A ] E6  gate_e6_seed_band                             generalization_sweep_band.csv not present (its stage has not run yet)
[N/A ] E5  gate_e5_seed_band                             index_sensitivity_seed_band.csv not present (its stage has not run yet)
[N/A ] E4  gate_e4_repeat                                benchmark_grid_repeat.csv not present (its stage has not run yet)
[N/A ] E2  gate_e2_band                                  /home/tlancaster/aquacal-frozen-rerun-freeze-01/experiments/results_e2_band not present (its stage has not run yet)
[PASS] ALL gate3_git_sha_consistency                     every artifact carries the same git_sha (3ab9c13723202a58bb50e351b0b6bc0c0ffcd59c)
[PASS] ALL gate3_run_manifest_present                    run_manifest.json found and parsed
[PASS] ALL gate3_run_manifest_fields                     all 17 required environment fields are present and non-null
[PASS] ALL gate3_run_manifest_git_sha                    manifest git_sha matches every artifact (3ab9c13723202a58bb50e351b0b6bc0c0ffcd59c)
[PASS] ALL gate3_run_manifest_clean_tree                 the working tree was clean when this run started
[PASS] e7_band completeness:interface_ablation_band.csv      interface_ablation_band.csv: 480 data row(s) at /home/tlancaster/aquacal-frozen-rerun-freeze-01/experiments/results/interface_ablation_band.csv, as expected.
[PASS] e7_band completeness:e7_seed_band_provenance.json     e7_seed_band_provenance.json: present at /home/tlancaster/aquacal-frozen-rerun-freeze-01/experiments/results/e7_seed_band_provenance.json; no row count is pinned for it (band provenance sidecar, not a table.)
[PASS] e7_band completeness:e7_seed_band_degeneracy_breakdown.json e7_seed_band_degeneracy_breakdown.json: present at /home/tlancaster/aquacal-frozen-rerun-freeze-01/experiments/results/e7_seed_band_degeneracy_breakdown.json; no row count is pinned for it (Phase 24 band-owned sidecar keyed by seed, then arm.)

TOTAL: 47 PASS, 13 N/A, 8 FAIL
----- END GATE VERDICT: stage=e7_band exit=1 -----
