[2026-08-25T00:47:11Z] >>> STAGE 7/20: e2_production starting
[2026-08-25T00:47:11Z] e2: emitting invocation configs from experiments/configs/e2_release_linux.yaml into experiments/results_e2_invocations
Wrote /home/tlancaster/aquacal-frozen-rerun-freeze-02-prod/experiments/results_e2_invocations/config_e2_classification.yaml
Wrote /home/tlancaster/aquacal-frozen-rerun-freeze-02-prod/experiments/results_e2_invocations/config_e2_timing.yaml
Wrote /home/tlancaster/aquacal-frozen-rerun-freeze-02-prod/experiments/results_e2_invocations/config_e2_memory.yaml
Wrote /home/tlancaster/aquacal-frozen-rerun-freeze-02-prod/experiments/results_e2_invocations/e2_invocation_scope.json
[2026-08-25T00:47:11Z] e2_production: emit-invocation-configs exit=0
Experiment output directory: /home/tlancaster/aquacal-frozen-rerun-freeze-02-prod/experiments/results
E2 real-rig run: using explicit config /home/tlancaster/aquacal-frozen-rerun-freeze-02-prod/experiments/results_e2_invocations/config_e2_classification.yaml
Running full calibration pipeline from explicit config...
============================================================
AquaCal Calibration Pipeline
============================================================

[Stage 1] Intrinsic calibration (in-air)...
  Calibrating e3v8250 (1/13)...
  Calibrating e3v829d (2/13)...
  Calibrating e3v82e0 (3/13)...
  Calibrating e3v82f9 (4/13)...
  Calibrating e3v831e (5/13)...
  Calibrating e3v832e (6/13)...
  Calibrating e3v8334 (7/13)...
  Calibrating e3v83e9 (8/13)...
  Calibrating e3v83eb (9/13)...
  Calibrating e3v83ee (10/13)...
  Calibrating e3v83ef (11/13)...
  Calibrating e3v83f0 (12/13)...
  Calibrating e3v83f1 (13/13)...
  e3v8250: RMS 0.512 px
  e3v829d: RMS 0.414 px
  e3v82e0: RMS 0.488 px
  e3v82f9: RMS 0.287 px
  e3v831e: RMS 0.534 px
  e3v832e: RMS 0.502 px
  e3v8334: RMS 0.404 px
  e3v83e9: RMS 0.432 px
  e3v83eb: RMS 0.452 px
  e3v83ee: RMS 0.392 px
  e3v83ef: RMS 0.447 px
  e3v83f0: RMS 0.474 px
  e3v83f1: RMS 0.465 px
  Calibrated 13 cameras

[Detection] Detecting ChArUco in underwater videos...
  Frame 26/262 (9%)
  Frame 52/262 (19%)
  Frame 78/262 (29%)
  Frame 104/262 (39%)
  Frame 130/262 (49%)
  Frame 156/262 (59%)
  Frame 182/262 (69%)
  Frame 208/262 (79%)
  Frame 234/262 (89%)
  Frame 260/262 (99%)
  Frame 262/262 (100%)
  Found 262 usable frames

[Split] Holdout fraction: 0.2 (seed: 42)
  Calibration frames: 210
  Validation frames: 52

[Stage 2] Extrinsic initialization...
  Located e3v829d (1/12)
  Located e3v82e0 (2/12)
  Located e3v82f9 (3/12)
  Located e3v832e (4/12)
  Located e3v8334 (5/12)
  Located e3v83ee (6/12)
  Located e3v83ef (7/12)
  Located e3v83e9 (8/12)
  Located e3v831e (9/12)
  Located e3v83f0 (10/12)
  Located e3v83f1 (11/12)
  Located e3v83eb (12/12)
  Averaging poses...
  Initialized 12 camera poses
  Saved calibration_initial.json
  Saved camera_rig_initial.png

[Frame Selection] Subsampled 210 -> 200 frames for optimization

[Stage 3] Interface and pose optimization...
   Iteration     Total nfev        Cost      Cost reduction    Step norm     Optimality   
       0              1         7.2744e+05                                    1.17e+07    
       1              8         3.9675e+05      3.31e+05       1.01e-02       8.97e+06    
       2              9         2.9895e+05      9.78e+04       2.02e-02       9.24e+06    
       3             11         2.5154e+05      4.74e+04       5.06e-03       8.87e+06    
       4             12         2.3297e+05      1.86e+04       5.06e-03       9.34e+06    
       5             13         2.2956e+05      3.41e+03       5.06e-03       9.67e+06    
       6             14         2.1207e+05      1.75e+04       1.27e-03       8.73e+06    
       7             15         2.0341e+05      8.66e+03       2.53e-03       8.28e+06    
       8             16         1.9709e+05      6.32e+03       2.53e-03       8.42e+06    
       9             17         1.9453e+05      2.56e+03       2.53e-03       8.74e+06    
      10             18         1.8699e+05      7.54e+03       6.33e-04       6.61e+06    
      11             19         1.8027e+05      6.73e+03       1.27e-03       1.88e+06    
      12             20         1.7125e+05      9.02e+03       2.53e-03       9.93e+05    
      13             21         1.5573e+05      1.55e+04       5.06e-03       8.75e+05    
      14             22         1.3367e+05      2.21e+04       1.01e-02       6.20e+05    
      15             23         1.1271e+05      2.10e+04       2.03e-02       2.19e+05    
      16             24         8.7789e+04      2.49e+04       4.05e-02       2.01e+05    
      17             25         6.2961e+04      2.48e+04       8.10e-02       3.49e+05    
      18             26         4.7715e+04      1.52e+04       1.62e-01       2.02e+05    
      19             27         3.9556e+04      8.16e+03       3.24e-01       7.88e+05    
      20             28         3.8670e+04      8.86e+02       3.23e-01       5.72e+05    
      21             29         3.8002e+04      6.68e+02       8.10e-02       3.19e+05    
      22             31         3.6613e+04      1.39e+03       5.06e-03       2.04e+05    
      23             32         3.6271e+04      3.42e+02       5.06e-03       5.79e+04    
      24             33         3.5899e+04      3.72e+02       1.01e-02       3.12e+04    
      25             34         3.5616e+04      2.83e+02       2.02e-02       2.11e+04    
      26             35         3.5328e+04      2.87e+02       4.04e-02       8.91e+03    
      27             36         3.4826e+04      5.02e+02       8.07e-02       3.73e+04    
      28             37         3.3964e+04      8.62e+02       1.62e-01       1.50e+05    
      29             38         3.2892e+04      1.07e+03       3.23e-01       6.01e+05    
      30             39         3.2508e+04      3.84e+02       3.06e-01       5.37e+05    
      31             40         3.2429e+04      7.83e+01       1.29e-02       1.62e+03    
      32             41         3.2429e+04      3.46e-02       2.01e-03       2.41e+01    
      33             42         3.2429e+04      5.13e-05       8.52e-05       2.78e-01    
`ftol` termination condition is satisfied.
Function evaluations 42, initial cost 7.2744e+05, final cost 3.2429e+04, first-order optimality 2.78e-01.
  Stage 3 RMS: 0.928 pixels (878.2s)
  Saved internals/calibration_stage3.json
  [Frame Rejection] No outlier frames (median=0.98 px, threshold=5.00 px). No frames dropped.
  Estimated reference camera tilt: 2.77 degrees
  Water surface Z: 0.9896 m
  Camera heights above water (h_c):
    e3v829d: cam_z=0.0000  h_c=0.9896
    e3v82e0: cam_z=0.0015  h_c=0.9881
    e3v82f9: cam_z=0.0033  h_c=0.9863
    e3v831e: cam_z=0.0058  h_c=0.9839
    e3v832e: cam_z=0.0043  h_c=0.9854
    e3v8334: cam_z=0.0021  h_c=0.9876
    e3v83e9: cam_z=0.0208  h_c=0.9688
    e3v83eb: cam_z=0.0129  h_c=0.9767
    e3v83ee: cam_z=-0.0265  h_c=1.0161
    e3v83ef: cam_z=0.0140  h_c=0.9756
    e3v83f0: cam_z=0.0049  h_c=0.9847
    e3v83f1: cam_z=-0.0540  h_c=1.0437
  Camera height spread: 0.0748 m

[Stage 3: intrinsic pass] Second pass, with intrinsics unlocked...
   Iteration     Total nfev        Cost      Cost reduction    Step norm     Optimality   
       0              1         3.2429e+04                                    4.46e+05    
       1              3         2.4070e+04      8.36e+03       4.11e+01       2.66e+06    
       2              4         2.0753e+04      3.32e+03       8.91e+01       4.45e+05    
       3              5         2.0338e+04      4.15e+02       3.93e+01       1.07e+06    
       4              6         2.0233e+04      1.05e+02       3.77e+00       1.46e+04    
       5              7         2.0233e+04      7.49e-01       1.81e+00       1.09e+03    
       6              8         2.0233e+04      1.13e-01       9.03e-01       7.25e+02    
       7              9         2.0232e+04      4.39e-02       5.68e-01       1.88e+02    
       8             10         2.0232e+04      1.76e-02       3.59e-01       2.38e+02    
       9             11         2.0232e+04      6.91e-03       2.26e-01       1.01e+02    
      10             12         2.0232e+04      2.74e-03       1.43e-01       8.17e+01    
      11             13         2.0232e+04      1.10e-03       9.01e-02       4.45e+01    
      12             14         2.0232e+04      4.37e-04       5.69e-02       3.08e+01    
      13             15         2.0232e+04      1.75e-04       3.60e-02       1.84e+01    
`ftol` termination condition is satisfied.
Function evaluations 15, initial cost 3.2429e+04, final cost 2.0232e+04, first-order optimality 1.84e+01.
/home/tlancaster/aquacal-frozen-rerun-freeze-02-prod/src/aquacal/calibration/pipeline.py:1288: DegenerateObservationWarning: Stage 3's intrinsic pass finished with 198 observation(s) the refractive model could not project -- 0.268% of the 73975 observation(s) this stage evaluated. Dominant cause: above_interface (the corner sits at or above the estimated water surface). By cause: 198 above_interface (the corner sits at or above the estimated water surface), 0 behind_camera (no pixel exists for it), 0 interface_below_camera (the estimated interface fell below an estimated camera center -- a solver-excursion convergence diagnostic, explicitly not a claim about submerged hardware). By fate: 198 were continued with the pinhole extension, which is C0 but not C1 at the refractive/pinhole boundary and carries ZERO water_z gradient -- every other parameter keeps full gradient, so those parameters still contribute to the reported optimality. (The two axes are independent decompositions of the same observations and are never additive.) At 0.268% this is a small tail below the 1% threshold, so it is reported for the record rather than as a verdict on the whole solve: the reported first-order optimality (18.39, termination status 2) is not declared unreliable on the strength of this count alone. Both readings are on the table and this library cannot tell them apart: if this is an authored scenario, the geometry is the fix -- move the board so no corner sits at or above the interface. If this is measured hardware, that fix is not available to you, and what the count does and does not invalidate is stated above, per fate.
  ) = joint_refinement(
  Stage 3 intrinsic pass RMS: 0.712 pixels (389.2s)
  Water surface Z (after refinement): 1.0738 m
  Camera heights above water (h_c):
    e3v829d: cam_z=0.0000  h_c=1.0738
    e3v82e0: cam_z=-0.0064  h_c=1.0802
    e3v82f9: cam_z=-0.0085  h_c=1.0824
    e3v831e: cam_z=0.0024  h_c=1.0714
    e3v832e: cam_z=0.0018  h_c=1.0720
    e3v8334: cam_z=0.0058  h_c=1.0681
    e3v83e9: cam_z=0.0166  h_c=1.0573
    e3v83eb: cam_z=-0.0025  h_c=1.0763
    e3v83ee: cam_z=-0.0387  h_c=1.1125
    e3v83ef: cam_z=0.0054  h_c=1.0684
    e3v83f0: cam_z=0.0267  h_c=1.0472
    e3v83f1: cam_z=-0.0307  h_c=1.1045
  Camera height spread: 0.0653 m
  Saved internals/calibration_stage3_intrinsic_pass.json

[Auxiliary camera registration] Registering 1 auxiliary camera(s) via 10-DOF refinement (extrinsics plus focal length and principal point)...
  e3v8250: 188 frames, 16006 corners
   Iteration     Total nfev        Cost      Cost reduction    Step norm     Optimality   
       0              1         1.8012e+05                                    9.34e+06    
       1              6         1.6278e+05      1.73e+04       8.33e-02       1.22e+07    
       2              8         1.0753e+05      5.52e+04       6.70e-03       7.55e+06    
       3              9         8.8344e+04      1.92e+04       1.27e-02       2.23e+06    
       4             10         8.1472e+04      6.87e+03       1.08e-02       8.39e+05    
       5             11         7.1444e+04      1.00e+04       2.24e-02       3.18e+05    
       6             12         5.2132e+04      1.93e+04       4.54e-02       4.50e+05    
       7             13         1.9612e+04      3.25e+04       1.00e-01       1.66e+06    
       8             14         1.7190e+04      2.42e+03       3.99e+00       5.60e+05    
       9             15         1.5843e+04      1.35e+03       3.78e+00       2.56e+06    
      10             16         1.3810e+04      2.03e+03       8.88e-01       5.16e+05    
      11             17         1.3516e+04      2.94e+02       2.07e+00       3.23e+04    
      12             18         1.3451e+04      6.47e+01       4.28e+00       5.29e+03    
      13             19         1.3417e+04      3.37e+01       6.75e+00       3.93e+02    
      14             20         1.3417e+04      5.26e-03       3.05e-02       1.56e+00    
      15             21         1.3417e+04      7.66e-07       9.98e-04       5.68e-02    
`ftol` termination condition is satisfied.
Function evaluations 21, initial cost 1.8012e+05, final cost 1.3417e+04, first-order optimality 5.68e-02.
  e3v8250: RMS 2.26 px, interface_d=1.0738m (intrinsics refined)

[Validation] Estimating board poses for held-out frames...
  Estimated 52 validation frame poses

[Validation] Computing errors on held-out data...
  Primary cameras:
    Reprojection RMS: 0.928 pixels
    3D distance error: MAE 0.26 mm, RMSE 0.63 mm (0.4% of square size)
  Auxiliary cameras:
    e3v8250: RMS 14.856 pixels

[Diagnostics] Generating report...
  Saved diagnostics to /home/tlancaster/aquacal-frozen-rerun-freeze-02-prod/experiments/results_e2_invocations/e2_classification
  Discards: degenerate_observations_at_solution=198, degenerate_observations_cause_above_interface__stage3_interface_optimization=0, degenerate_observations_cause_above_interface__stage3_intrinsic_pass=198, degenerate_observations_cause_behind_camera__stage3_interface_optimization=0, degenerate_observations_cause_behind_camera__stage3_intrinsic_pass=0, degenerate_observations_cause_interface_below_camera__stage3_interface_optimization=0, degenerate_observations_cause_interface_below_camera__stage3_intrinsic_pass=0, degenerate_observations_fate_extended__stage3_interface_optimization=0, degenerate_observations_fate_extended__stage3_intrinsic_pass=198, degenerate_observations_fate_penalized__stage3_interface_optimization=0, degenerate_observations_fate_penalized__stage3_intrinsic_pass=0, observations_evaluated__stage3_interface_optimization=73975, observations_evaluated__stage3_intrinsic_pass=73975, pnp_attempts_refractive=3548, pnp_attempts_total=3548, pnp_guard_rejected=10, pose_discarded_by_consumer=10

[Save] Saving calibration result...
  Saved to /home/tlancaster/aquacal-frozen-rerun-freeze-02-prod/experiments/results_e2_invocations/e2_classification/calibration.json
  Saved benchmark.json

============================================================
Calibration complete!
  Primary cameras:
    Reprojection RMS: 0.928 pixels
    3D error: MAE 0.26 mm, RMSE 0.63 mm (0.4%)
  Auxiliary cameras:
    e3v8250: RMS 14.856 pixels
============================================================
Wrote /home/tlancaster/aquacal-frozen-rerun-freeze-02-prod/experiments/results/real_rig_metrics.json
Copied /home/tlancaster/aquacal-frozen-rerun-freeze-02-prod/experiments/results_e2_invocations/e2_classification/benchmark.json -> /home/tlancaster/aquacal-frozen-rerun-freeze-02-prod/experiments/results/benchmark.json
Copied /home/tlancaster/aquacal-frozen-rerun-freeze-02-prod/experiments/results_e2_invocations/e2_classification/calibration.json -> /home/tlancaster/aquacal-frozen-rerun-freeze-02-prod/experiments/results/calibration.json
E2 real-rig run complete.
[2026-08-25T01:13:06Z] <<< STAGE 7/20: e2_production finished exit=0
----- GATE VERDICT: stage=e2_production out_dir=experiments/results -----
[PASS] E1  gate1_guard_count:e1_benchmark_refractive.json e1_benchmark_refractive.json: count=0
[PASS] E1  gate3_provenance:e1_benchmark_refractive.json e1_benchmark_refractive.json: git_sha/seed/water-index present (timestamp = file mtime)
[PASS] E1  gate4_optimality:e1_benchmark_refractive.json e1_benchmark_refractive.json: optimality present per stage
[PASS] E1  gate1_guard_count:e1_benchmark_nonrefractive.json e1_benchmark_nonrefractive.json: count=0
[PASS] E1  gate3_provenance:e1_benchmark_nonrefractive.json e1_benchmark_nonrefractive.json: git_sha/seed/water-index present (timestamp = file mtime)
[PASS] E1  gate4_optimality:e1_benchmark_nonrefractive.json e1_benchmark_nonrefractive.json: optimality present per stage
[N/A ] E1  gate2_status                                  E1's exp1/exp2/exp3 CSVs are fixed byte-identical-header contracts with no status column (record-only per plan 19.3-07)
[FAIL] E3  gate3_provenance:e3_provenance.json           e3_provenance.json not found
[N/A ] E3  gate1_guard_count                             no guard count: E3 runs no calibration (N/A per this gate script's design, see plan 19.3-08)
[N/A ] E3  gate2_status                                  no per-cell status: E3 runs no calibration (N/A per this gate script's design, see plan 19.3-08)
[N/A ] E3  gate4_optimality                              no optimality: E3 runs no calibration (N/A per this gate script's design, see plan 19.3-08)
[FAIL] E4  gate1_guard_count                             no per-cell benchmark.json under /home/tlancaster/aquacal-frozen-rerun-freeze-02-prod/experiments/results/e4_cells
[FAIL] E4  gate3_provenance                              no per-cell benchmark.json under /home/tlancaster/aquacal-frozen-rerun-freeze-02-prod/experiments/results/e4_cells
[FAIL] E4  gate4_optimality                              no per-cell benchmark.json under /home/tlancaster/aquacal-frozen-rerun-freeze-02-prod/experiments/results/e4_cells
[FAIL] E4  gate1_guard_count:benchmark_grid.csv          benchmark_grid.csv not found
[FAIL] E4  gate2_status:benchmark_grid.csv               benchmark_grid.csv not found
[PASS] E5  gate1_guard_count:e5_provenance.json          e5_provenance.json: count=0 [dominant cause=above_interface (0), 0.000% of the 164439 observation(s) evaluated; by fate: 0 extended, 0 penalized (cause and fate are separate axes over the same observations; never add them together)]
[PASS] E5  gate3_provenance:e5_provenance.json           e5_provenance.json: git_sha/seed/water-index present (timestamp = file mtime)
[N/A ] E5  gate4_optimality                              E5's committed artifacts record no per-stage optimality (record-only experiment; see plan 19.3-07)
[N/A ] E5  gate2_status                                  index_sensitivity.csv carries no status column (record-only per plan 19.3-07)
[PASS] E6  gate1_guard_count:e6_configs/baseline.json    e6_configs/baseline.json: count=0
[PASS] E6  gate3_provenance:e6_configs/baseline.json     e6_configs/baseline.json: git_sha/seed/water-index present (timestamp = file mtime)
[PASS] E6  gate4_optimality:e6_configs/baseline.json     e6_configs/baseline.json: optimality present per stage
[PASS] E6  gate1_guard_count:e6_configs/index_1.36.json  e6_configs/index_1.36.json: count=0
[PASS] E6  gate3_provenance:e6_configs/index_1.36.json   e6_configs/index_1.36.json: git_sha/seed/water-index present (timestamp = file mtime)
[PASS] E6  gate4_optimality:e6_configs/index_1.36.json   e6_configs/index_1.36.json: optimality present per stage
[PASS] E6  gate1_guard_count:e6_configs/index_1.39.json  e6_configs/index_1.39.json: count=0
[PASS] E6  gate3_provenance:e6_configs/index_1.39.json   e6_configs/index_1.39.json: git_sha/seed/water-index present (timestamp = file mtime)
[PASS] E6  gate4_optimality:e6_configs/index_1.39.json   e6_configs/index_1.39.json: optimality present per stage
[PASS] E6  gate1_guard_count:e6_configs/index_1.42.json  e6_configs/index_1.42.json: count=0
[PASS] E6  gate3_provenance:e6_configs/index_1.42.json   e6_configs/index_1.42.json: git_sha/seed/water-index present (timestamp = file mtime)
[PASS] E6  gate4_optimality:e6_configs/index_1.42.json   e6_configs/index_1.42.json: optimality present per stage
[PASS] E6  gate1_guard_count:e6_configs/index_1.45.json  e6_configs/index_1.45.json: count=0
[PASS] E6  gate3_provenance:e6_configs/index_1.45.json   e6_configs/index_1.45.json: git_sha/seed/water-index present (timestamp = file mtime)
[PASS] E6  gate4_optimality:e6_configs/index_1.45.json   e6_configs/index_1.45.json: optimality present per stage
[PASS] E6  gate1_guard_count:e6_configs/index_1.48.json  e6_configs/index_1.48.json: count=0
[PASS] E6  gate3_provenance:e6_configs/index_1.48.json   e6_configs/index_1.48.json: git_sha/seed/water-index present (timestamp = file mtime)
[PASS] E6  gate4_optimality:e6_configs/index_1.48.json   e6_configs/index_1.48.json: optimality present per stage
[FAIL] E6  gate1_guard_count:generalization_sweep.csv    generalization_sweep.csv not found
[FAIL] E6  gate2_status:generalization_sweep.csv         generalization_sweep.csv not found
[PASS] E7  gate1_guard_count:e7_benchmark_shared_fixed.json e7_benchmark_shared_fixed.json: count=0
[PASS] E7  gate3_provenance:e7_benchmark_shared_fixed.json e7_benchmark_shared_fixed.json: git_sha/seed/water-index present (timestamp = file mtime)
[PASS] E7  gate4_optimality:e7_benchmark_shared_fixed.json e7_benchmark_shared_fixed.json: optimality present per stage
[PASS] E7  gate1_guard_count:e7_benchmark_shared_refined.json e7_benchmark_shared_refined.json: count=0
[PASS] E7  gate3_provenance:e7_benchmark_shared_refined.json e7_benchmark_shared_refined.json: git_sha/seed/water-index present (timestamp = file mtime)
[PASS] E7  gate4_optimality:e7_benchmark_shared_refined.json e7_benchmark_shared_refined.json: optimality present per stage
[PASS] E7  gate1_guard_count:e7_benchmark_percamera_fixed.json e7_benchmark_percamera_fixed.json: count=0
[PASS] E7  gate3_provenance:e7_benchmark_percamera_fixed.json e7_benchmark_percamera_fixed.json: git_sha/seed/water-index present (timestamp = file mtime)
[PASS] E7  gate4_optimality:e7_benchmark_percamera_fixed.json e7_benchmark_percamera_fixed.json: optimality present per stage
[PASS] E7  gate1_guard_count:e7_benchmark_percamera_refined.json e7_benchmark_percamera_refined.json: count=0
[PASS] E7  gate3_provenance:e7_benchmark_percamera_refined.json e7_benchmark_percamera_refined.json: git_sha/seed/water-index present (timestamp = file mtime)
[PASS] E7  gate4_optimality:e7_benchmark_percamera_refined.json e7_benchmark_percamera_refined.json: optimality present per stage
[N/A ] E7  gate2_status                                  interface_ablation.csv carries no status column (record-only per plan 19.3-07)
[PASS] E7  gate4_band:interface_ablation_band.csv        interface_ablation_band.csv: 10 distinct seed(s) [42, 43, 44, 45, 46, 47, 48, 49, 50, 51] match e7_seed_band_provenance.json's recorded seed list
[N/A ] E1  gate4_band:exp1_band.csv                      exp1_band.csv not present (its stage has not run yet)
[N/A ] E1  gate4_band:exp1_parameter_band.csv            exp1_parameter_band.csv not present (its stage has not run yet)
[N/A ] E6  gate_e6_seed_band                             generalization_sweep_band.csv not present (its stage has not run yet)
[N/A ] E5  gate_e5_seed_band                             index_sensitivity_seed_band.csv not present (its stage has not run yet)
[N/A ] E4  gate_e4_repeat                                benchmark_grid_repeat.csv not present (its stage has not run yet)
[N/A ] E2  gate_e2_band                                  /home/tlancaster/aquacal-frozen-rerun-freeze-02-prod/experiments/results_e2_band not present (its stage has not run yet)
[PASS] ALL gate3_git_sha_consistency                     every artifact carries the same git_sha (7005a2771aa115e4f4c1284cec7e145739586a4a)
[PASS] ALL gate3_run_manifest_present                    run_manifest.json found and parsed
[PASS] ALL gate3_run_manifest_fields                     all 17 required environment fields are present and non-null
[PASS] ALL gate3_run_manifest_git_sha                    manifest git_sha matches every artifact (7005a2771aa115e4f4c1284cec7e145739586a4a)
[PASS] ALL gate3_run_manifest_clean_tree                 the working tree was clean when this run started
[PASS] e2_production completeness:benchmark.json                   benchmark.json: present at /home/tlancaster/aquacal-frozen-rerun-freeze-02-prod/experiments/results/benchmark.json; no row count is pinned for it (the pipeline's own benchmark record. Also E4's real-rig input (ordering constraint O4) and E3 tier 3's copy source.)
[PASS] e2_production completeness:camera_parameters.csv            camera_parameters.csv: 13 data row(s) at /home/tlancaster/aquacal-frozen-rerun-freeze-02-prod/experiments/results/camera_parameters.csv, as expected.
[PASS] e2_production completeness:real_rig_metrics.json            real_rig_metrics.json: present at /home/tlancaster/aquacal-frozen-rerun-freeze-02-prod/experiments/results/real_rig_metrics.json; no row count is pinned for it (the metrics record check_e2_band compares each band seed against at rtol 1e-6. Also reconstruction_bootstrap's hard REAL_RIG_METRICS_PATH.)
[PASS] e2_production completeness:reconstruction_errors.csv        reconstruction_errors.csv: present at /home/tlancaster/aquacal-frozen-rerun-freeze-02-prod/experiments/results/reconstruction_errors.csv; no row count is pinned for it (per-point frame whose length is a property of the dataset; existence only. Gitignored by DATA-01b, so it exists on disk after a run but is never committed -- and E2's --check raises FileNotFoundError on a clean checkout because of it.)
[PASS] e2_production completeness:reprojection_residuals.csv       reprojection_residuals.csv: present at /home/tlancaster/aquacal-frozen-rerun-freeze-02-prod/experiments/results/reprojection_residuals.csv; no row count is pinned for it (per-observation frame; existence only. Gitignored by DATA-01b.)
[PASS] e2_production completeness:degenerate_observations.csv      degenerate_observations.csv: present at /home/tlancaster/aquacal-frozen-rerun-freeze-02-prod/experiments/results_e2_invocations/e2_classification/degenerate_observations.csv; no row count is pinned for it (written ONLY when at least one flagged row exists, so a run in which nothing was flagged legitimately produces no file and its absence is PASS, not FAIL (Phase 25 D-08) -- but ONLY when the `condition` below shows the condition did not hold. A stage-agnostic len() double-counts observations flagged in both stage-3 passes -- group by `stage` first. DIRECTORY (D-29.1-17): `aquacal.validation.diagnostics` writes this into the PIPELINE's output_dir, which E2's generated invocation configs set per variant; it is a pipeline-level diagnostic, not an experiment-level --out artifact. The manifest declared `experiments/results` until 2026-08-24, a directory the writer never uses, so the 2026-08-20 roll-up scored it PASS-by-absence while 198 rows sat in the invocation tree. The classification invocation is the copy of record and the one MF-24 cites. The timing and memory invocations write their own byproduct copies of this same file into their own trees; those are properties of two runs whose purpose is timing and memory rather than measurements anyone cites, and they are deliberately not separately gated.)
[PASS] e2_production completeness:all_observation_depths.csv       all_observation_depths.csv: present at /home/tlancaster/aquacal-frozen-rerun-freeze-02-prod/experiments/results_e2_invocations/e2_classification/all_observation_depths.csv; no row count is pinned for it (written ONLY when internals.log_all_observation_depths is true, which rides E2's classification run and nothing else; absence is PASS ONLY when the `condition` below shows that switch was off. Expect about 11 MB on the 13-camera rig. DIRECTORY (D-29.1-17): written by `aquacal.validation.diagnostics` into the PIPELINE's output_dir, i.e. the classification invocation's tree -- never into --out. Only the classification variant sets the switch, so unlike `degenerate_observations.csv` there are no byproduct copies in the timing and memory trees. The file is large and is gitignored under the invocation tree (`experiments/results_e2_invocations/*/all_observation_depths.csv`, committed in 672be71), so it exists on a machine that has run the suite and is never committed -- the same DATA-01b treatment the bulk E2 artifacts already get. It is deliberately NOT duplicated into `experiments/results`, which has no ignore rule for that filename and would trip check-added-large-files --maxkb=1000 for the next person to clone (D-29.1-19).)

TOTAL: 51 PASS, 13 N/A, 8 FAIL
----- END GATE VERDICT: stage=e2_production exit=1 -----
