[2026-08-25T00:55:43Z] >>> STAGE 14/20: e5_band starting
Experiment output directory: /home/tlancaster/aquacal-frozen-rerun-freeze-02-prod/experiments/results
Running n_assumed=1.3230 (n_true=1.3330)...
Stage 2: Extrinsic initialization...
Stage 3: Joint refractive optimization...
`ftol` termination condition is satisfied.
Function evaluations 15, initial cost 1.7464e+04, final cost 3.7027e+03, first-order optimality 1.38e-03.
  reprojection_rms_px=0.7087 scale_bias_pct=0.0394
Running n_assumed=1.3250 (n_true=1.3330)...
Stage 2: Extrinsic initialization...
Stage 3: Joint refractive optimization...
`ftol` termination condition is satisfied.
Function evaluations 16, initial cost 1.6838e+04, final cost 3.6970e+03, first-order optimality 1.03e-03.
  reprojection_rms_px=0.7079 scale_bias_pct=0.0414
Running n_assumed=1.3270 (n_true=1.3330)...
Stage 2: Extrinsic initialization...
Stage 3: Joint refractive optimization...
`ftol` termination condition is satisfied.
Function evaluations 18, initial cost 1.6127e+04, final cost 3.6927e+03, first-order optimality 1.23e-03.
  reprojection_rms_px=0.7072 scale_bias_pct=0.0435
Running n_assumed=1.3290 (n_true=1.3330)...
Stage 2: Extrinsic initialization...
Stage 3: Joint refractive optimization...
`ftol` termination condition is satisfied.
Function evaluations 12, initial cost 1.5683e+04, final cost 3.6900e+03, first-order optimality 7.72e-04.
  reprojection_rms_px=0.7067 scale_bias_pct=0.0456
Running n_assumed=1.3310 (n_true=1.3330)...
Stage 2: Extrinsic initialization...
Stage 3: Joint refractive optimization...
`ftol` termination condition is satisfied.
Function evaluations 15, initial cost 1.6297e+04, final cost 3.6887e+03, first-order optimality 8.21e-04.
  reprojection_rms_px=0.7064 scale_bias_pct=0.0478
Running n_assumed=1.3330 (n_true=1.3330)...
Stage 2: Extrinsic initialization...
Stage 3: Joint refractive optimization...
`ftol` termination condition is satisfied.
Function evaluations 15, initial cost 1.2552e+04, final cost 3.6888e+03, first-order optimality 8.62e-04.
  reprojection_rms_px=0.7062 scale_bias_pct=0.0499
Running n_assumed=1.3350 (n_true=1.3330)...
Stage 2: Extrinsic initialization...
Stage 3: Joint refractive optimization...
`ftol` termination condition is satisfied.
Function evaluations 14, initial cost 1.2199e+04, final cost 3.6904e+03, first-order optimality 1.43e-03.
  reprojection_rms_px=0.7062 scale_bias_pct=0.0521
Running n_assumed=1.3370 (n_true=1.3330)...
Stage 2: Extrinsic initialization...
Stage 3: Joint refractive optimization...
`ftol` termination condition is satisfied.
Function evaluations 15, initial cost 1.5888e+04, final cost 3.6933e+03, first-order optimality 1.92e-03.
  reprojection_rms_px=0.7064 scale_bias_pct=0.0542
Running n_assumed=1.3390 (n_true=1.3330)...
Stage 2: Extrinsic initialization...
Stage 3: Joint refractive optimization...
`ftol` termination condition is satisfied.
Function evaluations 11, initial cost 1.2481e+04, final cost 3.6977e+03, first-order optimality 1.23e-03.
  reprojection_rms_px=0.7067 scale_bias_pct=0.0564
Running n_assumed=1.3410 (n_true=1.3330)...
Stage 2: Extrinsic initialization...
Stage 3: Joint refractive optimization...
`ftol` termination condition is satisfied.
Function evaluations 14, initial cost 1.3081e+04, final cost 3.7035e+03, first-order optimality 1.10e-03.
  reprojection_rms_px=0.7072 scale_bias_pct=0.0586
Running n_assumed=1.3430 (n_true=1.3330)...
Stage 2: Extrinsic initialization...
Stage 3: Joint refractive optimization...
`ftol` termination condition is satisfied.
Function evaluations 15, initial cost 1.6403e+04, final cost 3.7107e+03, first-order optimality 9.76e-04.
  reprojection_rms_px=0.7079 scale_bias_pct=0.0608
Held-out noise floor file not found at /home/tlancaster/aquacal-frozen-rerun-freeze-02-prod/experiments/results/real_rig_metrics.json; holdout_floor_pct and scale_bias_over_floor will be null.
Running n_assumed=1.3230 (n_true=1.3330)...
Stage 2: Extrinsic initialization...
Stage 3: Joint refractive optimization...
`ftol` termination condition is satisfied.
Function evaluations 16, initial cost 4.2275e+04, final cost 3.7047e+03, first-order optimality 1.19e-03.
  reprojection_rms_px=0.7077 scale_bias_pct=0.0211
Running n_assumed=1.3250 (n_true=1.3330)...
Stage 2: Extrinsic initialization...
Stage 3: Joint refractive optimization...
`ftol` termination condition is satisfied.
Function evaluations 17, initial cost 5.1557e+04, final cost 3.6990e+03, first-order optimality 1.04e-03.
  reprojection_rms_px=0.7068 scale_bias_pct=0.0244
Running n_assumed=1.3270 (n_true=1.3330)...
Stage 2: Extrinsic initialization...
Stage 3: Joint refractive optimization...
`ftol` termination condition is satisfied.
Function evaluations 15, initial cost 3.6770e+04, final cost 3.6944e+03, first-order optimality 3.29e-03.
  reprojection_rms_px=0.7061 scale_bias_pct=0.0276
Running n_assumed=1.3290 (n_true=1.3330)...
Stage 2: Extrinsic initialization...
Stage 3: Joint refractive optimization...
Both `ftol` and `xtol` termination conditions are satisfied.
Function evaluations 16, initial cost 3.7105e+04, final cost 3.6910e+03, first-order optimality 8.98e-04.
  reprojection_rms_px=0.7055 scale_bias_pct=0.0309
Running n_assumed=1.3310 (n_true=1.3330)...
Stage 2: Extrinsic initialization...
Stage 3: Joint refractive optimization...
`ftol` termination condition is satisfied.
Function evaluations 22, initial cost 4.9328e+04, final cost 3.6887e+03, first-order optimality 4.03e-03.
  reprojection_rms_px=0.7052 scale_bias_pct=0.0342
Running n_assumed=1.3330 (n_true=1.3330)...
Stage 2: Extrinsic initialization...
Stage 3: Joint refractive optimization...
`ftol` termination condition is satisfied.
Function evaluations 16, initial cost 4.0250e+04, final cost 3.6874e+03, first-order optimality 7.97e-04.
  reprojection_rms_px=0.7051 scale_bias_pct=0.0375
Running n_assumed=1.3350 (n_true=1.3330)...
Stage 2: Extrinsic initialization...
Stage 3: Joint refractive optimization...
`ftol` termination condition is satisfied.
Function evaluations 17, initial cost 4.0086e+04, final cost 3.6873e+03, first-order optimality 2.52e-03.
  reprojection_rms_px=0.7052 scale_bias_pct=0.0408
Running n_assumed=1.3370 (n_true=1.3330)...
Stage 2: Extrinsic initialization...
Stage 3: Joint refractive optimization...
`ftol` termination condition is satisfied.
Function evaluations 21, initial cost 4.0081e+04, final cost 3.6883e+03, first-order optimality 1.84e-03.
  reprojection_rms_px=0.7055 scale_bias_pct=0.0441
Running n_assumed=1.3390 (n_true=1.3330)...
Stage 2: Extrinsic initialization...
Stage 3: Joint refractive optimization...
`ftol` termination condition is satisfied.
Function evaluations 17, initial cost 2.3925e+04, final cost 3.6904e+03, first-order optimality 7.76e-04.
  reprojection_rms_px=0.7059 scale_bias_pct=0.0475
Running n_assumed=1.3410 (n_true=1.3330)...
Stage 2: Extrinsic initialization...
Stage 3: Joint refractive optimization...
`ftol` termination condition is satisfied.
Function evaluations 16, initial cost 3.7299e+04, final cost 3.6936e+03, first-order optimality 9.17e-04.
  reprojection_rms_px=0.7066 scale_bias_pct=0.0508
Running n_assumed=1.3430 (n_true=1.3330)...
Stage 2: Extrinsic initialization...
Stage 3: Joint refractive optimization...
`ftol` termination condition is satisfied.
Function evaluations 19, initial cost 4.5597e+04, final cost 3.6978e+03, first-order optimality 5.02e-03.
  reprojection_rms_px=0.7075 scale_bias_pct=0.0542
Running n_assumed=1.3230 (n_true=1.3330)...
Stage 2: Extrinsic initialization...
Stage 3: Joint refractive optimization...
`ftol` termination condition is satisfied.
Function evaluations 17, initial cost 3.8130e+04, final cost 3.7042e+03, first-order optimality 1.59e-03.
  reprojection_rms_px=0.7075 scale_bias_pct=0.0505
Running n_assumed=1.3250 (n_true=1.3330)...
Stage 2: Extrinsic initialization...
Stage 3: Joint refractive optimization...
`ftol` termination condition is satisfied.
Function evaluations 22, initial cost 3.7652e+04, final cost 3.6966e+03, first-order optimality 8.39e-04.
  reprojection_rms_px=0.7066 scale_bias_pct=0.0524
Running n_assumed=1.3270 (n_true=1.3330)...
Stage 2: Extrinsic initialization...
Stage 3: Joint refractive optimization...
`ftol` termination condition is satisfied.
Function evaluations 23, initial cost 3.7204e+04, final cost 3.6907e+03, first-order optimality 2.06e-03.
  reprojection_rms_px=0.7058 scale_bias_pct=0.0543
Running n_assumed=1.3290 (n_true=1.3330)...
Stage 2: Extrinsic initialization...
Stage 3: Joint refractive optimization...
Both `ftol` and `xtol` termination conditions are satisfied.
Function evaluations 23, initial cost 3.6792e+04, final cost 3.6866e+03, first-order optimality 1.06e-03.
  reprojection_rms_px=0.7053 scale_bias_pct=0.0563
Running n_assumed=1.3310 (n_true=1.3330)...
Stage 2: Extrinsic initialization...
Stage 3: Joint refractive optimization...
Both `ftol` and `xtol` termination conditions are satisfied.
Function evaluations 22, initial cost 3.6412e+04, final cost 3.6841e+03, first-order optimality 1.78e-03.
  reprojection_rms_px=0.7050 scale_bias_pct=0.0582
Running n_assumed=1.3330 (n_true=1.3330)...
Stage 2: Extrinsic initialization...
Stage 3: Joint refractive optimization...
Both `ftol` and `xtol` termination conditions are satisfied.
Function evaluations 22, initial cost 3.6066e+04, final cost 3.6833e+03, first-order optimality 9.46e-04.
  reprojection_rms_px=0.7050 scale_bias_pct=0.0602
Running n_assumed=1.3350 (n_true=1.3330)...
Stage 2: Extrinsic initialization...
Stage 3: Joint refractive optimization...
`ftol` termination condition is satisfied.
Function evaluations 19, initial cost 3.5757e+04, final cost 3.6842e+03, first-order optimality 6.54e-03.
  reprojection_rms_px=0.7051 scale_bias_pct=0.0622
Running n_assumed=1.3370 (n_true=1.3330)...
Stage 2: Extrinsic initialization...
Stage 3: Joint refractive optimization...
`ftol` termination condition is satisfied.
Function evaluations 21, initial cost 3.5484e+04, final cost 3.6867e+03, first-order optimality 1.66e-03.
  reprojection_rms_px=0.7055 scale_bias_pct=0.0642
Running n_assumed=1.3390 (n_true=1.3330)...
Stage 2: Extrinsic initialization...
Stage 3: Joint refractive optimization...
`ftol` termination condition is satisfied.
Function evaluations 20, initial cost 3.5251e+04, final cost 3.6909e+03, first-order optimality 1.49e-03.
  reprojection_rms_px=0.7060 scale_bias_pct=0.0662
Running n_assumed=1.3410 (n_true=1.3330)...
Stage 2: Extrinsic initialization...
Stage 3: Joint refractive optimization...
`ftol` termination condition is satisfied.
Function evaluations 22, initial cost 3.5052e+04, final cost 3.6967e+03, first-order optimality 1.39e-03.
  reprojection_rms_px=0.7068 scale_bias_pct=0.0683
Running n_assumed=1.3430 (n_true=1.3330)...
Stage 2: Extrinsic initialization...
Stage 3: Joint refractive optimization...
`ftol` termination condition is satisfied.
Function evaluations 16, initial cost 3.4891e+04, final cost 3.7042e+03, first-order optimality 2.21e-03.
  reprojection_rms_px=0.7078 scale_bias_pct=0.0703
Running n_assumed=1.3230 (n_true=1.3330)...
Stage 2: Extrinsic initialization...
Stage 3: Joint refractive optimization...
`ftol` termination condition is satisfied.
Function evaluations 11, initial cost 1.4543e+04, final cost 4.0502e+03, first-order optimality 1.58e-03.
  reprojection_rms_px=0.7125 scale_bias_pct=0.0181
Running n_assumed=1.3250 (n_true=1.3330)...
Stage 2: Extrinsic initialization...
Stage 3: Joint refractive optimization...
`ftol` termination condition is satisfied.
Function evaluations 10, initial cost 1.4530e+04, final cost 4.0430e+03, first-order optimality 1.77e-03.
  reprojection_rms_px=0.7118 scale_bias_pct=0.0206
Running n_assumed=1.3270 (n_true=1.3330)...
Stage 2: Extrinsic initialization...
Stage 3: Joint refractive optimization...
`ftol` termination condition is satisfied.
Function evaluations 10, initial cost 1.4572e+04, final cost 4.0375e+03, first-order optimality 1.26e-03.
  reprojection_rms_px=0.7113 scale_bias_pct=0.0232
Running n_assumed=1.3290 (n_true=1.3330)...
Stage 2: Extrinsic initialization...
Stage 3: Joint refractive optimization...
`ftol` termination condition is satisfied.
Function evaluations 10, initial cost 1.4670e+04, final cost 4.0336e+03, first-order optimality 1.10e-03.
  reprojection_rms_px=0.7110 scale_bias_pct=0.0257
Running n_assumed=1.3310 (n_true=1.3330)...
Stage 2: Extrinsic initialization...
Stage 3: Joint refractive optimization...
`ftol` termination condition is satisfied.
Function evaluations 10, initial cost 1.4825e+04, final cost 4.0315e+03, first-order optimality 1.70e-03.
  reprojection_rms_px=0.7108 scale_bias_pct=0.0283
Running n_assumed=1.3330 (n_true=1.3330)...
Stage 2: Extrinsic initialization...
Stage 3: Joint refractive optimization...
`ftol` termination condition is satisfied.
Function evaluations 10, initial cost 1.5037e+04, final cost 4.0311e+03, first-order optimality 1.09e-03.
  reprojection_rms_px=0.7107 scale_bias_pct=0.0309
Running n_assumed=1.3350 (n_true=1.3330)...
Stage 2: Extrinsic initialization...
Stage 3: Joint refractive optimization...
`ftol` termination condition is satisfied.
Function evaluations 10, initial cost 1.5307e+04, final cost 4.0323e+03, first-order optimality 7.62e-04.
  reprojection_rms_px=0.7108 scale_bias_pct=0.0335
Running n_assumed=1.3370 (n_true=1.3330)...
Stage 2: Extrinsic initialization...
Stage 3: Joint refractive optimization...
`ftol` termination condition is satisfied.
Function evaluations 10, initial cost 1.5633e+04, final cost 4.0352e+03, first-order optimality 1.27e-03.
  reprojection_rms_px=0.7111 scale_bias_pct=0.0361
Running n_assumed=1.3390 (n_true=1.3330)...
Stage 2: Extrinsic initialization...
Stage 3: Joint refractive optimization...
`ftol` termination condition is satisfied.
Function evaluations 11, initial cost 1.6016e+04, final cost 4.0398e+03, first-order optimality 9.03e-04.
  reprojection_rms_px=0.7115 scale_bias_pct=0.0387
Running n_assumed=1.3410 (n_true=1.3330)...
Stage 2: Extrinsic initialization...
Stage 3: Joint refractive optimization...
`ftol` termination condition is satisfied.
Function evaluations 11, initial cost 1.6454e+04, final cost 4.0460e+03, first-order optimality 1.05e-03.
  reprojection_rms_px=0.7120 scale_bias_pct=0.0414
Running n_assumed=1.3430 (n_true=1.3330)...
Stage 2: Extrinsic initialization...
Stage 3: Joint refractive optimization...
`ftol` termination condition is satisfied.
Function evaluations 11, initial cost 1.6948e+04, final cost 4.0538e+03, first-order optimality 8.31e-04.
  reprojection_rms_px=0.7127 scale_bias_pct=0.0440
Running n_assumed=1.3230 (n_true=1.3330)...
Stage 2: Extrinsic initialization...
Stage 3: Joint refractive optimization...
`ftol` termination condition is satisfied.
Function evaluations 17, initial cost 1.5749e+04, final cost 3.8771e+03, first-order optimality 1.80e-03.
  reprojection_rms_px=0.7083 scale_bias_pct=0.0463
Running n_assumed=1.3250 (n_true=1.3330)...
Stage 2: Extrinsic initialization...
Stage 3: Joint refractive optimization...
`ftol` termination condition is satisfied.
Function evaluations 17, initial cost 1.5011e+04, final cost 3.8704e+03, first-order optimality 9.04e-04.
  reprojection_rms_px=0.7076 scale_bias_pct=0.0483
Running n_assumed=1.3270 (n_true=1.3330)...
Stage 2: Extrinsic initialization...
Stage 3: Joint refractive optimization...
`ftol` termination condition is satisfied.
Function evaluations 17, initial cost 1.4301e+04, final cost 3.8652e+03, first-order optimality 8.16e-04.
  reprojection_rms_px=0.7071 scale_bias_pct=0.0503
Running n_assumed=1.3290 (n_true=1.3330)...
Stage 2: Extrinsic initialization...
Stage 3: Joint refractive optimization...
`ftol` termination condition is satisfied.
Function evaluations 14, initial cost 1.3625e+04, final cost 3.8615e+03, first-order optimality 2.40e-03.
  reprojection_rms_px=0.7067 scale_bias_pct=0.0523
Running n_assumed=1.3310 (n_true=1.3330)...
Stage 2: Extrinsic initialization...
Stage 3: Joint refractive optimization...
Both `ftol` and `xtol` termination conditions are satisfied.
Function evaluations 14, initial cost 1.2985e+04, final cost 3.8593e+03, first-order optimality 1.17e-03.
  reprojection_rms_px=0.7064 scale_bias_pct=0.0543
Running n_assumed=1.3330 (n_true=1.3330)...
Stage 2: Extrinsic initialization...
Stage 3: Joint refractive optimization...
`ftol` termination condition is satisfied.
Function evaluations 12, initial cost 1.2386e+04, final cost 3.8585e+03, first-order optimality 1.30e-03.
  reprojection_rms_px=0.7064 scale_bias_pct=0.0563
Running n_assumed=1.3350 (n_true=1.3330)...
Stage 2: Extrinsic initialization...
Stage 3: Joint refractive optimization...
`ftol` termination condition is satisfied.
Function evaluations 14, initial cost 1.1833e+04, final cost 3.8592e+03, first-order optimality 9.34e-04.
  reprojection_rms_px=0.7064 scale_bias_pct=0.0583
Running n_assumed=1.3370 (n_true=1.3330)...
Stage 2: Extrinsic initialization...
Stage 3: Joint refractive optimization...
`ftol` termination condition is satisfied.
Function evaluations 13, initial cost 1.1329e+04, final cost 3.8614e+03, first-order optimality 7.63e-04.
  reprojection_rms_px=0.7066 scale_bias_pct=0.0604
Running n_assumed=1.3390 (n_true=1.3330)...
Stage 2: Extrinsic initialization...
Stage 3: Joint refractive optimization...
`ftol` termination condition is satisfied.
Function evaluations 12, initial cost 1.0882e+04, final cost 3.8650e+03, first-order optimality 1.09e-03.
  reprojection_rms_px=0.7070 scale_bias_pct=0.0624
Running n_assumed=1.3410 (n_true=1.3330)...
Stage 2: Extrinsic initialization...
Stage 3: Joint refractive optimization...
`ftol` termination condition is satisfied.
Function evaluations 13, initial cost 1.0496e+04, final cost 3.8700e+03, first-order optimality 2.36e-03.
  reprojection_rms_px=0.7075 scale_bias_pct=0.0645
Running n_assumed=1.3430 (n_true=1.3330)...
Stage 2: Extrinsic initialization...
Stage 3: Joint refractive optimization...
`ftol` termination condition is satisfied.
Function evaluations 10, initial cost 1.0175e+04, final cost 3.8765e+03, first-order optimality 1.75e-03.
  reprojection_rms_px=0.7081 scale_bias_pct=0.0666
Running n_assumed=1.3230 (n_true=1.3330)...
Stage 2: Extrinsic initialization...
Stage 3: Joint refractive optimization...
`ftol` termination condition is satisfied.
Function evaluations 23, initial cost 4.8782e+04, final cost 4.0793e+03, first-order optimality 2.71e-03.
  reprojection_rms_px=0.7096 scale_bias_pct=0.0418
Running n_assumed=1.3250 (n_true=1.3330)...
Stage 2: Extrinsic initialization...
Stage 3: Joint refractive optimization...
`ftol` termination condition is satisfied.
Function evaluations 24, initial cost 4.8032e+04, final cost 4.0720e+03, first-order optimality 1.15e-03.
  reprojection_rms_px=0.7087 scale_bias_pct=0.0443
Running n_assumed=1.3270 (n_true=1.3330)...
Stage 2: Extrinsic initialization...
Stage 3: Joint refractive optimization...
`ftol` termination condition is satisfied.
Function evaluations 18, initial cost 4.7296e+04, final cost 4.0667e+03, first-order optimality 1.39e-03.
  reprojection_rms_px=0.7080 scale_bias_pct=0.0469
Running n_assumed=1.3290 (n_true=1.3330)...
Stage 2: Extrinsic initialization...
Stage 3: Joint refractive optimization...
Both `ftol` and `xtol` termination conditions are satisfied.
Function evaluations 17, initial cost 4.6574e+04, final cost 4.0631e+03, first-order optimality 7.85e-04.
  reprojection_rms_px=0.7074 scale_bias_pct=0.0496
Running n_assumed=1.3310 (n_true=1.3330)...
Stage 2: Extrinsic initialization...
Stage 3: Joint refractive optimization...
`ftol` termination condition is satisfied.
Function evaluations 16, initial cost 4.5868e+04, final cost 4.0615e+03, first-order optimality 3.30e-03.
  reprojection_rms_px=0.7071 scale_bias_pct=0.0522
Running n_assumed=1.3330 (n_true=1.3330)...
Stage 2: Extrinsic initialization...
Stage 3: Joint refractive optimization...
`ftol` termination condition is satisfied.
Function evaluations 16, initial cost 4.5181e+04, final cost 4.0616e+03, first-order optimality 4.96e-02.
  reprojection_rms_px=0.7069 scale_bias_pct=0.0549
Running n_assumed=1.3350 (n_true=1.3330)...
Stage 2: Extrinsic initialization...
Stage 3: Joint refractive optimization...
`ftol` termination condition is satisfied.
Function evaluations 16, initial cost 4.4512e+04, final cost 4.0636e+03, first-order optimality 6.70e-03.
  reprojection_rms_px=0.7069 scale_bias_pct=0.0575
Running n_assumed=1.3370 (n_true=1.3330)...
Stage 2: Extrinsic initialization...
Stage 3: Joint refractive optimization...
`ftol` termination condition is satisfied.
Function evaluations 16, initial cost 4.3865e+04, final cost 4.0674e+03, first-order optimality 1.06e-02.
  reprojection_rms_px=0.7070 scale_bias_pct=0.0602
Running n_assumed=1.3390 (n_true=1.3330)...
Stage 2: Extrinsic initialization...
Stage 3: Joint refractive optimization...
`ftol` termination condition is satisfied.
Function evaluations 16, initial cost 4.3239e+04, final cost 4.0730e+03, first-order optimality 5.62e-03.
  reprojection_rms_px=0.7073 scale_bias_pct=0.0629
Running n_assumed=1.3410 (n_true=1.3330)...
Stage 2: Extrinsic initialization...
Stage 3: Joint refractive optimization...
`ftol` termination condition is satisfied.
Function evaluations 16, initial cost 4.2637e+04, final cost 4.0804e+03, first-order optimality 5.43e-03.
  reprojection_rms_px=0.7078 scale_bias_pct=0.0656
Running n_assumed=1.3430 (n_true=1.3330)...
Stage 2: Extrinsic initialization...
Stage 3: Joint refractive optimization...
`ftol` termination condition is satisfied.
Function evaluations 16, initial cost 4.2060e+04, final cost 4.0895e+03, first-order optimality 4.36e-03.
  reprojection_rms_px=0.7085 scale_bias_pct=0.0684
Wrote degeneracy breakdown sidecar to /home/tlancaster/aquacal-frozen-rerun-freeze-02-prod/experiments/results/e5_seed_band_degeneracy_breakdown.json
Wrote /home/tlancaster/aquacal-frozen-rerun-freeze-02-prod/experiments/results/index_sensitivity_seed_band.csv and /home/tlancaster/aquacal-frozen-rerun-freeze-02-prod/experiments/results/e5_seed_band_provenance.json
[2026-08-25T01:48:39Z] <<< STAGE 14/20: e5_band finished exit=0
----- GATE VERDICT: stage=e5_band out_dir=experiments/results -----
[PASS] E1  gate1_guard_count:e1_benchmark_refractive.json e1_benchmark_refractive.json: count=0
[PASS] E1  gate3_provenance:e1_benchmark_refractive.json e1_benchmark_refractive.json: git_sha/seed/water-index present (timestamp = file mtime)
[PASS] E1  gate4_optimality:e1_benchmark_refractive.json e1_benchmark_refractive.json: optimality present per stage
[PASS] E1  gate1_guard_count:e1_benchmark_nonrefractive.json e1_benchmark_nonrefractive.json: count=0
[PASS] E1  gate3_provenance:e1_benchmark_nonrefractive.json e1_benchmark_nonrefractive.json: git_sha/seed/water-index present (timestamp = file mtime)
[PASS] E1  gate4_optimality:e1_benchmark_nonrefractive.json e1_benchmark_nonrefractive.json: optimality present per stage
[N/A ] E1  gate2_status                                  E1's exp1/exp2/exp3 CSVs are fixed byte-identical-header contracts with no status column (record-only per plan 19.3-07)
[PASS] E3  gate3_provenance:e3_provenance.json           e3_provenance.json: git_sha/seed/water-index present (timestamp = file mtime)
[N/A ] E3  gate1_guard_count                             no guard count: E3 runs no calibration (N/A per this gate script's design, see plan 19.3-08)
[N/A ] E3  gate2_status                                  no per-cell status: E3 runs no calibration (N/A per this gate script's design, see plan 19.3-08)
[N/A ] E3  gate4_optimality                              no optimality: E3 runs no calibration (N/A per this gate script's design, see plan 19.3-08)
[FAIL] E4  gate1_guard_count                             no per-cell benchmark.json under /home/tlancaster/aquacal-frozen-rerun-freeze-02-prod/experiments/results/e4_cells
[FAIL] E4  gate3_provenance                              no per-cell benchmark.json under /home/tlancaster/aquacal-frozen-rerun-freeze-02-prod/experiments/results/e4_cells
[FAIL] E4  gate4_optimality                              no per-cell benchmark.json under /home/tlancaster/aquacal-frozen-rerun-freeze-02-prod/experiments/results/e4_cells
[FAIL] E4  gate1_guard_count:benchmark_grid.csv          benchmark_grid.csv not found
[FAIL] E4  gate2_status:benchmark_grid.csv               benchmark_grid.csv not found
[PASS] E5  gate1_guard_count:e5_provenance.json          e5_provenance.json: count=0 [dominant cause=above_interface (0), 0.000% of the 164439 observation(s) evaluated; by fate: 0 extended, 0 penalized (cause and fate are separate axes over the same observations; never add them together)]
[PASS] E5  gate3_provenance:e5_provenance.json           e5_provenance.json: git_sha/seed/water-index present (timestamp = file mtime)
[N/A ] E5  gate4_optimality                              E5's committed artifacts record no per-stage optimality (record-only experiment; see plan 19.3-07)
[N/A ] E5  gate2_status                                  index_sensitivity.csv carries no status column (record-only per plan 19.3-07)
[PASS] E6  gate1_guard_count:e6_configs/baseline.json    e6_configs/baseline.json: count=0
[PASS] E6  gate3_provenance:e6_configs/baseline.json     e6_configs/baseline.json: git_sha/seed/water-index present (timestamp = file mtime)
[PASS] E6  gate4_optimality:e6_configs/baseline.json     e6_configs/baseline.json: optimality present per stage
[PASS] E6  gate1_guard_count:e6_configs/index_1.36.json  e6_configs/index_1.36.json: count=0
[PASS] E6  gate3_provenance:e6_configs/index_1.36.json   e6_configs/index_1.36.json: git_sha/seed/water-index present (timestamp = file mtime)
[PASS] E6  gate4_optimality:e6_configs/index_1.36.json   e6_configs/index_1.36.json: optimality present per stage
[PASS] E6  gate1_guard_count:e6_configs/index_1.39.json  e6_configs/index_1.39.json: count=0
[PASS] E6  gate3_provenance:e6_configs/index_1.39.json   e6_configs/index_1.39.json: git_sha/seed/water-index present (timestamp = file mtime)
[PASS] E6  gate4_optimality:e6_configs/index_1.39.json   e6_configs/index_1.39.json: optimality present per stage
[PASS] E6  gate1_guard_count:e6_configs/index_1.42.json  e6_configs/index_1.42.json: count=0
[PASS] E6  gate3_provenance:e6_configs/index_1.42.json   e6_configs/index_1.42.json: git_sha/seed/water-index present (timestamp = file mtime)
[PASS] E6  gate4_optimality:e6_configs/index_1.42.json   e6_configs/index_1.42.json: optimality present per stage
[PASS] E6  gate1_guard_count:e6_configs/index_1.45.json  e6_configs/index_1.45.json: count=0
[PASS] E6  gate3_provenance:e6_configs/index_1.45.json   e6_configs/index_1.45.json: git_sha/seed/water-index present (timestamp = file mtime)
[PASS] E6  gate4_optimality:e6_configs/index_1.45.json   e6_configs/index_1.45.json: optimality present per stage
[PASS] E6  gate1_guard_count:e6_configs/index_1.48.json  e6_configs/index_1.48.json: count=0
[PASS] E6  gate3_provenance:e6_configs/index_1.48.json   e6_configs/index_1.48.json: git_sha/seed/water-index present (timestamp = file mtime)
[PASS] E6  gate4_optimality:e6_configs/index_1.48.json   e6_configs/index_1.48.json: optimality present per stage
[PASS] E6  gate1_guard_count:e6_configs/index_1.51.json  e6_configs/index_1.51.json: count=0
[PASS] E6  gate3_provenance:e6_configs/index_1.51.json   e6_configs/index_1.51.json: git_sha/seed/water-index present (timestamp = file mtime)
[PASS] E6  gate4_optimality:e6_configs/index_1.51.json   e6_configs/index_1.51.json: optimality present per stage
[PASS] E6  gate1_guard_count:e6_configs/index_1.55.json  e6_configs/index_1.55.json: count=0
[PASS] E6  gate3_provenance:e6_configs/index_1.55.json   e6_configs/index_1.55.json: git_sha/seed/water-index present (timestamp = file mtime)
[PASS] E6  gate4_optimality:e6_configs/index_1.55.json   e6_configs/index_1.55.json: optimality present per stage
[PASS] E6  gate1_guard_count:e6_configs/layout_line.json e6_configs/layout_line.json: count=0
[PASS] E6  gate3_provenance:e6_configs/layout_line.json  e6_configs/layout_line.json: git_sha/seed/water-index present (timestamp = file mtime)
[PASS] E6  gate4_optimality:e6_configs/layout_line.json  e6_configs/layout_line.json: optimality present per stage
[PASS] E6  gate1_guard_count:e6_configs/layout_ring.json e6_configs/layout_ring.json: count=0
[PASS] E6  gate3_provenance:e6_configs/layout_ring.json  e6_configs/layout_ring.json: git_sha/seed/water-index present (timestamp = file mtime)
[PASS] E6  gate4_optimality:e6_configs/layout_ring.json  e6_configs/layout_ring.json: optimality present per stage
[PASS] E6  gate1_guard_count:e6_configs/scale_double_scale.json e6_configs/scale_double_scale.json: count=0
[PASS] E6  gate3_provenance:e6_configs/scale_double_scale.json e6_configs/scale_double_scale.json: git_sha/seed/water-index present (timestamp = file mtime)
[PASS] E6  gate4_optimality:e6_configs/scale_double_scale.json e6_configs/scale_double_scale.json: optimality present per stage
[PASS] E6  gate1_guard_count:e6_configs/scale_half_scale.json e6_configs/scale_half_scale.json: count=0
[PASS] E6  gate3_provenance:e6_configs/scale_half_scale.json e6_configs/scale_half_scale.json: git_sha/seed/water-index present (timestamp = file mtime)
[PASS] E6  gate4_optimality:e6_configs/scale_half_scale.json e6_configs/scale_half_scale.json: optimality present per stage
[PASS] E6  gate1_guard_count:generalization_sweep.csv    generalization_sweep.csv: 14 row(s), guard count zero everywhere
[PASS] E6  gate2_status:generalization_sweep.csv         generalization_sweep.csv: no row published with status=='degenerate'
[PASS] E7  gate1_guard_count:e7_benchmark_shared_fixed.json e7_benchmark_shared_fixed.json: count=0
[PASS] E7  gate3_provenance:e7_benchmark_shared_fixed.json e7_benchmark_shared_fixed.json: git_sha/seed/water-index present (timestamp = file mtime)
[PASS] E7  gate4_optimality:e7_benchmark_shared_fixed.json e7_benchmark_shared_fixed.json: optimality present per stage
[PASS] E7  gate1_guard_count:e7_benchmark_shared_refined.json e7_benchmark_shared_refined.json: count=0
[PASS] E7  gate3_provenance:e7_benchmark_shared_refined.json e7_benchmark_shared_refined.json: git_sha/seed/water-index present (timestamp = file mtime)
[PASS] E7  gate4_optimality:e7_benchmark_shared_refined.json e7_benchmark_shared_refined.json: optimality present per stage
[PASS] E7  gate1_guard_count:e7_benchmark_percamera_fixed.json e7_benchmark_percamera_fixed.json: count=0
[PASS] E7  gate3_provenance:e7_benchmark_percamera_fixed.json e7_benchmark_percamera_fixed.json: git_sha/seed/water-index present (timestamp = file mtime)
[PASS] E7  gate4_optimality:e7_benchmark_percamera_fixed.json e7_benchmark_percamera_fixed.json: optimality present per stage
[PASS] E7  gate1_guard_count:e7_benchmark_percamera_refined.json e7_benchmark_percamera_refined.json: count=0
[PASS] E7  gate3_provenance:e7_benchmark_percamera_refined.json e7_benchmark_percamera_refined.json: git_sha/seed/water-index present (timestamp = file mtime)
[PASS] E7  gate4_optimality:e7_benchmark_percamera_refined.json e7_benchmark_percamera_refined.json: optimality present per stage
[N/A ] E7  gate2_status                                  interface_ablation.csv carries no status column (record-only per plan 19.3-07)
[PASS] E7  gate4_band:interface_ablation_band.csv        interface_ablation_band.csv: 10 distinct seed(s) [42, 43, 44, 45, 46, 47, 48, 49, 50, 51] match e7_seed_band_provenance.json's recorded seed list
[PASS] E1  gate4_band:exp1_band.csv                      exp1_band.csv: 4 distinct seed(s) [42, 43, 44, 45] match e1_seed_band_provenance.json's recorded seed list
[PASS] E1  gate4_band:exp1_parameter_band.csv            exp1_parameter_band.csv: 4 distinct seed(s) [42, 43, 44, 45] match e1_seed_band_provenance.json's recorded seed list
[N/A ] E6  gate_e6_seed_band                             generalization_sweep_band.csv not present (its stage has not run yet)
[PASS] E5  gate_e5_seed_band:seed_count                  index_sensitivity_seed_band.csv: 6 distinct seeds [42, 43, 44, 45, 46, 47]
[PASS] E5  gate_e5_seed_band:sidecar_seeds               e5_seed_band_provenance.json carries solver_config['seeds']
[PASS] E5  gate_e5_seed_band:n_assumed_band              e5_seed_band_provenance.json carries n_assumed_band alongside seeds
[PASS] E5  gate_e5_seed_band:scope                       e5_seed_band_provenance.json scope: "This band varies the SEED across the fixed N_ASSUMED_BAND sweep of the assumed refractive index, and bounds seed-to-seed noise in E5's scale-bias measurement. It is DISTINCT from n_assumed_band (also present in this sidecar), which varies the assumed index at ONE seed and bounds nothing about seed noise -- conflating the two is exactly what demoted E5's accuracy claim under D-19.3-17 (D-19.5-05)."
[N/A ] E4  gate_e4_repeat                                benchmark_grid_repeat.csv not present (its stage has not run yet)
[FAIL] E2  gate_e2_band:seed_43_e2_out                   seed_43_e2_out/real_rig_metrics.json missing or unreadable
[FAIL] E2  gate_e2_band:record_count                     found 1 per-seed metric record(s) under /home/tlancaster/aquacal-frozen-rerun-freeze-02-prod/experiments/results_e2_band, expected exactly 3
[PASS] E2  gate_e2_band:seed42_reproduction              seed-42 band record matches /home/tlancaster/aquacal-frozen-rerun-freeze-02-prod/experiments/results/real_rig_metrics.json within rtol=1e-06
[PASS] E2  gate_e2_band:scope                            e2_band_scope.json scope states both required phrases
[PASS] ALL gate3_git_sha_consistency                     every artifact carries the same git_sha (7005a2771aa115e4f4c1284cec7e145739586a4a)
[PASS] ALL gate3_run_manifest_present                    run_manifest.json found and parsed
[PASS] ALL gate3_run_manifest_fields                     all 17 required environment fields are present and non-null
[PASS] ALL gate3_run_manifest_git_sha                    manifest git_sha matches every artifact (7005a2771aa115e4f4c1284cec7e145739586a4a)
[PASS] ALL gate3_run_manifest_clean_tree                 the working tree was clean when this run started
[PASS] e5_band completeness:index_sensitivity_seed_band.csv  index_sensitivity_seed_band.csv: 66 data row(s) at /home/tlancaster/aquacal-frozen-rerun-freeze-02-prod/experiments/results/index_sensitivity_seed_band.csv, as expected.
[PASS] e5_band completeness:e5_seed_band_provenance.json     e5_seed_band_provenance.json: present at /home/tlancaster/aquacal-frozen-rerun-freeze-02-prod/experiments/results/e5_seed_band_provenance.json; no row count is pinned for it (band provenance sidecar, not a table.)
[PASS] e5_band completeness:e5_seed_band_degeneracy_breakdown.json e5_seed_band_degeneracy_breakdown.json: present at /home/tlancaster/aquacal-frozen-rerun-freeze-02-prod/experiments/results/e5_seed_band_degeneracy_breakdown.json; no row count is pinned for it (Phase 24 band-owned sidecar keyed by seed.)

TOTAL: 76 PASS, 9 N/A, 7 FAIL
----- END GATE VERDICT: stage=e5_band exit=1 -----
