[2026-08-25T00:47:09Z] >>> STAGE 5/20: e7 starting
Experiment output directory: /home/tlancaster/aquacal-frozen-rerun-freeze-02-prod/experiments/results
Running arm shared_fixed...
Running arm shared_refined...
Running arm percamera_fixed...
Running arm percamera_refined...
Wrote degeneracy breakdown sidecar to /home/tlancaster/aquacal-frozen-rerun-freeze-02-prod/experiments/results/e7_degeneracy_breakdown.json
[2026-08-25T00:49:18Z] <<< STAGE 5/20: e7 finished exit=0
----- GATE VERDICT: stage=e7 out_dir=experiments/results -----
[PASS] E1  gate1_guard_count:e1_benchmark_refractive.json e1_benchmark_refractive.json: count=0
[PASS] E1  gate3_provenance:e1_benchmark_refractive.json e1_benchmark_refractive.json: git_sha/seed/water-index present (timestamp = file mtime)
[PASS] E1  gate4_optimality:e1_benchmark_refractive.json e1_benchmark_refractive.json: optimality present per stage
[PASS] E1  gate1_guard_count:e1_benchmark_nonrefractive.json e1_benchmark_nonrefractive.json: count=0
[PASS] E1  gate3_provenance:e1_benchmark_nonrefractive.json e1_benchmark_nonrefractive.json: git_sha/seed/water-index present (timestamp = file mtime)
[PASS] E1  gate4_optimality:e1_benchmark_nonrefractive.json e1_benchmark_nonrefractive.json: optimality present per stage
[N/A ] E1  gate2_status                                  E1's exp1/exp2/exp3 CSVs are fixed byte-identical-header contracts with no status column (record-only per plan 19.3-07)
[FAIL] E3  gate3_provenance:e3_provenance.json           e3_provenance.json not found
[N/A ] E3  gate1_guard_count                             no guard count: E3 runs no calibration (N/A per this gate script's design, see plan 19.3-08)
[N/A ] E3  gate2_status                                  no per-cell status: E3 runs no calibration (N/A per this gate script's design, see plan 19.3-08)
[N/A ] E3  gate4_optimality                              no optimality: E3 runs no calibration (N/A per this gate script's design, see plan 19.3-08)
[FAIL] E4  gate1_guard_count                             no per-cell benchmark.json under /home/tlancaster/aquacal-frozen-rerun-freeze-02-prod/experiments/results/e4_cells
[FAIL] E4  gate3_provenance                              no per-cell benchmark.json under /home/tlancaster/aquacal-frozen-rerun-freeze-02-prod/experiments/results/e4_cells
[FAIL] E4  gate4_optimality                              no per-cell benchmark.json under /home/tlancaster/aquacal-frozen-rerun-freeze-02-prod/experiments/results/e4_cells
[FAIL] E4  gate1_guard_count:benchmark_grid.csv          benchmark_grid.csv not found
[FAIL] E4  gate2_status:benchmark_grid.csv               benchmark_grid.csv not found
[FAIL] E5  gate1_guard_count:e5_provenance.json          e5_provenance.json not found
[FAIL] E5  gate3_provenance:e5_provenance.json           e5_provenance.json not found
[N/A ] E5  gate4_optimality                              E5's committed artifacts record no per-stage optimality (record-only experiment; see plan 19.3-07)
[N/A ] E5  gate2_status                                  index_sensitivity.csv carries no status column (record-only per plan 19.3-07)
[FAIL] E6  gate1_guard_count                             no per-configuration checkpoint under /home/tlancaster/aquacal-frozen-rerun-freeze-02-prod/experiments/results/e6_configs
[FAIL] E6  gate3_provenance                              no per-configuration checkpoint under /home/tlancaster/aquacal-frozen-rerun-freeze-02-prod/experiments/results/e6_configs
[FAIL] E6  gate4_optimality                              no per-configuration checkpoint under /home/tlancaster/aquacal-frozen-rerun-freeze-02-prod/experiments/results/e6_configs
[FAIL] E6  gate1_guard_count:generalization_sweep.csv    generalization_sweep.csv not found
[FAIL] E6  gate2_status:generalization_sweep.csv         generalization_sweep.csv not found
[PASS] E7  gate1_guard_count:e7_benchmark_shared_fixed.json e7_benchmark_shared_fixed.json: count=0
[PASS] E7  gate3_provenance:e7_benchmark_shared_fixed.json e7_benchmark_shared_fixed.json: git_sha/seed/water-index present (timestamp = file mtime)
[PASS] E7  gate4_optimality:e7_benchmark_shared_fixed.json e7_benchmark_shared_fixed.json: optimality present per stage
[PASS] E7  gate1_guard_count:e7_benchmark_shared_refined.json e7_benchmark_shared_refined.json: count=0
[PASS] E7  gate3_provenance:e7_benchmark_shared_refined.json e7_benchmark_shared_refined.json: git_sha/seed/water-index present (timestamp = file mtime)
[PASS] E7  gate4_optimality:e7_benchmark_shared_refined.json e7_benchmark_shared_refined.json: optimality present per stage
[PASS] E7  gate1_guard_count:e7_benchmark_percamera_fixed.json e7_benchmark_percamera_fixed.json: count=0
[PASS] E7  gate3_provenance:e7_benchmark_percamera_fixed.json e7_benchmark_percamera_fixed.json: git_sha/seed/water-index present (timestamp = file mtime)
[PASS] E7  gate4_optimality:e7_benchmark_percamera_fixed.json e7_benchmark_percamera_fixed.json: optimality present per stage
[PASS] E7  gate1_guard_count:e7_benchmark_percamera_refined.json e7_benchmark_percamera_refined.json: count=0
[PASS] E7  gate3_provenance:e7_benchmark_percamera_refined.json e7_benchmark_percamera_refined.json: git_sha/seed/water-index present (timestamp = file mtime)
[PASS] E7  gate4_optimality:e7_benchmark_percamera_refined.json e7_benchmark_percamera_refined.json: optimality present per stage
[N/A ] E7  gate2_status                                  interface_ablation.csv carries no status column (record-only per plan 19.3-07)
[N/A ] E7  gate4_band:interface_ablation_band.csv        interface_ablation_band.csv not present (its stage has not run yet)
[N/A ] E1  gate4_band:exp1_band.csv                      exp1_band.csv not present (its stage has not run yet)
[N/A ] E1  gate4_band:exp1_parameter_band.csv            exp1_parameter_band.csv not present (its stage has not run yet)
[N/A ] E6  gate_e6_seed_band                             generalization_sweep_band.csv not present (its stage has not run yet)
[N/A ] E5  gate_e5_seed_band                             index_sensitivity_seed_band.csv not present (its stage has not run yet)
[N/A ] E4  gate_e4_repeat                                benchmark_grid_repeat.csv not present (its stage has not run yet)
[N/A ] E2  gate_e2_band                                  /home/tlancaster/aquacal-frozen-rerun-freeze-02-prod/experiments/results_e2_band not present (its stage has not run yet)
[PASS] ALL gate3_git_sha_consistency                     every artifact carries the same git_sha (7005a2771aa115e4f4c1284cec7e145739586a4a)
[PASS] ALL gate3_run_manifest_present                    run_manifest.json found and parsed
[PASS] ALL gate3_run_manifest_fields                     all 17 required environment fields are present and non-null
[PASS] ALL gate3_run_manifest_git_sha                    manifest git_sha matches every artifact (7005a2771aa115e4f4c1284cec7e145739586a4a)
[PASS] ALL gate3_run_manifest_clean_tree                 the working tree was clean when this run started
[PASS] e7  completeness:interface_ablation.csv           interface_ablation.csv: 48 data row(s) at /home/tlancaster/aquacal-frozen-rerun-freeze-02-prod/experiments/results/interface_ablation.csv, as expected.
[PASS] e7  completeness:interface_ablation_conditioning.json interface_ablation_conditioning.json: present at /home/tlancaster/aquacal-frozen-rerun-freeze-02-prod/experiments/results/interface_ablation_conditioning.json; no row count is pinned for it (conditioning sidecar, not a table.)
[PASS] e7  completeness:e7_benchmark_shared_fixed.json   e7_benchmark_shared_fixed.json: present at /home/tlancaster/aquacal-frozen-rerun-freeze-02-prod/experiments/results/e7_benchmark_shared_fixed.json; no row count is pinned for it (per-arm benchmark record, not a table.)
[PASS] e7  completeness:e7_benchmark_shared_refined.json e7_benchmark_shared_refined.json: present at /home/tlancaster/aquacal-frozen-rerun-freeze-02-prod/experiments/results/e7_benchmark_shared_refined.json; no row count is pinned for it (per-arm benchmark record, not a table.)
[PASS] e7  completeness:e7_benchmark_percamera_fixed.json e7_benchmark_percamera_fixed.json: present at /home/tlancaster/aquacal-frozen-rerun-freeze-02-prod/experiments/results/e7_benchmark_percamera_fixed.json; no row count is pinned for it (per-arm benchmark record, not a table.)
[PASS] e7  completeness:e7_benchmark_percamera_refined.json e7_benchmark_percamera_refined.json: present at /home/tlancaster/aquacal-frozen-rerun-freeze-02-prod/experiments/results/e7_benchmark_percamera_refined.json; no row count is pinned for it (per-arm benchmark record, not a table.)
[PASS] e7  completeness:e7_trace_shared_fixed.csv        e7_trace_shared_fixed.csv: present at /home/tlancaster/aquacal-frozen-rerun-freeze-02-prod/experiments/results/e7_trace_shared_fixed.csv; no row count is pinned for it (solver iteration trace; its length is the solver's iteration count, which no design arithmetic pins. Existence only.)
[PASS] e7  completeness:e7_trace_shared_refined.csv      e7_trace_shared_refined.csv: present at /home/tlancaster/aquacal-frozen-rerun-freeze-02-prod/experiments/results/e7_trace_shared_refined.csv; no row count is pinned for it (solver iteration trace; length is the solver's iteration count.)
[PASS] e7  completeness:e7_trace_percamera_fixed.csv     e7_trace_percamera_fixed.csv: present at /home/tlancaster/aquacal-frozen-rerun-freeze-02-prod/experiments/results/e7_trace_percamera_fixed.csv; no row count is pinned for it (solver iteration trace; length is the solver's iteration count.)
[PASS] e7  completeness:e7_trace_percamera_refined.csv   e7_trace_percamera_refined.csv: present at /home/tlancaster/aquacal-frozen-rerun-freeze-02-prod/experiments/results/e7_trace_percamera_refined.csv; no row count is pinned for it (solver iteration trace; length is the solver's iteration count.)
[PASS] e7  completeness:e7_degeneracy_breakdown.json     e7_degeneracy_breakdown.json: present at /home/tlancaster/aquacal-frozen-rerun-freeze-02-prod/experiments/results/e7_degeneracy_breakdown.json; no row count is pinned for it (Phase 24 sidecar keyed by arm name.)

TOTAL: 34 PASS, 14 N/A, 13 FAIL
----- END GATE VERDICT: stage=e7 exit=1 -----
